| AcomÃ³date que te lo estan analizando d:-)
Error: TYPE_ERROR
  - Sendo peo en la linea 3, columna 34: Tas en droga?. Tienes "decl0" de tipo 'tas_claro' y le quieres meter un tipo 'mango', marbaa' bruja.
  - Sendo peo en la linea 4, columna 37: Tas en droga?. Tienes "decl1" de tipo 'tas_claro' y le quieres meter un tipo 'manguita', marbaa' bruja.
  - Sendo peo en la linea 5, columna 45: Tas en droga?. Tienes "decl2" de tipo 'tas_claro' y le quieres meter un tipo 'manguangua', marbaa' bruja.
  - Sendo peo en la linea 6, columna 36: Tas en droga?. Tienes "decl3" de tipo 'tas_claro' y le quieres meter un tipo 'negro', marbaa' bruja.
  - Sendo peo en la linea 7, columna 39: Tas en droga?. Tienes "decl4" de tipo 'tas_claro' y le quieres meter un tipo 'higuerote', marbaa' bruja.
  - Sendo peo en la linea 8, columna 40: Tas en droga?. Tienes "decl5" de tipo 'tas_claro' y le quieres meter un tipo '', marbaa' bruja.
Error: ARRAY_LITERAL_SIZE_MISMATCH
  - Sendo peo en la linea 3, columna 34: Dale que te caben mÃ¡s! Te faltan cositas que meterte. SÃ³lo llevas '0' de '1'.
  - Sendo peo en la linea 4, columna 37: Dale que te caben mÃ¡s! Te faltan cositas que meterte. SÃ³lo llevas '0' de '1'.
  - Sendo peo en la linea 5, columna 45: Dale que te caben mÃ¡s! Te faltan cositas que meterte. SÃ³lo llevas '0' de '1'.
  - Sendo peo en la linea 6, columna 36: Dale que te caben mÃ¡s! Te faltan cositas que meterte. SÃ³lo llevas '0' de '1'.
  - Sendo peo en la linea 7, columna 39: Dale que te caben mÃ¡s! Te faltan cositas que meterte. SÃ³lo llevas '0' de '1'.
  - Sendo peo en la linea 8, columna 40: Dale que te caben mÃ¡s! Te faltan cositas que meterte. SÃ³lo llevas '0' de '2'.
  - Sendo peo en la linea 9, columna 35: Dale que te caben mÃ¡s! Te faltan cositas que meterte. SÃ³lo llevas '0' de '1'.
--> Print AST? (s/n): [1;36m[5m
               =======================================================
                                   AST Representation                 
               =======================================================
[0m
Programa
|--> Main
     |--> InstrucciÃ³n
          |--> InstrucciÃ³n
          |    |--> InstrucciÃ³n
          |    |    |--> InstrucciÃ³n
          |    |    |    |--> InstrucciÃ³n
          |    |    |    |    |--> InstrucciÃ³n
          |    |    |    |    |    |--> AsignaciÃ³n | Kind: =
          |    |    |    |    |    |    |--> decl0 | Category: DeclaraciÃ³n | Type: tas_claro | Kind: VARIABLE
          |    |    |    |    |    |    |    |--> Literal | Category: Array_Size | Type: mango | Value: 1
          |    |    |    |    |    |    |--> Literal | Category: Number | Type: mango | Value: 2
          |    |    |    |    |    |--> AsignaciÃ³n | Kind: =
          |    |    |    |    |         |--> decl1 | Category: DeclaraciÃ³n | Type: tas_claro | Kind: VARIABLE
          |    |    |    |    |         |    |--> Literal | Category: Array_Size | Type: mango | Value: 1
          |    |    |    |    |         |--> Literal | Category: Number | Type: manguita | Value: 1.790000
          |    |    |    |    |--> AsignaciÃ³n | Kind: =
          |    |    |    |         |--> decl2 | Category: DeclaraciÃ³n | Type: tas_claro | Kind: VARIABLE
          |    |    |    |         |    |--> Literal | Category: Array_Size | Type: mango | Value: 1
          |    |    |    |         |--> Literal | Category: Number | Type: manguangua | Value: 1.7976900000e+308
          |    |    |    |--> AsignaciÃ³n | Kind: =
          |    |    |         |--> decl3 | Category: DeclaraciÃ³n | Type: tas_claro | Kind: VARIABLE
          |    |    |         |    |--> Literal | Category: Array_Size | Type: mango | Value: 1
          |    |    |         |--> Literal | Category: Char | Type: negro | Value: c
          |    |    |--> AsignaciÃ³n | Kind: =
          |    |         |--> decl4 | Category: DeclaraciÃ³n | Type: tas_claro | Kind: VARIABLE
          |    |         |    |--> Literal | Category: Array_Size | Type: mango | Value: 1
          |    |         |--> Literal | Category: String | Type: higuerote | Value: hola
          |    |--> AsignaciÃ³n | Kind: =
          |         |--> decl5 | Category: DeclaraciÃ³n | Type: tas_claro | Kind: VARIABLE
          |         |    |--> Literal | Category: Array_Size | Type: mango | Value: 2
          |         |--> Secuencia | Category: ExpresiÃ³n | Kind: ,
          |              |--> Literal | Category: Bool | Type: tas_claro | Kind: Sisa | Value: 1
          |              |--> Literal | Category: Number | Type: mango | Value: 2
          |--> AsignaciÃ³n | Kind: =
               |--> decl6 | Category: DeclaraciÃ³n | Type: tas_claro | Kind: VARIABLE
               |    |--> Literal | Category: Array_Size | Type: mango | Value: 1
               |--> Literal | Category: Bool | Type: tas_claro | Kind: Sisa | Value: 1
[1;31m[5m
               =======================================================
                       ---->        Error Program        <----        
               =======================================================
[0m
| Hay un poquito de cÃ³digo en tu marihuana d:-]
