| AcomÃ³date que te lo estan analizando d:-)
--> Print Symbol Table? (s/n): [1;36m[5m
               =======================================================
                             Symbol Table Representation              
               =======================================================
[0m
[1;35m[5m    Clave: 1: decl2[0m
    |---> SÃ­mbolo: decl2, CategorÃ­a: (6)ID, DeclaraciÃ³n: (0)VARIABLE, Scope: 2, Type: negro, Value: 'c'

[1;35m[5m    Clave: 2: mango[0m
    |---> SÃ­mbolo: mango, CategorÃ­a: (0)TYPE, DeclaraciÃ³n: (1)CONSTANT, Scope: 0

[1;35m[5m    Clave: 3: manguita[0m
    |---> SÃ­mbolo: manguita, CategorÃ­a: (0)TYPE, DeclaraciÃ³n: (1)CONSTANT, Scope: 0

[1;35m[5m    Clave: 4: decl3[0m
    |---> SÃ­mbolo: decl3, CategorÃ­a: (6)ID, DeclaraciÃ³n: (0)VARIABLE, Scope: 2, Type: negro, Value: '$'

[1;35m[5m    Clave: 5: negro[0m
    |---> SÃ­mbolo: negro, CategorÃ­a: (0)TYPE, DeclaraciÃ³n: (1)CONSTANT, Scope: 0

[1;35m[5m    Clave: 6: tas_claro[0m
    |---> SÃ­mbolo: tas_claro, CategorÃ­a: (0)TYPE, DeclaraciÃ³n: (1)CONSTANT, Scope: 0

[1;35m[5m    Clave: 7: un_coÃ±o[0m
    |---> SÃ­mbolo: un_coÃ±o, CategorÃ­a: (0)TYPE, DeclaraciÃ³n: (1)CONSTANT, Scope: 0

[1;35m[5m    Clave: 8: caramba_Ã±ero[0m
    |---> SÃ­mbolo: caramba_Ã±ero, CategorÃ­a: (0)TYPE, DeclaraciÃ³n: (1)CONSTANT, Scope: 0

[1;35m[5m    Clave: 9: se_prende[0m
    |---> SÃ­mbolo: se_prende, CategorÃ­a: (1)FUNCTION, DeclaraciÃ³n: (1)CONSTANT, Scope: 0

[1;35m[5m    Clave: 10: higuerote[0m
    |---> SÃ­mbolo: higuerote, CategorÃ­a: (0)TYPE, DeclaraciÃ³n: (1)CONSTANT, Scope: 0

[1;35m[5m    Clave: 11: rescata[0m
    |---> SÃ­mbolo: rescata, CategorÃ­a: (1)FUNCTION, DeclaraciÃ³n: (1)CONSTANT, Scope: 0

[1;35m[5m    Clave: 12: manguangua[0m
    |---> SÃ­mbolo: manguangua, CategorÃ­a: (0)TYPE, DeclaraciÃ³n: (1)CONSTANT, Scope: 0

[1;35m[5m    Clave: 13: decl0[0m
    |---> SÃ­mbolo: decl0, CategorÃ­a: (6)ID, DeclaraciÃ³n: (0)VARIABLE, Scope: 1, Type: negro, Value: 'c'

[1;35m[5m    Clave: 14: hablame[0m
    |---> SÃ­mbolo: hablame, CategorÃ­a: (1)FUNCTION, DeclaraciÃ³n: (1)CONSTANT, Scope: 0

[1;35m[5m    Clave: 15: decl1[0m
    |---> SÃ­mbolo: decl1, CategorÃ­a: (6)ID, DeclaraciÃ³n: (1)CONSTANT, Scope: 2, Type: negro, Value: '$'

--> Print AST? (s/n): [1;36m[5m
               =======================================================
                                   AST Representation                 
               =======================================================
[0m
Programa
|--> Global
|    |--> AsignaciÃ³n | Kind: =
|         |--> decl0 | Category: DeclaraciÃ³n | Type: negro | Kind: VARIABLE
|         |--> Literal | Category: Caracter | Type: negro | Value: 'c'
|--> Main
     |--> InstrucciÃ³n | Kind: ;
          |--> InstrucciÃ³n | Kind: ;
          |    |--> InstrucciÃ³n | Kind: ;
          |    |    |--> AsignaciÃ³n | Kind: =
          |    |    |    |--> decl1 | Category: DeclaraciÃ³n | Type: negro | Kind: CONSTANTE
          |    |    |    |--> Literal | Category: Caracter | Type: negro | Value: '$'
          |    |    |--> AsignaciÃ³n | Kind: =
          |    |         |--> decl2 | Category: DeclaraciÃ³n | Type: negro | Kind: VARIABLE
          |    |         |--> decl0 | Category: Identificador | Type: negro | Value: 'c'
          |    |--> decl3 | Category: DeclaraciÃ³n | Type: negro | Kind: VARIABLE
          |--> AsignaciÃ³n | Type: negro | Kind: = | Value: '$'
               |--> decl3 | Category: Identificador | Type: negro | Value: ''
               |--> decl1 | Category: Identificador | Type: negro | Value: '$'
--> Print TAC? (s/n): --> Print Control Flow Graphs? (s/n): --> Generate Assemble Code? (s/n): [1;32m[5m
               =======================================================
                       ---->       Correct Program       <----        
               =======================================================
[0m
| Hay un poquito de cÃ³digo en tu marihuana d:-]
