| AcomÃ³date que te lo estan analizando d:-)
Error: INVALID_OPERATION
  - Sendo peo en la linea 3, columna 32: Estas operando "/" entre 'manguita' y 'mango', que vaina es loca?
  - Sendo peo en la linea 4, columna 40: Estas operando "/" entre 'manguita' y 'manguangua', que vaina es loca?
  - Sendo peo en la linea 5, columna 34: Estas operando "/" entre 'manguita' y 'negro', que vaina es loca?
  - Sendo peo en la linea 6, columna 37: Estas operando "/" entre 'manguita' y 'higuerote', que vaina es loca?
  - Sendo peo en la linea 7, columna 35: Estas operando "/" entre 'manguita' y 'tas_claro', que vaina es loca?
  - Sendo peo en la linea 8, columna 33: Estas operando "/" entre 'manguita' y 'mango', que vaina es loca?
  - Sendo peo en la linea 8, columna 43: Estas operando "/" entre 'manguita' y 'manguangua', que vaina es loca?
[1;31m[5m
               =======================================================
                       ---->        Error Program        <----        
               =======================================================
[0m
| Hay un poquito de cÃ³digo en tu marihuana d:-]
