| AcomÃ³date que te lo estan analizando d:-)
Error: TYPE_ERROR
  - Sendo peo en la linea 9, columna 45: Tas en droga?. Tienes "n0" de tipo 'tas_claro' y le quieres meter un tipo 'un_coÃ±o', marbaa' bruja.
Error: INVALID_OPERATION
  - Sendo peo en la linea 9, columna 45: CÃ³mo comparo 'un_coÃ±o' con otra vaina mÃ¡s? Definitivamente la droga pega.
[1;31m[5m
               =======================================================
                       ---->        Error Program        <----        
               =======================================================
[0m
| Hay un poquito de cÃ³digo en tu marihuana d:-]
