| AcomÃ³date que te lo estan analizando d:-)
Error: INVALID_OPERATION
  - Sendo peo en la linea 3, columna 37: Estas operando "mayol" entre 'mango' y 'negro', que vaina es loca?
  - Sendo peo en la linea 4, columna 40: Estas operando "mayol" entre 'mango' y 'higuerote', que vaina es loca?
  - Sendo peo en la linea 5, columna 38: Estas operando "mayol" entre 'mango' y 'tas_claro', que vaina es loca?
  - Sendo peo en la linea 7, columna 40: Estas operando "mayol" entre 'manguita' y 'negro', que vaina es loca?
  - Sendo peo en la linea 8, columna 43: Estas operando "mayol" entre 'manguita' y 'higuerote', que vaina es loca?
  - Sendo peo en la linea 9, columna 41: Estas operando "mayol" entre 'manguita' y 'tas_claro', que vaina es loca?
  - Sendo peo en la linea 11, columna 45: Estas operando "mayol" entre 'manguangua' y 'negro', que vaina es loca?
  - Sendo peo en la linea 12, columna 48: Estas operando "mayol" entre 'manguangua' y 'higuerote', que vaina es loca?
  - Sendo peo en la linea 13, columna 46: Estas operando "mayol" entre 'manguangua' y 'tas_claro', que vaina es loca?
  - Sendo peo en la linea 15, columna 43: Estas operando "mayol" entre 'negro' y 'higuerote', que vaina es loca?
  - Sendo peo en la linea 16, columna 41: Estas operando "mayol" entre 'negro' y 'tas_claro', que vaina es loca?
  - Sendo peo en la linea 18, columna 44: Estas operando "mayol" entre 'higuerote' y 'tas_claro', que vaina es loca?
  - Sendo peo en la linea 20, columna 42: Estas operando "mayol" entre 'tas_claro' y 'tas_claro', que vaina es loca?
  - Sendo peo en la linea 21, columna 43: Estas operando "mayol" entre 'tas_claro' y 'tas_claro', que vaina es loca?
[1;31m[5m
               =======================================================
                       ---->        Error Program        <----        
               =======================================================
[0m
| Hay un poquito de cÃ³digo en tu marihuana d:-]
