| AcomÃ³date que te lo estan analizando d:-)
--> Print table? (s/n): [1;36m[5m
               =======================================================
                             Symbol Table Representation              
               =======================================================
[0m
[1;35m[5m    Clave: 1: p3[0m
    |---> SÃ­mbolo: p3, CategorÃ­a: (3)PARAMETERS, Scope: 3, Type: mango

[1;35m[5m    Clave: 2: fun1[0m
    |---> SÃ­mbolo: fun1, CategorÃ­a: (2)FUNCTION, Scope: 2, Type: un_coÃ±o, Informacion: PARAM(p1) PARAM(p2) PARAM(p3) 

[1;35m[5m    Clave: 3: p[0m
    |---> SÃ­mbolo: p, CategorÃ­a: (1)VARIABLE, Scope: 2, Type: mango, Value: 23

[1;35m[5m    Clave: 4: p1[0m
    |---> SÃ­mbolo: p1, CategorÃ­a: (3)PARAMETERS, Scope: 3, Type: mango, Value: 2

[1;35m[5m    Clave: 5: mango[0m
    |---> SÃ­mbolo: mango, CategorÃ­a: (7)TYPE, Scope: 0

[1;35m[5m    Clave: 6: manguita[0m
    |---> SÃ­mbolo: manguita, CategorÃ­a: (7)TYPE, Scope: 0

[1;35m[5m    Clave: 7: manguangua[0m
    |---> SÃ­mbolo: manguangua, CategorÃ­a: (7)TYPE, Scope: 0

[1;35m[5m    Clave: 8: negro[0m
    |---> SÃ­mbolo: negro, CategorÃ­a: (7)TYPE, Scope: 0

[1;35m[5m    Clave: 9: tas_claro[0m
    |---> SÃ­mbolo: tas_claro, CategorÃ­a: (7)TYPE, Scope: 0

[1;35m[5m    Clave: 10: hablame[0m
    |---> SÃ­mbolo: hablame, CategorÃ­a: (2)FUNCTION, Scope: 0

[1;35m[5m    Clave: 11: un_coÃ±o[0m
    |---> SÃ­mbolo: un_coÃ±o, CategorÃ­a: (7)TYPE, Scope: 0

[1;35m[5m    Clave: 12: array$[0m
    |---> SÃ­mbolo: array$, CategorÃ­a: (7)TYPE, Scope: 0

[1;35m[5m    Clave: 13: p2[0m
    |---> SÃ­mbolo: p2, CategorÃ­a: (3)PARAMETERS, Scope: 3, Type: manguita, Value: 3

[1;35m[5m    Clave: 14: funcion$[0m
    |---> SÃ­mbolo: funcion$, CategorÃ­a: (7)TYPE, Scope: 0

[1;35m[5m    Clave: 15: error$[0m
    |---> SÃ­mbolo: error$, CategorÃ­a: (7)TYPE, Scope: 0

[1;35m[5m    Clave: 16: higuerote[0m
    |---> SÃ­mbolo: higuerote, CategorÃ­a: (7)TYPE, Scope: 0

[1;35m[5m    Clave: 17: rescata[0m
    |---> SÃ­mbolo: rescata, CategorÃ­a: (2)FUNCTION, Scope: 0

[1;35m[5m    Clave: 18: se_prende[0m
    |---> SÃ­mbolo: se_prende, CategorÃ­a: (2)FUNCTION, Scope: 0

--> Print AST? (s/n): [1;36m[5m
               =======================================================
                                   AST Representation                 
               =======================================================
[0m
Programa
|--> Main
     |--> InstrucciÃ³n | Kind: ;
          |--> InstrucciÃ³n | Kind: ;
          |    |--> InstrucciÃ³n | Kind: ;
          |    |    |--> AsignaciÃ³n | Kind: =
          |    |    |    |--> p | Category: DeclaraciÃ³n | Type: mango | Kind: VARIABLE
          |    |    |    |--> Literal | Category: NumÃ©rico | Type: mango | Value: 23
          |    |    |--> fun1 | Category: DeclaraciÃ³n | Type: un_coÃ±o | Kind: FunciÃ³n
          |    |         |--> Secuencia | Category: DeclaraciÃ³n | Kind: ,
          |    |         |    |--> Secuencia | Category: DeclaraciÃ³n | Kind: ,
          |    |         |    |    |--> p1 | Category: ParÃ¡metro | Type: mango
          |    |         |    |    |--> p2 | Category: ParÃ¡metro | Type: manguita
          |    |         |    |--> p3 | Category: ParÃ¡metro | Type: mango
          |    |         |--> InstrucciÃ³n | Kind: ;
          |    |              |--> AsignaciÃ³n | Kind: =
          |    |              |    |--> p1 | Category: Identificador | Type: mango
          |    |              |    |--> Literal | Category: NumÃ©rico | Type: mango | Value: 2
          |    |              |--> AsignaciÃ³n | Kind: =
          |    |                   |--> p2 | Category: Identificador | Type: manguita
          |    |                   |--> Literal | Category: NumÃ©rico | Type: manguita | Value: 3.000000
          |    |--> fun1 | Category: Llamada_Funcion | Type: un_coÃ±o | Value: 0
          |         |--> Secuencia | Category: ExpresiÃ³n | Kind: ,
          |              |--> Secuencia | Category: ExpresiÃ³n | Kind: ,
          |              |    |--> p | Category: Identificador | Type: mango | Value: 23
          |              |    |--> Literal | Category: NumÃ©rico | Type: manguita | Value: 2.000000
          |              |--> Literal | Category: NumÃ©rico | Type: mango | Value: 3
          |--> fun1 | Category: Llamada_Funcion | Type: un_coÃ±o | Value: 0
               |--> Secuencia | Category: ExpresiÃ³n | Kind: ,
                    |--> Secuencia | Category: ExpresiÃ³n | Kind: ,
                    |    |--> p | Category: Identificador | Type: mango | Value: 23
                    |    |--> Literal | Category: NumÃ©rico | Type: manguita | Value: 2.000000
                    |--> p | Category: Identificador | Type: mango | Value: 23
[1;32m[5m
               =======================================================
                       ---->       Correct Program       <----        
               =======================================================
[0m
| Hay un poquito de cÃ³digo en tu marihuana d:-]
