| AcomÃ³date que te lo estan analizando d:-)
--> Print table? (s/n): [1;36m[5m
               =======================================================
                             Symbol Table Representation              
               =======================================================
[0m
    Clave: 1: decl2
       SÃ­mbolo: decl2, CategorÃ­a: 1, Scope: 2, Type: mango, Informacion: - , Value: 2147483647

    Clave: 2: mango
       SÃ­mbolo: mango, CategorÃ­a: 7, Scope: 0, Type: , Informacion: , Value: null

    Clave: 3: manguita
       SÃ­mbolo: manguita, CategorÃ­a: 7, Scope: 0, Type: , Informacion: , Value: null

    Clave: 4: decl0
       SÃ­mbolo: decl0, CategorÃ­a: 1, Scope: 1, Type: mango, Informacion: - , Value: 2147483647

    Clave: 5: manguangua
       SÃ­mbolo: manguangua, CategorÃ­a: 7, Scope: 0, Type: , Informacion: , Value: null

    Clave: 6: decl3
       SÃ­mbolo: decl3, CategorÃ­a: 1, Scope: 2, Type: mango, Informacion: , Value: -2147483647

    Clave: 7: negro
       SÃ­mbolo: negro, CategorÃ­a: 7, Scope: 0, Type: , Informacion: , Value: null

    Clave: 8: tas_claro
       SÃ­mbolo: tas_claro, CategorÃ­a: 7, Scope: 0, Type: , Informacion: , Value: null

    Clave: 9: decl1
       SÃ­mbolo: decl1, CategorÃ­a: 0, Scope: 2, Type: mango, Informacion: - , Value: -2147483647

    Clave: 10: hablame
       SÃ­mbolo: hablame, CategorÃ­a: 2, Scope: 0, Type: , Informacion: , Value: null

    Clave: 11: un_coÃ±o
       SÃ­mbolo: un_coÃ±o, CategorÃ­a: 7, Scope: 0, Type: , Informacion: , Value: null

    Clave: 12: array$
       SÃ­mbolo: array$, CategorÃ­a: 7, Scope: 0, Type: , Informacion: , Value: null

    Clave: 13: funcion$
       SÃ­mbolo: funcion$, CategorÃ­a: 7, Scope: 0, Type: , Informacion: , Value: null

    Clave: 14: error$
       SÃ­mbolo: error$, CategorÃ­a: 7, Scope: 0, Type: , Informacion: , Value: null

    Clave: 15: higuerote
       SÃ­mbolo: higuerote, CategorÃ­a: 7, Scope: 0, Type: , Informacion: , Value: null

    Clave: 16: rescata
       SÃ­mbolo: rescata, CategorÃ­a: 2, Scope: 0, Type: , Informacion: , Value: null

    Clave: 17: se_prende
       SÃ­mbolo: se_prende, CategorÃ­a: 2, Scope: 0, Type: , Informacion: , Value: null

--> Print AST? (s/n): [1;36m[5m
               =======================================================
                                   AST Representation                 
               =======================================================
[0m
Programa
|--> Global
|    |--> AsignaciÃ³n | Kind: =
|         |--> decl0 | Category: DeclaraciÃ³n | Type: mango | Kind: VARIABLE
|         |--> Literal | Category: Number | Type: mango | Value: 2147483647
|--> Main
     |--> InstrucciÃ³n
          |--> InstrucciÃ³n
          |    |--> InstrucciÃ³n
          |    |    |--> AsignaciÃ³n | Kind: =
          |    |    |    |--> decl1 | Category: DeclaraciÃ³n | Type: mango | Kind: CONSTANTE
          |    |    |    |--> Literal | Category: Number | Type: mango | Value: -2147483647
          |    |    |--> AsignaciÃ³n | Kind: =
          |    |         |--> decl2 | Category: DeclaraciÃ³n | Type: mango | Kind: VARIABLE
          |    |         |--> decl0 | Category: Identificador | Type: mango | Value: 2147483647
          |    |--> decl3 | Category: DeclaraciÃ³n | Type: mango | Kind: VARIABLE
          |--> AsignaciÃ³n | Kind: =
               |--> decl3 | Category: Identificador | Type: mango
               |--> decl1 | Category: Identificador | Type: mango | Value: -2147483647
[1;32m[5m
               =======================================================
                       ---->       Correct Program       <----        
               =======================================================
[0m
| Hay un poquito de cÃ³digo en tu marihuana d:-]
