| AcomÃ³date que te lo estan analizando d:-)
--> Print table? (s/n): [1;36m[5m
               =======================================================
                             Symbol Table Representation              
               =======================================================
[0m
    Clave: 1: decl2
       SÃ­mbolo: decl2, CategorÃ­a: (1)VARIABLE, Scope: 2, Type: negro, Informacion: - , Value: c

    Clave: 2: mango
       SÃ­mbolo: mango, CategorÃ­a: (7)TYPE, Scope: 0

    Clave: 3: manguita
       SÃ­mbolo: manguita, CategorÃ­a: (7)TYPE, Scope: 0

    Clave: 4: decl0
       SÃ­mbolo: decl0, CategorÃ­a: (1)VARIABLE, Scope: 1, Type: negro, Informacion: - , Value: c

    Clave: 5: manguangua
       SÃ­mbolo: manguangua, CategorÃ­a: (7)TYPE, Scope: 0

    Clave: 6: decl3
       SÃ­mbolo: decl3, CategorÃ­a: (1)VARIABLE, Scope: 2, Type: negro, Value: $

    Clave: 7: negro
       SÃ­mbolo: negro, CategorÃ­a: (7)TYPE, Scope: 0

    Clave: 8: tas_claro
       SÃ­mbolo: tas_claro, CategorÃ­a: (7)TYPE, Scope: 0

    Clave: 9: decl1
       SÃ­mbolo: decl1, CategorÃ­a: (0)CONSTANT, Scope: 2, Type: negro, Informacion: - , Value: $

    Clave: 10: hablame
       SÃ­mbolo: hablame, CategorÃ­a: (2)FUNCTION, Scope: 0

    Clave: 11: un_coÃ±o
       SÃ­mbolo: un_coÃ±o, CategorÃ­a: (7)TYPE, Scope: 0

    Clave: 12: array$
       SÃ­mbolo: array$, CategorÃ­a: (7)TYPE, Scope: 0

    Clave: 13: funcion$
       SÃ­mbolo: funcion$, CategorÃ­a: (7)TYPE, Scope: 0

    Clave: 14: error$
       SÃ­mbolo: error$, CategorÃ­a: (7)TYPE, Scope: 0

    Clave: 15: higuerote
       SÃ­mbolo: higuerote, CategorÃ­a: (7)TYPE, Scope: 0

    Clave: 16: rescata
       SÃ­mbolo: rescata, CategorÃ­a: (2)FUNCTION, Scope: 0

    Clave: 17: se_prende
       SÃ­mbolo: se_prende, CategorÃ­a: (2)FUNCTION, Scope: 0

--> Print AST? (s/n): [1;36m[5m
               =======================================================
                                   AST Representation                 
               =======================================================
[0m
Programa
|--> Global
|    |--> AsignaciÃ³n | Kind: =
|         |--> decl0 | Category: DeclaraciÃ³n | Type: negro | Kind: VARIABLE
|         |--> Literal | Category: Caracter | Type: negro | Value: c
|--> Main
     |--> InstrucciÃ³n | Kind: ;
          |--> InstrucciÃ³n | Kind: ;
          |    |--> InstrucciÃ³n | Kind: ;
          |    |    |--> AsignaciÃ³n | Kind: =
          |    |    |    |--> decl1 | Category: DeclaraciÃ³n | Type: negro | Kind: CONSTANTE
          |    |    |    |--> Literal | Category: Caracter | Type: negro | Value: $
          |    |    |--> AsignaciÃ³n | Kind: =
          |    |         |--> decl2 | Category: DeclaraciÃ³n | Type: negro | Kind: VARIABLE
          |    |         |--> decl0 | Category: Identificador | Type: negro | Value: c
          |    |--> decl3 | Category: DeclaraciÃ³n | Type: negro | Kind: VARIABLE
          |--> AsignaciÃ³n | Kind: =
               |--> decl3 | Category: Identificador | Type: negro
               |--> decl1 | Category: Identificador | Type: negro | Value: $
[1;32m[5m
               =======================================================
                       ---->       Correct Program       <----        
               =======================================================
[0m
| Hay un poquito de cÃ³digo en tu marihuana d:-]
