| AcomÃ³date que te lo estan analizando d:-)
--> Print table? (s/n): [1;36m[5m
               =======================================================
                             Symbol Table Representation              
               =======================================================
[0m
    Clave: 1: decl2[1]
       SÃ­mbolo: decl2[1], CategorÃ­a: (12)ARRAY_ELEMENT, Scope: 2, Type: negro, Value: $

    Clave: 2: decl1[4]
       SÃ­mbolo: decl1[4], CategorÃ­a: (12)ARRAY_ELEMENT, Scope: 2, Type: negro, Value: u

    Clave: 3: decl1[3]
       SÃ­mbolo: decl1[3], CategorÃ­a: (12)ARRAY_ELEMENT, Scope: 2, Type: negro, Value: o

    Clave: 4: decl2[0]
       SÃ­mbolo: decl2[0], CategorÃ­a: (12)ARRAY_ELEMENT, Scope: 2, Type: negro, Value: c

    Clave: 5: decl1[2]
       SÃ­mbolo: decl1[2], CategorÃ­a: (12)ARRAY_ELEMENT, Scope: 2, Type: negro, Value: i

    Clave: 6: decl1[1]
       SÃ­mbolo: decl1[1], CategorÃ­a: (12)ARRAY_ELEMENT, Scope: 2, Type: negro, Value: e

    Clave: 7: decl1[0]
       SÃ­mbolo: decl1[0], CategorÃ­a: (12)ARRAY_ELEMENT, Scope: 2, Type: negro, Value: a

    Clave: 8: decl0[1]
       SÃ­mbolo: decl0[1], CategorÃ­a: (12)ARRAY_ELEMENT, Scope: 2, Type: negro, Value: c

    Clave: 9: decl0[0]
       SÃ­mbolo: decl0[0], CategorÃ­a: (12)ARRAY_ELEMENT, Scope: 2, Type: negro, Value: ?

    Clave: 10: decl0[2]
       SÃ­mbolo: decl0[2], CategorÃ­a: (12)ARRAY_ELEMENT, Scope: 2, Type: negro, Value: a

    Clave: 11: n1
       SÃ­mbolo: n1, CategorÃ­a: (1)VARIABLE, Scope: 2, Type: negro, Informacion: - , Value: $

    Clave: 12: n0
       SÃ­mbolo: n0, CategorÃ­a: (0)CONSTANT, Scope: 2, Type: negro, Informacion: - , Value: c

    Clave: 13: decl2
       SÃ­mbolo: decl2, CategorÃ­a: (11)ARRAY, Scope: 2, Type: negro, Informacion: decl2[0] decl2[1] , Value: 2

    Clave: 14: mango
       SÃ­mbolo: mango, CategorÃ­a: (7)TYPE, Scope: 0

    Clave: 15: manguita
       SÃ­mbolo: manguita, CategorÃ­a: (7)TYPE, Scope: 0

    Clave: 16: decl0
       SÃ­mbolo: decl0, CategorÃ­a: (11)ARRAY, Scope: 2, Type: negro, Informacion: decl0[0] decl0[1] decl0[2] , Value: 3

    Clave: 17: manguangua
       SÃ­mbolo: manguangua, CategorÃ­a: (7)TYPE, Scope: 0

    Clave: 18: negro
       SÃ­mbolo: negro, CategorÃ­a: (7)TYPE, Scope: 0

    Clave: 19: tas_claro
       SÃ­mbolo: tas_claro, CategorÃ­a: (7)TYPE, Scope: 0

    Clave: 20: decl1
       SÃ­mbolo: decl1, CategorÃ­a: (11)ARRAY, Scope: 2, Type: negro, Informacion: decl1[0] decl1[1] decl1[2] decl1[3] decl1[4] , Value: 5

    Clave: 21: hablame
       SÃ­mbolo: hablame, CategorÃ­a: (2)FUNCTION, Scope: 0

    Clave: 22: un_coÃ±o
       SÃ­mbolo: un_coÃ±o, CategorÃ­a: (7)TYPE, Scope: 0

    Clave: 23: array$
       SÃ­mbolo: array$, CategorÃ­a: (7)TYPE, Scope: 0

    Clave: 24: funcion$
       SÃ­mbolo: funcion$, CategorÃ­a: (7)TYPE, Scope: 0

    Clave: 25: error$
       SÃ­mbolo: error$, CategorÃ­a: (7)TYPE, Scope: 0

    Clave: 26: higuerote
       SÃ­mbolo: higuerote, CategorÃ­a: (7)TYPE, Scope: 0

    Clave: 27: rescata
       SÃ­mbolo: rescata, CategorÃ­a: (2)FUNCTION, Scope: 0

    Clave: 28: se_prende
       SÃ­mbolo: se_prende, CategorÃ­a: (2)FUNCTION, Scope: 0

--> Print AST? (s/n): [1;36m[5m
               =======================================================
                                   AST Representation                 
               =======================================================
[0m
Programa
|--> Main
     |--> InstrucciÃ³n | Kind: ;
          |--> InstrucciÃ³n | Kind: ;
          |    |--> InstrucciÃ³n | Kind: ;
          |    |    |--> InstrucciÃ³n | Kind: ;
          |    |    |    |--> InstrucciÃ³n | Kind: ;
          |    |    |    |    |--> InstrucciÃ³n | Kind: ;
          |    |    |    |    |    |--> InstrucciÃ³n | Kind: ;
          |    |    |    |    |    |    |--> AsignaciÃ³n | Kind: =
          |    |    |    |    |    |    |    |--> n0 | Category: DeclaraciÃ³n | Type: negro | Kind: CONSTANTE
          |    |    |    |    |    |    |    |--> Literal | Category: Char | Type: negro | Value: c
          |    |    |    |    |    |    |--> AsignaciÃ³n | Kind: =
          |    |    |    |    |    |         |--> n1 | Category: DeclaraciÃ³n | Type: negro | Kind: VARIABLE
          |    |    |    |    |    |         |--> Literal | Category: Char | Type: negro | Value: $
          |    |    |    |    |    |--> decl0 | Category: DeclaraciÃ³n | Type: negro | Kind: VARIABLE
          |    |    |    |    |         |--> Literal | Category: Array_Size | Type: mango | Value: 3
          |    |    |    |    |--> AsignaciÃ³n | Kind: =
          |    |    |    |         |--> decl1 | Category: DeclaraciÃ³n | Type: negro | Kind: CONSTANTE
          |    |    |    |         |    |--> Literal | Category: Array_Size | Type: mango | Value: 5
          |    |    |    |         |--> Secuencia | Category: ExpresiÃ³n | Kind: ,
          |    |    |    |              |--> Secuencia | Category: ExpresiÃ³n | Kind: ,
          |    |    |    |              |    |--> Secuencia | Category: ExpresiÃ³n | Kind: ,
          |    |    |    |              |    |    |--> Secuencia | Category: ExpresiÃ³n | Kind: ,
          |    |    |    |              |    |    |    |--> Literal | Category: Char | Type: negro | Value: a
          |    |    |    |              |    |    |    |--> Literal | Category: Char | Type: negro | Value: e
          |    |    |    |              |    |    |--> Literal | Category: Char | Type: negro | Value: i
          |    |    |    |              |    |--> Literal | Category: Char | Type: negro | Value: o
          |    |    |    |              |--> Literal | Category: Char | Type: negro | Value: u
          |    |    |    |--> AsignaciÃ³n | Kind: =
          |    |    |         |--> decl2 | Category: DeclaraciÃ³n | Type: negro | Kind: CONSTANTE
          |    |    |         |    |--> Literal | Category: Array_Size | Type: mango | Value: 2
          |    |    |         |--> Secuencia | Category: ExpresiÃ³n | Kind: ,
          |    |    |              |--> n0 | Category: Identificador | Type: negro | Value: c
          |    |    |              |--> n1 | Category: Identificador | Type: negro | Value: $
          |    |    |--> AsignaciÃ³n | Kind: =
          |    |         |--> decl0 | Category: Identificador | Type: negro
          |    |         |--> Literal | Category: Char | Type: negro | Value: ?
          |    |--> AsignaciÃ³n | Kind: =
          |         |--> decl0 | Category: Identificador | Type: negro
          |         |--> n0 | Category: Identificador | Type: negro | Value: c
          |--> AsignaciÃ³n | Kind: =
               |--> decl0 | Category: Identificador | Type: negro
               |--> decl1 | Category: Elemento_Array | Type: negro | Value: a
[1;32m[5m
               =======================================================
                       ---->       Correct Program       <----        
               =======================================================
[0m
| Hay un poquito de cÃ³digo en tu marihuana d:-]
