| AcomÃ³date que te lo estan analizando d:-)
--> Print table? (s/n): [1;36m[5m
               =======================================================
                             Symbol Table Representation              
               =======================================================
[0m
    Clave: 1: decl1[2]
       SÃ­mbolo: decl1[2], CategorÃ­a: 12, Scope: 2, Type: higuerote, Informacion: , Value: !

    Clave: 2: decl1[1]
       SÃ­mbolo: decl1[1], CategorÃ­a: 12, Scope: 2, Type: higuerote, Informacion: , Value: mundo

    Clave: 3: decl1[0]
       SÃ­mbolo: decl1[0], CategorÃ­a: 12, Scope: 2, Type: higuerote, Informacion: , Value: hola

    Clave: 4: decl0[1]
       SÃ­mbolo: decl0[1], CategorÃ­a: 12, Scope: 2, Type: higuerote, Informacion: , Value: null

    Clave: 5: decl0[0]
       SÃ­mbolo: decl0[0], CategorÃ­a: 12, Scope: 2, Type: higuerote, Informacion: , Value: null

    Clave: 6: mango
       SÃ­mbolo: mango, CategorÃ­a: 7, Scope: 0, Type: , Informacion: , Value: null

    Clave: 7: manguita
       SÃ­mbolo: manguita, CategorÃ­a: 7, Scope: 0, Type: , Informacion: , Value: null

    Clave: 8: decl0
       SÃ­mbolo: decl0, CategorÃ­a: 11, Scope: 2, Type: higuerote, Informacion: decl0[0] decl0[1] , Value: 2

    Clave: 9: manguangua
       SÃ­mbolo: manguangua, CategorÃ­a: 7, Scope: 0, Type: , Informacion: , Value: null

    Clave: 10: negro
       SÃ­mbolo: negro, CategorÃ­a: 7, Scope: 0, Type: , Informacion: , Value: null

    Clave: 11: tas_claro
       SÃ­mbolo: tas_claro, CategorÃ­a: 7, Scope: 0, Type: , Informacion: , Value: null

    Clave: 12: decl1
       SÃ­mbolo: decl1, CategorÃ­a: 11, Scope: 2, Type: higuerote, Informacion: decl1[0] decl1[1] decl1[2] , Value: 3

    Clave: 13: hablame
       SÃ­mbolo: hablame, CategorÃ­a: 2, Scope: 0, Type: , Informacion: , Value: null

    Clave: 14: un_coÃ±o
       SÃ­mbolo: un_coÃ±o, CategorÃ­a: 7, Scope: 0, Type: , Informacion: , Value: null

    Clave: 15: array$
       SÃ­mbolo: array$, CategorÃ­a: 7, Scope: 0, Type: , Informacion: , Value: null

    Clave: 16: funcion$
       SÃ­mbolo: funcion$, CategorÃ­a: 7, Scope: 0, Type: , Informacion: , Value: null

    Clave: 17: error$
       SÃ­mbolo: error$, CategorÃ­a: 7, Scope: 0, Type: , Informacion: , Value: null

    Clave: 18: higuerote
       SÃ­mbolo: higuerote, CategorÃ­a: 7, Scope: 0, Type: , Informacion: , Value: null

    Clave: 19: rescata
       SÃ­mbolo: rescata, CategorÃ­a: 2, Scope: 0, Type: , Informacion: , Value: null

    Clave: 20: se_prende
       SÃ­mbolo: se_prende, CategorÃ­a: 2, Scope: 0, Type: , Informacion: , Value: null

--> Print AST? (s/n): [1;36m[5m
               =======================================================
                                   AST Representation                 
               =======================================================
[0m
Programa
|--> Main
     |--> InstrucciÃ³n
          |--> decl0 | Category: DeclaraciÃ³n | Type: higuerote | Kind: VARIABLE
          |    |--> Literal | Category: Array_Size | Type: mango | Value: 2
          |--> AsignaciÃ³n | Kind: =
               |--> decl1 | Category: DeclaraciÃ³n | Type: higuerote | Kind: CONSTANTE
               |    |--> Literal | Category: Array_Size | Type: mango | Value: 3
               |--> Secuencia | Category: ExpresiÃ³n | Kind: ,
                    |--> Secuencia | Category: ExpresiÃ³n | Kind: ,
                    |    |--> Literal | Category: String | Type: higuerote | Value: hola
                    |    |--> Literal | Category: String | Type: higuerote | Value: mundo
                    |--> Literal | Category: String | Type: higuerote | Value: !
[1;32m[5m
               =======================================================
                       ---->       Correct Program       <----        
               =======================================================
[0m
| Hay un poquito de cÃ³digo en tu marihuana d:-]
