| AcomÃ³date que te lo estan analizando d:-)
Error: ARRAY_LITERAL_SIZE_MISMATCH
  - Sendo peo en la linea 6, columna 49: Dale que te caben mÃ¡s! Te faltan cositas que meterte. SÃ³lo llevas '0' de '3'.
--> Print AST? (s/n): [1;36m[5m
               =======================================================
                                   AST Representation                 
               =======================================================
[0m
Programa
|--> Main
     |--> InstrucciÃ³n
          |--> decl0 | Category: DeclaraciÃ³n | Type: tas_claro | Kind: VARIABLE
          |    |--> Literal | Category: Array_Size | Type: mango | Value: 2
          |--> AsignaciÃ³n | Kind: =
               |--> decl1 | Category: DeclaraciÃ³n | Type: tas_claro | Kind: CONSTANTE
               |    |--> Literal | Category: Array_Size | Type: mango | Value: 3
               |--> Secuencia | Category: ExpresiÃ³n | Kind: ,
                    |--> Secuencia | Category: ExpresiÃ³n | Kind: ,
                    |    |--> Literal | Category: Bool | Type: tas_claro | Kind: Sisa | Value: 1
                    |    |--> Literal | Category: Bool | Type: tas_claro | Kind: Sisa | Value: 1
                    |--> Literal | Category: Bool | Type: tas_claro | Kind: Nolsa | Value: 0
[1;31m[5m
               =======================================================
                       ---->        Error Program        <----        
               =======================================================
[0m
| Hay un poquito de cÃ³digo en tu marihuana d:-]
