| AcomÃ³date que te lo estan analizando d:-)
--> Print table? (s/n): [1;36m[5m
               =======================================================
                             Symbol Table Representation              
               =======================================================
[0m
    Clave: 1: var_struct.attr_s_2
       SÃ­mbolo: var_struct.attr_s_2, CategorÃ­a: (10)STRUCT_ATTRIBUTE, Scope: 2, Type: manguita, Value: 123.123

    Clave: 2: MyStruct.attr_s_3
       SÃ­mbolo: MyStruct.attr_s_3, CategorÃ­a: (10)STRUCT_ATTRIBUTE, Scope: 3, Type: higuerote

    Clave: 3: MyStruct.attr_s_2
       SÃ­mbolo: MyStruct.attr_s_2, CategorÃ­a: (10)STRUCT_ATTRIBUTE, Scope: 3, Type: manguita

    Clave: 4: mango
       SÃ­mbolo: mango, CategorÃ­a: (7)TYPE, Scope: 0

    Clave: 5: manguita
       SÃ­mbolo: manguita, CategorÃ­a: (7)TYPE, Scope: 0

    Clave: 6: manguangua
       SÃ­mbolo: manguangua, CategorÃ­a: (7)TYPE, Scope: 0

    Clave: 7: negro
       SÃ­mbolo: negro, CategorÃ­a: (7)TYPE, Scope: 0

    Clave: 8: tas_claro
       SÃ­mbolo: tas_claro, CategorÃ­a: (7)TYPE, Scope: 0

    Clave: 9: MyStruct.attr_s_1
       SÃ­mbolo: MyStruct.attr_s_1, CategorÃ­a: (10)STRUCT_ATTRIBUTE, Scope: 3, Type: mango

    Clave: 10: hablame
       SÃ­mbolo: hablame, CategorÃ­a: (2)FUNCTION, Scope: 0

    Clave: 11: un_coÃ±o
       SÃ­mbolo: un_coÃ±o, CategorÃ­a: (7)TYPE, Scope: 0

    Clave: 12: array$
       SÃ­mbolo: array$, CategorÃ­a: (7)TYPE, Scope: 0

    Clave: 13: var_struct
       SÃ­mbolo: var_struct, CategorÃ­a: (1)VARIABLE, Scope: 2, Type: MyStruct, Informacion: var_struct.attr_s_1 var_struct.attr_s_2 var_struct.attr_s_3 

    Clave: 14: var_struct.attr_s_1
       SÃ­mbolo: var_struct.attr_s_1, CategorÃ­a: (10)STRUCT_ATTRIBUTE, Scope: 2, Type: mango, Value: 123

    Clave: 15: funcion$
       SÃ­mbolo: funcion$, CategorÃ­a: (7)TYPE, Scope: 0

    Clave: 16: error$
       SÃ­mbolo: error$, CategorÃ­a: (7)TYPE, Scope: 0

    Clave: 17: higuerote
       SÃ­mbolo: higuerote, CategorÃ­a: (7)TYPE, Scope: 0

    Clave: 18: rescata
       SÃ­mbolo: rescata, CategorÃ­a: (2)FUNCTION, Scope: 0

    Clave: 19: var_struct.attr_s_3
       SÃ­mbolo: var_struct.attr_s_3, CategorÃ­a: (10)STRUCT_ATTRIBUTE, Scope: 2, Type: higuerote, Value: hola

    Clave: 20: MyStruct
       SÃ­mbolo: MyStruct, CategorÃ­a: (4)STRUCT, Scope: 2, Informacion: MyStruct.attr_s_1 MyStruct.attr_s_2 MyStruct.attr_s_3 

    Clave: 21: se_prende
       SÃ­mbolo: se_prende, CategorÃ­a: (2)FUNCTION, Scope: 0

--> Print AST? (s/n): [1;36m[5m
               =======================================================
                                   AST Representation                 
               =======================================================
[0m
Programa
|--> Main
     |--> InstrucciÃ³n | Kind: ;
          |--> InstrucciÃ³n | Kind: ;
          |    |--> InstrucciÃ³n | Kind: ;
          |    |    |--> InstrucciÃ³n | Kind: ;
          |    |    |    |--> MyStruct | Category: DeclaraciÃ³n | Type: arroz_con_mango | Kind: Estructura
          |    |    |    |    |--> InstrucciÃ³n | Kind: ;
          |    |    |    |         |--> InstrucciÃ³n | Kind: ;
          |    |    |    |         |    |--> attr_s_1 | Category: Atributo | Type: mango
          |    |    |    |         |    |--> attr_s_2 | Category: Atributo | Type: manguita
          |    |    |    |         |--> attr_s_3 | Category: Atributo | Type: higuerote
          |    |    |    |--> var_struct | Category: DeclaraciÃ³n | Type: MyStruct | Kind: VARIABLE
          |    |    |--> AsignaciÃ³n | Kind: =
          |    |         |--> var_struct | Category: Identificador | Type: MyStruct
          |    |         |--> attr_s_1 | Category: Atributo | Type: mango
          |    |         |--> Literal | Category: NumÃ©rico | Type: mango | Value: 123
          |    |--> AsignaciÃ³n | Kind: =
          |         |--> var_struct | Category: Identificador | Type: MyStruct
          |         |--> attr_s_2 | Category: Atributo | Type: manguita
          |         |--> Literal | Category: NumÃ©rico | Type: manguita | Value: 123.123001
          |--> AsignaciÃ³n | Kind: =
               |--> var_struct | Category: Identificador | Type: MyStruct
               |--> attr_s_3 | Category: Atributo | Type: higuerote
               |--> Literal | Category: Cadena de Caracteres | Type: higuerote | Value: hola
[1;32m[5m
               =======================================================
                       ---->       Correct Program       <----        
               =======================================================
[0m
| Hay un poquito de cÃ³digo en tu marihuana d:-]
