| Acom√≥date que te lo estan analizando d:-)
--> Print Symbol Table? (s/n): [1;36m[5m
               =======================================================
                             Symbol Table Representation              
               =======================================================
[0m
[1;35m[5m    Clave: 1: mango[0m
    |---> S√≠mbolo: mango, Categor√≠a: (7)TYPE, Scope: 0

[1;35m[5m    Clave: 2: b[0m
    |---> S√≠mbolo: b, Categor√≠a: (1)VARIABLE, Scope: 2, Type: mango, Value: 6

[1;35m[5m    Clave: 3: result[0m
    |---> S√≠mbolo: result, Categor√≠a: (1)VARIABLE, Scope: 1, Type: mango, Value: 14

[1;35m[5m    Clave: 4: manguita[0m
    |---> S√≠mbolo: manguita, Categor√≠a: (7)TYPE, Scope: 0

[1;35m[5m    Clave: 5: manguangua[0m
    |---> S√≠mbolo: manguangua, Categor√≠a: (7)TYPE, Scope: 0

[1;35m[5m    Clave: 6: negro[0m
    |---> S√≠mbolo: negro, Categor√≠a: (7)TYPE, Scope: 0

[1;35m[5m    Clave: 7: tas_claro[0m
    |---> S√≠mbolo: tas_claro, Categor√≠a: (7)TYPE, Scope: 0

[1;35m[5m    Clave: 8: hablame[0m
    |---> S√≠mbolo: hablame, Categor√≠a: (2)FUNCTION, Scope: 0

[1;35m[5m    Clave: 9: c[0m
    |---> S√≠mbolo: c, Categor√≠a: (1)VARIABLE, Scope: 2, Type: mango, Value: 7

[1;35m[5m    Clave: 10: un_co√±o[0m
    |---> S√≠mbolo: un_co√±o, Categor√≠a: (7)TYPE, Scope: 0

[1;35m[5m    Clave: 11: funcion$[0m
    |---> S√≠mbolo: funcion$, Categor√≠a: (7)TYPE, Scope: 0

[1;35m[5m    Clave: 12: caramba_√±ero[0m
    |---> S√≠mbolo: caramba_√±ero, Categor√≠a: (7)TYPE, Scope: 0

[1;35m[5m    Clave: 13: se_prende[0m
    |---> S√≠mbolo: se_prende, Categor√≠a: (2)FUNCTION, Scope: 0

[1;35m[5m    Clave: 14: higuerote[0m
    |---> S√≠mbolo: higuerote, Categor√≠a: (7)TYPE, Scope: 0

[1;35m[5m    Clave: 15: rescata[0m
    |---> S√≠mbolo: rescata, Categor√≠a: (2)FUNCTION, Scope: 0

[1;35m[5m    Clave: 16: a[0m
    |---> S√≠mbolo: a, Categor√≠a: (1)VARIABLE, Scope: 2, Type: mango, Value: 5

[1;35m[5m    Clave: 17: value[0m
    |---> S√≠mbolo: value, Categor√≠a: (0)CONSTANT, Scope: 1, Type: mango, Value: 10

--> Print AST? (s/n): [1;36m[5m
               =======================================================
                                   AST Representation                 
               =======================================================
[0m
Programa
|--> Global
|    |--> Instrucci√≥n | Kind: ;
|         |--> Asignaci√≥n | Kind: =
|         |    |--> value | Category: Declaraci√≥n | Type: mango | Kind: CONSTANTE
|         |    |--> Literal | Category: Num√©rico | Type: mango | Value: 10
|         |--> Asignaci√≥n | Kind: =
|              |--> result | Category: Declaraci√≥n | Type: mango | Kind: VARIABLE
|              |--> Literal | Category: Num√©rico | Type: mango | Value: 0
|--> Main
     |--> Instrucci√≥n | Kind: ;
          |--> Instrucci√≥n | Kind: ;
          |    |--> Instrucci√≥n | Kind: ;
          |    |    |--> Asignaci√≥n | Kind: =
          |    |    |    |--> a | Category: Declaraci√≥n | Type: mango | Kind: VARIABLE
          |    |    |    |--> Literal | Category: Num√©rico | Type: mango | Value: 5
          |    |    |--> Asignaci√≥n | Kind: =
          |    |         |--> b | Category: Declaraci√≥n | Type: mango | Kind: VARIABLE
          |    |         |--> Literal | Category: Num√©rico | Type: mango | Value: 6
          |    |--> Asignaci√≥n | Kind: =
          |         |--> c | Category: Declaraci√≥n | Type: mango | Kind: VARIABLE
          |         |--> Literal | Category: Num√©rico | Type: mango | Value: 7
          |--> Condici√≥n
               |--> si_es_asi
               |    |--> Guardia
               |    |    |--> o_sea | Category: Operaci√≥n | Type: tas_claro | Kind: Booleana | Value: 1
               |    |         |--> mayol | Category: Operaci√≥n | Type: tas_claro | Kind: Booleana | Value: 1
               |    |         |    |--> + | Category: Operaci√≥n | Type: mango | Kind: Num√©rica | Value: 18
               |    |         |    |    |--> + | Category: Operaci√≥n | Type: mango | Kind: Num√©rica | Value: 11
               |    |         |    |    |    |--> a | Category: Identificador | Type: mango | Value: 5
               |    |         |    |    |    |--> b | Category: Identificador | Type: mango | Value: 6
               |    |         |    |    |--> c | Category: Identificador | Type: mango | Value: 7
               |    |         |    |--> value | Category: Identificador | Type: mango | Value: 10
               |    |         |--> menol | Category: Operaci√≥n | Type: tas_claro | Kind: Booleana | Value: 0
               |    |              |--> * | Category: Operaci√≥n | Type: mango | Kind: Num√©rica | Value: 30
               |    |              |    |--> a | Category: Identificador | Type: mango | Value: 5
               |    |              |    |--> b | Category: Identificador | Type: mango | Value: 6
               |    |              |--> c | Category: Identificador | Type: mango | Value: 7
               |    |--> Asignaci√≥n | Type: mango | Kind: = | Value: 18
               |         |--> result | Category: Identificador | Type: mango | Value: 0
               |         |--> + | Category: Operaci√≥n | Type: mango | Kind: Num√©rica | Value: 18
               |              |--> + | Category: Operaci√≥n | Type: mango | Kind: Num√©rica | Value: 11
               |              |    |--> a | Category: Identificador | Type: mango | Value: 5
               |              |    |--> b | Category: Identificador | Type: mango | Value: 6
               |              |--> c | Category: Identificador | Type: mango | Value: 7
               |--> o_asi
               |    |--> Guardia
               |    |    |--> Literal | Category: Bool | Type: tas_claro | Kind: Sisa | Value: 1
               |    |--> Condici√≥n
               |         |--> si_es_asi
               |         |    |--> Guardia
               |         |    |    |--> o_sea | Category: Operaci√≥n | Type: tas_claro | Kind: Booleana | Value: 1
               |         |    |         |--> yunta | Category: Operaci√≥n | Type: tas_claro | Kind: Booleana | Value: 0
               |         |    |         |    |--> Literal | Category: Bool | Type: tas_claro | Kind: Sisa | Value: 1
               |         |    |         |    |--> Literal | Category: Bool | Type: tas_claro | Kind: Nolsa | Value: 0
               |         |    |         |--> nelson | Category: Operaci√≥n | Type: tas_claro | Kind: Booleana | Value: 1
               |         |    |              |--> mayol | Category: Operaci√≥n | Type: tas_claro | Kind: Booleana | Value: 0
               |         |    |                   |--> // | Category: Operaci√≥n | Type: mango | Kind: Num√©rica | Value: 3
               |         |    |                   |    |--> c | Category: Identificador | Type: mango | Value: 7
               |         |    |                   |    |--> Literal | Category: Num√©rico | Type: mango | Value: 2
               |         |    |                   |--> a | Category: Identificador | Type: mango | Value: 5
               |         |    |--> Asignaci√≥n | Type: mango | Kind: = | Value: 30
               |         |         |--> result | Category: Identificador | Type: mango | Value: 18
               |         |         |--> * | Category: Operaci√≥n | Type: mango | Kind: Num√©rica | Value: 30
               |         |              |--> a | Category: Identificador | Type: mango | Value: 5
               |         |              |--> b | Category: Identificador | Type: mango | Value: 6
               |         |--> o_asi
               |         |    |--> Guardia
               |         |    |    |--> o_sea | Category: Operaci√≥n | Type: tas_claro | Kind: Booleana | Value: 1
               |         |    |         |--> Literal | Category: Bool | Type: tas_claro | Kind: Sisa | Value: 1
               |         |    |         |--> yunta | Category: Operaci√≥n | Type: tas_claro | Kind: Booleana | Value: 0
               |         |    |              |--> Literal | Category: Bool | Type: tas_claro | Kind: Nolsa | Value: 0
               |         |    |              |--> Literal | Category: Bool | Type: tas_claro | Kind: Sisa | Value: 1
               |         |    |--> Asignaci√≥n | Type: mango | Kind: = | Value: -1
               |         |         |--> result | Category: Identificador | Type: mango | Value: 30
               |         |         |--> - | Category: Operaci√≥n | Type: mango | Kind: Num√©rica | Value: -1
               |         |              |--> a | Category: Identificador | Type: mango | Value: 5
               |         |              |--> b | Category: Identificador | Type: mango | Value: 6
               |         |--> nojoda
               |              |--> Asignaci√≥n | Type: mango | Kind: = | Value: 6
               |                   |--> result | Category: Identificador | Type: mango | Value: -1
               |                   |--> - | Category: Operaci√≥n | Type: mango | Kind: Num√©rica | Value: 6
               |                        |--> + | Category: Operaci√≥n | Type: mango | Kind: Num√©rica | Value: 7
               |                        |    |--> // | Category: Operaci√≥n | Type: mango | Kind: Num√©rica | Value: 0
               |                        |    |    |--> a | Category: Identificador | Type: mango | Value: 5
               |                        |    |    |--> b | Category: Identificador | Type: mango | Value: 6
               |                        |    |--> c | Category: Identificador | Type: mango | Value: 7
               |                        |--> Literal | Category: Num√©rico | Type: mango | Value: 1
               |--> o_asi
               |    |--> Guardia
               |    |    |--> yunta | Category: Operaci√≥n | Type: tas_claro | Kind: Booleana | Value: 1
               |    |         |--> nie | Category: Operaci√≥n | Type: tas_claro | Kind: Booleana | Value: 1
               |    |         |    |--> a | Category: Identificador | Type: mango | Value: 5
               |    |         |    |--> Literal | Category: Num√©rico | Type: mango | Value: -1
               |    |         |--> nelson | Category: Operaci√≥n | Type: tas_claro | Kind: Booleana | Value: 1
               |    |              |--> igualito | Category: Operaci√≥n | Type: tas_claro | Kind: Booleana | Value: 0
               |    |                   |--> b | Category: Identificador | Type: mango | Value: 6
               |    |                   |--> value | Category: Identificador | Type: mango | Value: 10
               |    |--> Asignaci√≥n | Type: mango | Kind: = | Value: 37
               |         |--> result | Category: Identificador | Type: mango | Value: 6
               |         |--> + | Category: Operaci√≥n | Type: mango | Kind: Num√©rica | Value: 37
               |              |--> * | Category: Operaci√≥n | Type: mango | Kind: Num√©rica | Value: 30
               |              |    |--> a | Category: Identificador | Type: mango | Value: 5
               |              |    |--> b | Category: Identificador | Type: mango | Value: 6
               |              |--> c | Category: Identificador | Type: mango | Value: 7
               |--> nojoda
                    |--> Asignaci√≥n | Type: mango | Kind: = | Value: 14
                         |--> result | Category: Identificador | Type: mango | Value: 37
                         |--> + | Category: Operaci√≥n | Type: mango | Kind: Num√©rica | Value: 14
                              |--> - | Category: Operaci√≥n | Type: mango | Kind: Num√©rica | Value: 4
                              |    |--> + | Category: Operaci√≥n | Type: mango | Kind: Num√©rica | Value: 11
                              |    |    |--> a | Category: Identificador | Type: mango | Value: 5
                              |    |    |--> b | Category: Identificador | Type: mango | Value: 6
                              |    |--> c | Category: Identificador | Type: mango | Value: 7
                              |--> value | Category: Identificador | Type: mango | Value: 10
--> Print TAC? (s/n): --> Print Control Flow Graphs? (s/n): [1;32m[5m
               =======================================================
                       ---->       Correct Program       <----        
               =======================================================
[0m
| Hay un poquito de c√≥digo en tu marihuana d:-]
