| AcomÃ³date que te lo estan analizando d:-)
--> Print table? (s/n): [1;36m[5m
               =======================================================
                             Symbol Table Representation              
               =======================================================
[0m
[1;35m[5m    Clave: 1: bar2[0m
    |---> SÃ­mbolo: bar2, CategorÃ­a: (2)FUNCTION, Scope: 2, Type: un_coÃ±o, Informacion: PARAM(x) 

[1;35m[5m    Clave: 2: x[0m
    |---> SÃ­mbolo: x, CategorÃ­a: (3)PARAMETERS, Scope: 3, Type: mango

    |---> SÃ­mbolo: x, CategorÃ­a: (3)PARAMETERS, Scope: 4, Type: manguita

    |---> SÃ­mbolo: x, CategorÃ­a: (3)PARAMETERS, Scope: 5, Type: manguangua

[1;35m[5m    Clave: 3: decl2[0m
    |---> SÃ­mbolo: decl2, CategorÃ­a: (1)VARIABLE, Scope: 2, Type: manguangua, Value: 122

[1;35m[5m    Clave: 4: mango[0m
    |---> SÃ­mbolo: mango, CategorÃ­a: (7)TYPE, Scope: 0

[1;35m[5m    Clave: 5: manguita[0m
    |---> SÃ­mbolo: manguita, CategorÃ­a: (7)TYPE, Scope: 0

[1;35m[5m    Clave: 6: decl0[0m
    |---> SÃ­mbolo: decl0, CategorÃ­a: (1)VARIABLE, Scope: 2, Type: mango, Value: -7

[1;35m[5m    Clave: 7: manguangua[0m
    |---> SÃ­mbolo: manguangua, CategorÃ­a: (7)TYPE, Scope: 0

[1;35m[5m    Clave: 8: negro[0m
    |---> SÃ­mbolo: negro, CategorÃ­a: (7)TYPE, Scope: 0

[1;35m[5m    Clave: 9: tas_claro[0m
    |---> SÃ­mbolo: tas_claro, CategorÃ­a: (7)TYPE, Scope: 0

[1;35m[5m    Clave: 10: decl1[0m
    |---> SÃ­mbolo: decl1, CategorÃ­a: (1)VARIABLE, Scope: 2, Type: manguita, Value: 3.1

[1;35m[5m    Clave: 11: hablame[0m
    |---> SÃ­mbolo: hablame, CategorÃ­a: (2)FUNCTION, Scope: 0

[1;35m[5m    Clave: 12: bar0[0m
    |---> SÃ­mbolo: bar0, CategorÃ­a: (2)FUNCTION, Scope: 2, Type: un_coÃ±o, Informacion: PARAM(x) 

[1;35m[5m    Clave: 13: un_coÃ±o[0m
    |---> SÃ­mbolo: un_coÃ±o, CategorÃ­a: (7)TYPE, Scope: 0

[1;35m[5m    Clave: 14: array$[0m
    |---> SÃ­mbolo: array$, CategorÃ­a: (7)TYPE, Scope: 0

[1;35m[5m    Clave: 15: funcion$[0m
    |---> SÃ­mbolo: funcion$, CategorÃ­a: (7)TYPE, Scope: 0

[1;35m[5m    Clave: 16: error$[0m
    |---> SÃ­mbolo: error$, CategorÃ­a: (7)TYPE, Scope: 0

[1;35m[5m    Clave: 17: higuerote[0m
    |---> SÃ­mbolo: higuerote, CategorÃ­a: (7)TYPE, Scope: 0

[1;35m[5m    Clave: 18: rescata[0m
    |---> SÃ­mbolo: rescata, CategorÃ­a: (2)FUNCTION, Scope: 0

[1;35m[5m    Clave: 19: bar1[0m
    |---> SÃ­mbolo: bar1, CategorÃ­a: (2)FUNCTION, Scope: 2, Type: un_coÃ±o, Informacion: PARAM(x) 

[1;35m[5m    Clave: 20: se_prende[0m
    |---> SÃ­mbolo: se_prende, CategorÃ­a: (2)FUNCTION, Scope: 0

--> Print AST? (s/n): [1;36m[5m
               =======================================================
                                   AST Representation                 
               =======================================================
[0m
Programa
|--> Main
     |--> InstrucciÃ³n | Kind: ;
          |--> InstrucciÃ³n | Kind: ;
          |    |--> InstrucciÃ³n | Kind: ;
          |    |    |--> InstrucciÃ³n | Kind: ;
          |    |    |    |--> InstrucciÃ³n | Kind: ;
          |    |    |    |    |--> InstrucciÃ³n | Kind: ;
          |    |    |    |    |    |--> InstrucciÃ³n | Kind: ;
          |    |    |    |    |    |    |--> InstrucciÃ³n | Kind: ;
          |    |    |    |    |    |    |    |--> AsignaciÃ³n | Kind: =
          |    |    |    |    |    |    |    |    |--> decl0 | Category: DeclaraciÃ³n | Type: mango | Kind: VARIABLE
          |    |    |    |    |    |    |    |    |--> Literal | Category: NumÃ©rico | Type: mango | Value: -8
          |    |    |    |    |    |    |    |--> OperaciÃ³n | Category: Incremento | Type: mango | Value: -7
          |    |    |    |    |    |    |         |--> decl0 | Category: Identificador | Type: mango | Value: -8
          |    |    |    |    |    |    |--> AsignaciÃ³n | Kind: =
          |    |    |    |    |    |         |--> decl1 | Category: DeclaraciÃ³n | Type: manguita | Kind: VARIABLE
          |    |    |    |    |    |         |--> Literal | Category: NumÃ©rico | Type: manguita | Value: 2.1
          |    |    |    |    |    |--> OperaciÃ³n | Category: Incremento | Type: manguita | Value: 3.1
          |    |    |    |    |         |--> decl1 | Category: Identificador | Type: manguita | Value: 2.1
          |    |    |    |    |--> AsignaciÃ³n | Kind: =
          |    |    |    |         |--> decl2 | Category: DeclaraciÃ³n | Type: manguangua | Kind: VARIABLE
          |    |    |    |         |--> Literal | Category: NumÃ©rico | Type: manguangua | Value: 121
          |    |    |    |--> OperaciÃ³n | Category: Incremento | Type: manguangua | Value: 122
          |    |    |         |--> decl2 | Category: Identificador | Type: manguangua | Value: 121
          |    |    |--> bar0 | Category: DeclaraciÃ³n | Type: un_coÃ±o | Kind: FunciÃ³n
          |    |         |--> x | Category: ParÃ¡metro | Type: mango
          |    |         |--> OperaciÃ³n | Category: Incremento | Type: mango | Value: 0
          |    |              |--> x | Category: Identificador
          |    |--> bar1 | Category: DeclaraciÃ³n | Type: un_coÃ±o | Kind: FunciÃ³n
          |         |--> x | Category: ParÃ¡metro | Type: manguita
          |         |--> OperaciÃ³n | Category: Incremento | Type: manguita | Value: 0
          |              |--> x | Category: Identificador
          |--> bar2 | Category: DeclaraciÃ³n | Type: un_coÃ±o | Kind: FunciÃ³n
               |--> x | Category: ParÃ¡metro | Type: manguangua
               |--> OperaciÃ³n | Category: Incremento | Type: manguangua | Value: 0
                    |--> x | Category: Identificador
--> Print TAC? (s/n): [1;36m[5m
               =======================================================
                                   TAC Representation                 
               =======================================================
[0m

.declaration:
Scope 2: 
decl0: alloc 4
decl1: alloc 8
decl2: alloc 16

.code:
decl0 := -8
decl0 := decl0 + 1
decl1 := 2.100000
decl1 := decl1 + 1
decl2 := 121.000000
decl2 := decl2 + 1
bar0: 
begin_func:
x := x + 1
end_func:
bar1: 
begin_func:
x := x + 1
end_func:
bar2: 
begin_func:
x := x + 1
end_func:
[1;32m[5m
               =======================================================
                       ---->       Correct Program       <----        
               =======================================================
[0m
| Hay un poquito de cÃ³digo en tu marihuana d:-]
