| AcomÃ³date que te lo estan analizando d:-)
Error: TYPE_ERROR
  - Sendo peo en la linea 3, columna 27: Tas en droga?. Tienes "decl0" de tipo 'mango' y le quieres meter un tipo 'manguita', marbaa' bruja.
  - Sendo peo en la linea 4, columna 36: Tas en droga?. Tienes "decl1" de tipo 'mango' y le quieres meter un tipo 'manguangua', marbaa' bruja.
  - Sendo peo en la linea 5, columna 27: Tas en droga?. Tienes "decl2" de tipo 'mango' y le quieres meter un tipo 'negro', marbaa' bruja.
  - Sendo peo en la linea 6, columna 30: Tas en droga?. Tienes "decl3" de tipo 'mango' y le quieres meter un tipo 'higuerote', marbaa' bruja.
  - Sendo peo en la linea 7, columna 28: Tas en droga?. Tienes "decl4" de tipo 'mango' y le quieres meter un tipo 'tas_claro', marbaa' bruja.
  - Sendo peo en la linea 8, columna 33: Tas en droga?. Tienes "decl5" de tipo 'mango' y le quieres meter un elemento de tipo '', marbaa' bruja.
[1;31m[5m
               =======================================================
                       ---->        Error Program        <----        
               =======================================================
[0m
| Hay un poquito de cÃ³digo en tu marihuana d:-]
