| AcomÃ³date que te lo estan analizando d:-)
Error: NON_VALUE
  - Sendo peo en la linea 13, columna 40: Esta vaina "ella.nombre" tiene el amor que te diÃ³ ella, o sea vacÃ­o.
  - Sendo peo en la linea 13, columna 51: Esta vaina "el.nombre" tiene el amor que te diÃ³ ella, o sea vacÃ­o.
  - Sendo peo en la linea 13, columna 62: Esta vaina "yo.nombre" tiene el amor que te diÃ³ ella, o sea vacÃ­o.
  - Sendo peo en la linea 14, columna 34: Esta vaina "ella.sexo" tiene el amor que te diÃ³ ella, o sea vacÃ­o.
  - Sendo peo en la linea 14, columna 43: Esta vaina "el.sexo" tiene el amor que te diÃ³ ella, o sea vacÃ­o.
  - Sendo peo en la linea 14, columna 52: Esta vaina "yo.sexo" tiene el amor que te diÃ³ ella, o sea vacÃ­o.
  - Sendo peo en la linea 15, columna 35: Esta vaina "ella.edad" tiene el amor que te diÃ³ ella, o sea vacÃ­o.
  - Sendo peo en la linea 15, columna 44: Esta vaina "el.edad" tiene el amor que te diÃ³ ella, o sea vacÃ­o.
  - Sendo peo en la linea 15, columna 53: Esta vaina "yo.edad" tiene el amor que te diÃ³ ella, o sea vacÃ­o.
[1;31m[5m
               =======================================================
                       ---->        Error Program        <----        
               =======================================================
[0m
| Hay un poquito de cÃ³digo en tu marihuana d:-]
