| AcomÃ³date que te lo estan analizando d:-)
Error: NON_VALUE
  - Sendo peo en la linea 13, columna 46: Esta vaina "ella.nombre" tiene el amor que te diÃ³ ella, o sea vacÃ­o.
  - Sendo peo en la linea 13, columna 57: Esta vaina "el.nombre" tiene el amor que te diÃ³ ella, o sea vacÃ­o.
  - Sendo peo en la linea 13, columna 68: Esta vaina "yo.nombre" tiene el amor que te diÃ³ ella, o sea vacÃ­o.
  - Sendo peo en la linea 14, columna 38: Esta vaina "ella.sexo" tiene el amor que te diÃ³ ella, o sea vacÃ­o.
  - Sendo peo en la linea 14, columna 47: Esta vaina "el.sexo" tiene el amor que te diÃ³ ella, o sea vacÃ­o.
  - Sendo peo en la linea 14, columna 56: Esta vaina "yo.sexo" tiene el amor que te diÃ³ ella, o sea vacÃ­o.
  - Sendo peo en la linea 15, columna 39: Esta vaina "ella.edad" tiene el amor que te diÃ³ ella, o sea vacÃ­o.
  - Sendo peo en la linea 15, columna 48: Esta vaina "el.edad" tiene el amor que te diÃ³ ella, o sea vacÃ­o.
  - Sendo peo en la linea 15, columna 57: Esta vaina "yo.edad" tiene el amor que te diÃ³ ella, o sea vacÃ­o.
[1;31m[5m
               =======================================================
                       ---->        Error Program        <----        
               =======================================================
[0m
| Hay un poquito de cÃ³digo en tu marihuana d:-]
