| AcomÃ³date que te lo estan analizando d:-)
--> Print table? (s/n): [1;36m[5m
               =======================================================
                             Symbol Table Representation              
               =======================================================
[0m
[1;35m[5m    Clave: 1: decl2[0m
    |---> SÃ­mbolo: decl2, CategorÃ­a: (1)VARIABLE, Scope: 2, Type: manguita, Value: 2.00002

[1;35m[5m    Clave: 2: mango[0m
    |---> SÃ­mbolo: mango, CategorÃ­a: (7)TYPE, Scope: 0

[1;35m[5m    Clave: 3: manguita[0m
    |---> SÃ­mbolo: manguita, CategorÃ­a: (7)TYPE, Scope: 0

[1;35m[5m    Clave: 4: decl0[0m
    |---> SÃ­mbolo: decl0, CategorÃ­a: (1)VARIABLE, Scope: 1, Type: manguita, Value: 2.00002

[1;35m[5m    Clave: 5: manguangua[0m
    |---> SÃ­mbolo: manguangua, CategorÃ­a: (7)TYPE, Scope: 0

[1;35m[5m    Clave: 6: decl3[0m
    |---> SÃ­mbolo: decl3, CategorÃ­a: (1)VARIABLE, Scope: 2, Type: manguita, Value: -2.03216

[1;35m[5m    Clave: 7: negro[0m
    |---> SÃ­mbolo: negro, CategorÃ­a: (7)TYPE, Scope: 0

[1;35m[5m    Clave: 8: tas_claro[0m
    |---> SÃ­mbolo: tas_claro, CategorÃ­a: (7)TYPE, Scope: 0

[1;35m[5m    Clave: 9: decl1[0m
    |---> SÃ­mbolo: decl1, CategorÃ­a: (0)CONSTANT, Scope: 2, Type: manguita, Value: -2.03216

[1;35m[5m    Clave: 10: hablame[0m
    |---> SÃ­mbolo: hablame, CategorÃ­a: (2)FUNCTION, Scope: 0

[1;35m[5m    Clave: 11: un_coÃ±o[0m
    |---> SÃ­mbolo: un_coÃ±o, CategorÃ­a: (7)TYPE, Scope: 0

[1;35m[5m    Clave: 12: array$[0m
    |---> SÃ­mbolo: array$, CategorÃ­a: (7)TYPE, Scope: 0

[1;35m[5m    Clave: 13: funcion$[0m
    |---> SÃ­mbolo: funcion$, CategorÃ­a: (7)TYPE, Scope: 0

[1;35m[5m    Clave: 14: error$[0m
    |---> SÃ­mbolo: error$, CategorÃ­a: (7)TYPE, Scope: 0

[1;35m[5m    Clave: 15: higuerote[0m
    |---> SÃ­mbolo: higuerote, CategorÃ­a: (7)TYPE, Scope: 0

[1;35m[5m    Clave: 16: rescata[0m
    |---> SÃ­mbolo: rescata, CategorÃ­a: (2)FUNCTION, Scope: 0

[1;35m[5m    Clave: 17: se_prende[0m
    |---> SÃ­mbolo: se_prende, CategorÃ­a: (2)FUNCTION, Scope: 0

--> Print AST? (s/n): [1;36m[5m
               =======================================================
                                   AST Representation                 
               =======================================================
[0m
Programa
|--> Global
|    |--> AsignaciÃ³n | Kind: =
|         |--> decl0 | Category: DeclaraciÃ³n | Type: manguita | Kind: VARIABLE
|         |--> Literal | Category: NumÃ©rico | Type: manguita | Value: 2.00002
|--> Main
     |--> InstrucciÃ³n | Kind: ;
          |--> InstrucciÃ³n | Kind: ;
          |    |--> InstrucciÃ³n | Kind: ;
          |    |    |--> AsignaciÃ³n | Kind: =
          |    |    |    |--> decl1 | Category: DeclaraciÃ³n | Type: manguita | Kind: CONSTANTE
          |    |    |    |--> Literal | Category: NumÃ©rico | Type: manguita | Value: -2.03216
          |    |    |--> AsignaciÃ³n | Kind: =
          |    |         |--> decl2 | Category: DeclaraciÃ³n | Type: manguita | Kind: VARIABLE
          |    |         |--> decl0 | Category: Identificador | Type: manguita | Value: 2.00002
          |    |--> decl3 | Category: DeclaraciÃ³n | Type: manguita | Kind: VARIABLE
          |--> AsignaciÃ³n | Type: manguita | Kind: = | Value: -2.03216
               |--> decl3 | Category: Identificador | Type: manguita
               |--> decl1 | Category: Identificador | Type: manguita | Value: -2.03216
--> Print TAC? (s/n): [1;32m[5m
               =======================================================
                       ---->       Correct Program       <----        
               =======================================================
[0m
| Hay un poquito de cÃ³digo en tu marihuana d:-]
