| AcomÃ³date que te lo estan analizando d:-)
--> Print table? (s/n): [1;36m[5m
               =======================================================
                             Symbol Table Representation              
               =======================================================
[0m
[1;35m[5m    Clave: 1: decl2[1][0m
    |---> SÃ­mbolo: decl2[1], CategorÃ­a: (12)ARRAY_ELEMENT, Scope: 2, Type: manguita, Value: 3.3

[1;35m[5m    Clave: 2: decl2[0][0m
    |---> SÃ­mbolo: decl2[0], CategorÃ­a: (12)ARRAY_ELEMENT, Scope: 2, Type: manguita, Value: 2.1

[1;35m[5m    Clave: 3: decl1[2][0m
    |---> SÃ­mbolo: decl1[2], CategorÃ­a: (12)ARRAY_ELEMENT, Scope: 2, Type: manguita, Value: 50.321

[1;35m[5m    Clave: 4: decl1[1][0m
    |---> SÃ­mbolo: decl1[1], CategorÃ­a: (12)ARRAY_ELEMENT, Scope: 2, Type: manguita, Value: 40.123

[1;35m[5m    Clave: 5: decl0[1][0m
    |---> SÃ­mbolo: decl0[1], CategorÃ­a: (12)ARRAY_ELEMENT, Scope: 2, Type: manguita, Value: 2.1

[1;35m[5m    Clave: 6: decl0[0][0m
    |---> SÃ­mbolo: decl0[0], CategorÃ­a: (12)ARRAY_ELEMENT, Scope: 2, Type: manguita, Value: 123.12

[1;35m[5m    Clave: 7: decl0[2][0m
    |---> SÃ­mbolo: decl0[2], CategorÃ­a: (12)ARRAY_ELEMENT, Scope: 2, Type: manguita, Value: 30.123

[1;35m[5m    Clave: 8: n1[0m
    |---> SÃ­mbolo: n1, CategorÃ­a: (1)VARIABLE, Scope: 2, Type: manguita, Value: 3.3

[1;35m[5m    Clave: 9: decl2[0m
    |---> SÃ­mbolo: decl2, CategorÃ­a: (11)ARRAY, Scope: 2, Type: manguita, Informacion: decl2[0] decl2[1] , Value: 2

[1;35m[5m    Clave: 10: mango[0m
    |---> SÃ­mbolo: mango, CategorÃ­a: (7)TYPE, Scope: 0

[1;35m[5m    Clave: 11: manguita[0m
    |---> SÃ­mbolo: manguita, CategorÃ­a: (7)TYPE, Scope: 0

[1;35m[5m    Clave: 12: decl0[0m
    |---> SÃ­mbolo: decl0, CategorÃ­a: (11)ARRAY, Scope: 2, Type: manguita, Informacion: decl0[0] decl0[1] decl0[2] , Value: 3

[1;35m[5m    Clave: 13: manguangua[0m
    |---> SÃ­mbolo: manguangua, CategorÃ­a: (7)TYPE, Scope: 0

[1;35m[5m    Clave: 14: negro[0m
    |---> SÃ­mbolo: negro, CategorÃ­a: (7)TYPE, Scope: 0

[1;35m[5m    Clave: 15: tas_claro[0m
    |---> SÃ­mbolo: tas_claro, CategorÃ­a: (7)TYPE, Scope: 0

[1;35m[5m    Clave: 16: decl1[0m
    |---> SÃ­mbolo: decl1, CategorÃ­a: (11)ARRAY, Scope: 2, Type: manguita, Informacion: decl1[0] decl1[1] decl1[2] , Value: 3

[1;35m[5m    Clave: 17: hablame[0m
    |---> SÃ­mbolo: hablame, CategorÃ­a: (2)FUNCTION, Scope: 0

[1;35m[5m    Clave: 18: un_coÃ±o[0m
    |---> SÃ­mbolo: un_coÃ±o, CategorÃ­a: (7)TYPE, Scope: 0

[1;35m[5m    Clave: 19: funcion$[0m
    |---> SÃ­mbolo: funcion$, CategorÃ­a: (7)TYPE, Scope: 0

[1;35m[5m    Clave: 20: decl1[0][0m
    |---> SÃ­mbolo: decl1[0], CategorÃ­a: (12)ARRAY_ELEMENT, Scope: 2, Type: manguita, Value: 30.123

[1;35m[5m    Clave: 21: caramba_Ã±ero[0m
    |---> SÃ­mbolo: caramba_Ã±ero, CategorÃ­a: (7)TYPE, Scope: 0

[1;35m[5m    Clave: 22: se_prende[0m
    |---> SÃ­mbolo: se_prende, CategorÃ­a: (2)FUNCTION, Scope: 0

[1;35m[5m    Clave: 23: higuerote[0m
    |---> SÃ­mbolo: higuerote, CategorÃ­a: (7)TYPE, Scope: 0

[1;35m[5m    Clave: 24: rescata[0m
    |---> SÃ­mbolo: rescata, CategorÃ­a: (2)FUNCTION, Scope: 0

[1;35m[5m    Clave: 25: n0[0m
    |---> SÃ­mbolo: n0, CategorÃ­a: (0)CONSTANT, Scope: 2, Type: manguita, Value: 2.1

--> Print AST? (s/n): [1;36m[5m
               =======================================================
                                   AST Representation                 
               =======================================================
[0m
Programa
|--> Main
     |--> InstrucciÃ³n | Kind: ;
          |--> InstrucciÃ³n | Kind: ;
          |    |--> InstrucciÃ³n | Kind: ;
          |    |    |--> InstrucciÃ³n | Kind: ;
          |    |    |    |--> InstrucciÃ³n | Kind: ;
          |    |    |    |    |--> InstrucciÃ³n | Kind: ;
          |    |    |    |    |    |--> InstrucciÃ³n | Kind: ;
          |    |    |    |    |    |    |--> AsignaciÃ³n | Kind: =
          |    |    |    |    |    |    |    |--> n0 | Category: DeclaraciÃ³n | Type: manguita | Kind: CONSTANTE
          |    |    |    |    |    |    |    |--> Literal | Category: NumÃ©rico | Type: manguita | Value: 2.1
          |    |    |    |    |    |    |--> AsignaciÃ³n | Kind: =
          |    |    |    |    |    |         |--> n1 | Category: DeclaraciÃ³n | Type: manguita | Kind: VARIABLE
          |    |    |    |    |    |         |--> Literal | Category: NumÃ©rico | Type: manguita | Value: 3.3
          |    |    |    |    |    |--> decl0 | Category: DeclaraciÃ³n | Type: manguita | Kind: VARIABLE
          |    |    |    |    |         |--> Literal | Category: Array_Size | Type: mango | Value: 3
          |    |    |    |    |--> AsignaciÃ³n | Kind: =
          |    |    |    |         |--> decl1 | Category: DeclaraciÃ³n | Type: manguita | Kind: CONSTANTE
          |    |    |    |         |    |--> Literal | Category: Array_Size | Type: mango | Value: 3
          |    |    |    |         |--> Literal | Category: Array
          |    |    |    |              |--> Secuencia | Category: ExpresiÃ³n | Kind: ,
          |    |    |    |                   |--> Secuencia | Category: ExpresiÃ³n | Kind: ,
          |    |    |    |                   |    |--> Literal | Category: NumÃ©rico | Type: manguita | Value: 30.123
          |    |    |    |                   |    |--> Literal | Category: NumÃ©rico | Type: manguita | Value: 40.123
          |    |    |    |                   |--> Literal | Category: NumÃ©rico | Type: manguita | Value: 50.321
          |    |    |    |--> AsignaciÃ³n | Kind: =
          |    |    |         |--> decl2 | Category: DeclaraciÃ³n | Type: manguita | Kind: CONSTANTE
          |    |    |         |    |--> Literal | Category: Array_Size | Type: mango | Value: 2
          |    |    |         |--> Literal | Category: Array
          |    |    |              |--> Secuencia | Category: ExpresiÃ³n | Kind: ,
          |    |    |                   |--> n0 | Category: Identificador | Type: manguita | Value: 2.1
          |    |    |                   |--> n1 | Category: Identificador | Type: manguita | Value: 3.3
          |    |    |--> AsignaciÃ³n | Kind: =
          |    |         |--> decl0[0] | Category: Elemento_Array | Type: manguita | Value: 0
          |    |         |--> Literal | Category: NumÃ©rico | Type: manguita | Value: 123.12
          |    |--> AsignaciÃ³n | Kind: =
          |         |--> decl0[1] | Category: Elemento_Array | Type: manguita | Value: 0
          |         |--> n0 | Category: Identificador | Type: manguita | Value: 2.1
          |--> AsignaciÃ³n | Kind: =
               |--> decl0[2] | Category: Elemento_Array | Type: manguita | Value: 0
               |--> decl1[0] | Category: Elemento_Array | Type: manguita | Value: 30.123
--> Print TAC? (s/n): [1;32m[5m
               =======================================================
                       ---->       Correct Program       <----        
               =======================================================
[0m
| Hay un poquito de cÃ³digo en tu marihuana d:-]
