| AcomÃ³date que te lo estan analizando d:-)
--> Print table? (s/n): [1;36m[5m
               =======================================================
                             Symbol Table Representation              
               =======================================================
[0m
[1;35m[5m    Clave: 1: edades[1][0m
    |---> SÃ­mbolo: edades[1], CategorÃ­a: (12)ARRAY_ELEMENT, Scope: 2, Type: mango, Value: 24

[1;35m[5m    Clave: 2: sexos[0m
    |---> SÃ­mbolo: sexos, CategorÃ­a: (11)ARRAY, Scope: 2, Type: negro, Informacion: sexos[0] sexos[1] sexos[2] , Value: 3

[1;35m[5m    Clave: 3: sexos[0][0m
    |---> SÃ­mbolo: sexos[0], CategorÃ­a: (12)ARRAY_ELEMENT, Scope: 2, Type: negro, Value: 'F'

[1;35m[5m    Clave: 4: nombres[0m
    |---> SÃ­mbolo: nombres, CategorÃ­a: (11)ARRAY, Scope: 2, Type: higuerote, Informacion: nombres[0] nombres[1] nombres[2] , Value: 3

[1;35m[5m    Clave: 5: rescata[0m
    |---> SÃ­mbolo: rescata, CategorÃ­a: (2)FUNCTION, Scope: 0

[1;35m[5m    Clave: 6: higuerote[0m
    |---> SÃ­mbolo: higuerote, CategorÃ­a: (7)TYPE, Scope: 0

[1;35m[5m    Clave: 7: se_prende[0m
    |---> SÃ­mbolo: se_prende, CategorÃ­a: (2)FUNCTION, Scope: 0

[1;35m[5m    Clave: 8: yo[0m
    |---> SÃ­mbolo: yo, CategorÃ­a: (4)STRUCT, Scope: 2, Type: Persona, Informacion: yo.nombre yo.sexo yo.edad 

[1;35m[5m    Clave: 9: caramba_Ã±ero[0m
    |---> SÃ­mbolo: caramba_Ã±ero, CategorÃ­a: (7)TYPE, Scope: 0

[1;35m[5m    Clave: 10: funcion$[0m
    |---> SÃ­mbolo: funcion$, CategorÃ­a: (7)TYPE, Scope: 0

[1;35m[5m    Clave: 11: edades[2][0m
    |---> SÃ­mbolo: edades[2], CategorÃ­a: (12)ARRAY_ELEMENT, Scope: 2, Type: mango, Value: 26

[1;35m[5m    Clave: 12: un_coÃ±o[0m
    |---> SÃ­mbolo: un_coÃ±o, CategorÃ­a: (7)TYPE, Scope: 0

[1;35m[5m    Clave: 13: yo.edad[0m
    |---> SÃ­mbolo: yo.edad, CategorÃ­a: (10)STRUCT_ATTRIBUTE, Scope: 2, Type: mango, Value: 26

[1;35m[5m    Clave: 14: tas_claro[0m
    |---> SÃ­mbolo: tas_claro, CategorÃ­a: (7)TYPE, Scope: 0

[1;35m[5m    Clave: 15: sexos[1][0m
    |---> SÃ­mbolo: sexos[1], CategorÃ­a: (12)ARRAY_ELEMENT, Scope: 2, Type: negro, Value: 'M'

[1;35m[5m    Clave: 16: ella[0m
    |---> SÃ­mbolo: ella, CategorÃ­a: (4)STRUCT, Scope: 2, Type: Persona, Informacion: ella.nombre ella.sexo ella.edad 

[1;35m[5m    Clave: 17: nombres[2][0m
    |---> SÃ­mbolo: nombres[2], CategorÃ­a: (12)ARRAY_ELEMENT, Scope: 2, Type: higuerote, Value: "Junior"

[1;35m[5m    Clave: 18: nombres[1][0m
    |---> SÃ­mbolo: nombres[1], CategorÃ­a: (12)ARRAY_ELEMENT, Scope: 2, Type: higuerote, Value: "Jhonaiker"

[1;35m[5m    Clave: 19: negro[0m
    |---> SÃ­mbolo: negro, CategorÃ­a: (7)TYPE, Scope: 0

[1;35m[5m    Clave: 20: Persona[0m
    |---> SÃ­mbolo: Persona, CategorÃ­a: (5)UNION, Scope: 2, Informacion: Persona.nombre Persona.sexo Persona.edad 

[1;35m[5m    Clave: 21: Persona.nombre[0m
    |---> SÃ­mbolo: Persona.nombre, CategorÃ­a: (10)STRUCT_ATTRIBUTE, Scope: 3, Type: higuerote

[1;35m[5m    Clave: 22: manguangua[0m
    |---> SÃ­mbolo: manguangua, CategorÃ­a: (7)TYPE, Scope: 0

[1;35m[5m    Clave: 23: ella.sexo[0m
    |---> SÃ­mbolo: ella.sexo, CategorÃ­a: (10)STRUCT_ATTRIBUTE, Scope: 2, Type: negro

[1;35m[5m    Clave: 24: sexos[2][0m
    |---> SÃ­mbolo: sexos[2], CategorÃ­a: (12)ARRAY_ELEMENT, Scope: 2, Type: negro, Value: 'M'

[1;35m[5m    Clave: 25: Persona.sexo[0m
    |---> SÃ­mbolo: Persona.sexo, CategorÃ­a: (10)STRUCT_ATTRIBUTE, Scope: 3, Type: negro

[1;35m[5m    Clave: 26: el.sexo[0m
    |---> SÃ­mbolo: el.sexo, CategorÃ­a: (10)STRUCT_ATTRIBUTE, Scope: 2, Type: negro

[1;35m[5m    Clave: 27: manguita[0m
    |---> SÃ­mbolo: manguita, CategorÃ­a: (7)TYPE, Scope: 0

[1;35m[5m    Clave: 28: mango[0m
    |---> SÃ­mbolo: mango, CategorÃ­a: (7)TYPE, Scope: 0

[1;35m[5m    Clave: 29: Persona.edad[0m
    |---> SÃ­mbolo: Persona.edad, CategorÃ­a: (10)STRUCT_ATTRIBUTE, Scope: 3, Type: mango

[1;35m[5m    Clave: 30: el[0m
    |---> SÃ­mbolo: el, CategorÃ­a: (4)STRUCT, Scope: 2, Type: Persona, Informacion: el.nombre el.sexo el.edad 

[1;35m[5m    Clave: 31: yo.nombre[0m
    |---> SÃ­mbolo: yo.nombre, CategorÃ­a: (10)STRUCT_ATTRIBUTE, Scope: 2, Type: higuerote

[1;35m[5m    Clave: 32: edades[0][0m
    |---> SÃ­mbolo: edades[0], CategorÃ­a: (12)ARRAY_ELEMENT, Scope: 2, Type: mango, Value: 23

[1;35m[5m    Clave: 33: yo.sexo[0m
    |---> SÃ­mbolo: yo.sexo, CategorÃ­a: (10)STRUCT_ATTRIBUTE, Scope: 2, Type: negro

[1;35m[5m    Clave: 34: ella.nombre[0m
    |---> SÃ­mbolo: ella.nombre, CategorÃ­a: (10)STRUCT_ATTRIBUTE, Scope: 2, Type: higuerote

[1;35m[5m    Clave: 35: ella.edad[0m
    |---> SÃ­mbolo: ella.edad, CategorÃ­a: (10)STRUCT_ATTRIBUTE, Scope: 2, Type: mango, Value: 23

[1;35m[5m    Clave: 36: edades[0m
    |---> SÃ­mbolo: edades, CategorÃ­a: (11)ARRAY, Scope: 2, Type: mango, Informacion: edades[0] edades[1] edades[2] , Value: 3

[1;35m[5m    Clave: 37: el.nombre[0m
    |---> SÃ­mbolo: el.nombre, CategorÃ­a: (10)STRUCT_ATTRIBUTE, Scope: 2, Type: higuerote

[1;35m[5m    Clave: 38: el.edad[0m
    |---> SÃ­mbolo: el.edad, CategorÃ­a: (10)STRUCT_ATTRIBUTE, Scope: 2, Type: mango, Value: 24

[1;35m[5m    Clave: 39: hablame[0m
    |---> SÃ­mbolo: hablame, CategorÃ­a: (2)FUNCTION, Scope: 0

[1;35m[5m    Clave: 40: nombres[0][0m
    |---> SÃ­mbolo: nombres[0], CategorÃ­a: (12)ARRAY_ELEMENT, Scope: 2, Type: higuerote, Value: "Astrid"

--> Print AST? (s/n): [1;36m[5m
               =======================================================
                                   AST Representation                 
               =======================================================
[0m
Programa
|--> Main
     |--> InstrucciÃ³n | Kind: ;
          |--> InstrucciÃ³n | Kind: ;
          |    |--> InstrucciÃ³n | Kind: ;
          |    |    |--> InstrucciÃ³n | Kind: ;
          |    |    |    |--> InstrucciÃ³n | Kind: ;
          |    |    |    |    |--> InstrucciÃ³n | Kind: ;
          |    |    |    |    |    |--> InstrucciÃ³n | Kind: ;
          |    |    |    |    |    |    |--> InstrucciÃ³n | Kind: ;
          |    |    |    |    |    |    |    |--> InstrucciÃ³n | Kind: ;
          |    |    |    |    |    |    |    |    |--> InstrucciÃ³n | Kind: ;
          |    |    |    |    |    |    |    |    |    |--> InstrucciÃ³n | Kind: ;
          |    |    |    |    |    |    |    |    |    |    |--> InstrucciÃ³n | Kind: ;
          |    |    |    |    |    |    |    |    |    |    |    |--> InstrucciÃ³n | Kind: ;
          |    |    |    |    |    |    |    |    |    |    |    |    |--> InstrucciÃ³n | Kind: ;
          |    |    |    |    |    |    |    |    |    |    |    |    |    |--> InstrucciÃ³n | Kind: ;
          |    |    |    |    |    |    |    |    |    |    |    |    |    |    |--> Persona | Category: DeclaraciÃ³n | Type: coliao | Kind: Estructura
          |    |    |    |    |    |    |    |    |    |    |    |    |    |    |    |--> InstrucciÃ³n | Kind: ;
          |    |    |    |    |    |    |    |    |    |    |    |    |    |    |         |--> InstrucciÃ³n | Kind: ;
          |    |    |    |    |    |    |    |    |    |    |    |    |    |    |         |    |--> nombre | Category: Atributo_Estructura | Type: higuerote | Value: ""
          |    |    |    |    |    |    |    |    |    |    |    |    |    |    |         |    |--> sexo | Category: Atributo_Estructura | Type: negro | Value: ''
          |    |    |    |    |    |    |    |    |    |    |    |    |    |    |         |--> edad | Category: Atributo_Estructura | Type: mango | Value: 0
          |    |    |    |    |    |    |    |    |    |    |    |    |    |    |--> yo | Category: DeclaraciÃ³n | Type: Persona | Kind: VARIABLE
          |    |    |    |    |    |    |    |    |    |    |    |    |    |--> ella | Category: DeclaraciÃ³n | Type: Persona | Kind: VARIABLE
          |    |    |    |    |    |    |    |    |    |    |    |    |--> el | Category: DeclaraciÃ³n | Type: Persona | Kind: VARIABLE
          |    |    |    |    |    |    |    |    |    |    |    |--> AsignaciÃ³n | Kind: =
          |    |    |    |    |    |    |    |    |    |    |         |--> yo.nombre | Category: Atributo_Estructura
          |    |    |    |    |    |    |    |    |    |    |         |--> Literal | Category: Cadena de Caracteres | Type: higuerote | Value: "Junior"
          |    |    |    |    |    |    |    |    |    |    |--> AsignaciÃ³n | Kind: =
          |    |    |    |    |    |    |    |    |    |         |--> ella.nombre | Category: Atributo_Estructura
          |    |    |    |    |    |    |    |    |    |         |--> Literal | Category: Cadena de Caracteres | Type: higuerote | Value: "Astrid"
          |    |    |    |    |    |    |    |    |    |--> AsignaciÃ³n | Kind: =
          |    |    |    |    |    |    |    |    |         |--> el.nombre | Category: Atributo_Estructura
          |    |    |    |    |    |    |    |    |         |--> Literal | Category: Cadena de Caracteres | Type: higuerote | Value: "Jhonaiker"
          |    |    |    |    |    |    |    |    |--> AsignaciÃ³n | Kind: =
          |    |    |    |    |    |    |    |         |--> nombres | Category: DeclaraciÃ³n | Type: higuerote | Kind: VARIABLE
          |    |    |    |    |    |    |    |         |    |--> Literal | Category: Array_Size | Type: mango | Value: 3
          |    |    |    |    |    |    |    |         |--> Literal | Category: Array
          |    |    |    |    |    |    |    |              |--> Secuencia | Category: ExpresiÃ³n | Kind: ,
          |    |    |    |    |    |    |    |                   |--> Secuencia | Category: ExpresiÃ³n | Kind: ,
          |    |    |    |    |    |    |    |                   |    |--> ella.nombre | Category: Atributo_Estructura | Type: higuerote | Value: "Astrid"
          |    |    |    |    |    |    |    |                   |    |--> el.nombre | Category: Atributo_Estructura | Type: higuerote | Value: "Jhonaiker"
          |    |    |    |    |    |    |    |                   |--> yo.nombre | Category: Atributo_Estructura | Type: higuerote | Value: "Junior"
          |    |    |    |    |    |    |    |--> AsignaciÃ³n | Kind: =
          |    |    |    |    |    |    |         |--> yo.sexo | Category: Atributo_Estructura
          |    |    |    |    |    |    |         |--> Literal | Category: Caracter | Type: negro | Value: 'M'
          |    |    |    |    |    |    |--> AsignaciÃ³n | Kind: =
          |    |    |    |    |    |         |--> ella.sexo | Category: Atributo_Estructura
          |    |    |    |    |    |         |--> Literal | Category: Caracter | Type: negro | Value: 'F'
          |    |    |    |    |    |--> AsignaciÃ³n | Kind: =
          |    |    |    |    |         |--> el.sexo | Category: Atributo_Estructura
          |    |    |    |    |         |--> Literal | Category: Caracter | Type: negro | Value: 'M'
          |    |    |    |    |--> AsignaciÃ³n | Kind: =
          |    |    |    |         |--> sexos | Category: DeclaraciÃ³n | Type: negro | Kind: VARIABLE
          |    |    |    |         |    |--> Literal | Category: Array_Size | Type: mango | Value: 3
          |    |    |    |         |--> Literal | Category: Array
          |    |    |    |              |--> Secuencia | Category: ExpresiÃ³n | Kind: ,
          |    |    |    |                   |--> Secuencia | Category: ExpresiÃ³n | Kind: ,
          |    |    |    |                   |    |--> ella.sexo | Category: Atributo_Estructura | Type: negro | Value: 'F'
          |    |    |    |                   |    |--> el.sexo | Category: Atributo_Estructura | Type: negro | Value: 'M'
          |    |    |    |                   |--> yo.sexo | Category: Atributo_Estructura | Type: negro | Value: 'M'
          |    |    |    |--> AsignaciÃ³n | Kind: =
          |    |    |         |--> yo.edad | Category: Atributo_Estructura
          |    |    |         |--> Literal | Category: NumÃ©rico | Type: mango | Value: 26
          |    |    |--> AsignaciÃ³n | Kind: =
          |    |         |--> ella.edad | Category: Atributo_Estructura
          |    |         |--> Literal | Category: NumÃ©rico | Type: mango | Value: 23
          |    |--> AsignaciÃ³n | Kind: =
          |         |--> el.edad | Category: Atributo_Estructura
          |         |--> Literal | Category: NumÃ©rico | Type: mango | Value: 24
          |--> AsignaciÃ³n | Kind: =
               |--> edades | Category: DeclaraciÃ³n | Type: mango | Kind: VARIABLE
               |    |--> Literal | Category: Array_Size | Type: mango | Value: 3
               |--> Literal | Category: Array
                    |--> Secuencia | Category: ExpresiÃ³n | Kind: ,
                         |--> Secuencia | Category: ExpresiÃ³n | Kind: ,
                         |    |--> ella.edad | Category: Atributo_Estructura | Type: mango | Value: 23
                         |    |--> el.edad | Category: Atributo_Estructura | Type: mango | Value: 24
                         |--> yo.edad | Category: Atributo_Estructura | Type: mango | Value: 26
--> Print TAC? (s/n): [1;32m[5m
               =======================================================
                       ---->       Correct Program       <----        
               =======================================================
[0m
| Hay un poquito de cÃ³digo en tu marihuana d:-]
