| AcomÃ³date que te lo estan analizando d:-)
Error: TYPE_ERROR
  - Sendo peo en la linea 3, columna 18: Tas en droga?. Tienes CondiciÃ³n de tipo 'mango', se esperaba 'tas_claro'.
  - Sendo peo en la linea 4, columna 13: Tas en droga?. Tienes CondiciÃ³n de tipo 'manguita', se esperaba 'tas_claro'.
  - Sendo peo en la linea 5, columna 18: Tas en droga?. Tienes CondiciÃ³n de tipo 'manguangua', se esperaba 'tas_claro'.
  - Sendo peo en la linea 6, columna 12: Tas en droga?. Tienes CondiciÃ³n de tipo 'negro', se esperaba 'tas_claro'.
  - Sendo peo en la linea 7, columna 17: Tas en droga?. Tienes CondiciÃ³n de tipo 'higuerote', se esperaba 'tas_claro'.
[1;31m[5m
               =======================================================
                       ---->        Error Program        <----        
               =======================================================
[0m
| Hay un poquito de cÃ³digo en tu marihuana d:-]
