| AcomÃ³date que te lo estan analizando d:-)
Error: TYPE_ERROR
  - Sendo peo en la linea 11, columna 25: Tas en droga?. Tienes "value" de tipo 'manguita' y le quieres meter un tipo 'mango', marbaa' bruja.
--> Print AST? (s/n): [1;36m[5m
               =======================================================
                                   AST Representation                 
               =======================================================
[0m
Programa
|--> Main
     |--> InstrucciÃ³n
          |--> InstrucciÃ³n
          |    |--> InstrucciÃ³n
          |    |    |--> AsignaciÃ³n | Kind: =
          |    |    |    |--> p | Category: DeclaraciÃ³n | Type: mango | Kind: VARIABLE
          |    |    |    |--> Literal | Category: Number | Type: mango | Value: 23
          |    |    |--> fun1 | Category: DeclaraciÃ³n | Type: mango | Kind: FunciÃ³n
          |    |         |--> Secuencia | Category: DeclaraciÃ³n | Kind: ,
          |    |         |    |--> Secuencia | Category: DeclaraciÃ³n | Kind: ,
          |    |         |    |    |--> p1 | Category: ParÃ¡metro | Type: mango
          |    |         |    |    |--> p2 | Category: ParÃ¡metro | Type: manguita
          |    |         |    |--> p3 | Category: ParÃ¡metro | Type: mango
          |    |         |--> InstrucciÃ³n
          |    |              |--> InstrucciÃ³n
          |    |              |    |--> AsignaciÃ³n | Kind: =
          |    |              |    |    |--> p1 | Category: Identificador | Type: mango
          |    |              |    |    |--> Literal | Category: Number | Type: mango | Value: 2
          |    |              |    |--> AsignaciÃ³n | Kind: =
          |    |              |         |--> p2 | Category: Identificador | Type: manguita
          |    |              |         |--> Literal | Category: Number | Type: manguita | Value: 3.000000
          |    |              |--> p2 | Category: Identificador | Type: manguita | Value: 3.000000
          |    |--> AsignaciÃ³n | Kind: =
          |         |--> value | Category: DeclaraciÃ³n | Type: manguita | Kind: VARIABLE
          |         |--> Literal | Category: Number | Type: manguita | Value: 1.000000
          |--> AsignaciÃ³n | Kind: =
               |--> value | Category: Identificador | Type: manguita
               |--> fun1 | Category: Llamada_Funcion | Type: mango | Value: 0
                    |--> Secuencia | Category: ExpresiÃ³n | Kind: ,
                         |--> Secuencia | Category: ExpresiÃ³n | Kind: ,
                         |    |--> p | Category: Identificador | Type: mango | Value: 23
                         |    |--> Literal | Category: Number | Type: manguita | Value: 2.000000
                         |--> Literal | Category: Number | Type: mango | Value: 3
[1;31m[5m
               =======================================================
                       ---->        Error Program        <----        
               =======================================================
[0m
| Hay un poquito de cÃ³digo en tu marihuana d:-]
