| AcomÃ³date que te lo estan analizando d:-)
Error: FUNC_PARAM_EXCEEDED
  - Sendo peo en la linea 9, columna 42: No le metas al cuento "fun1" mÃ¡s vainas, no caben loco.
[1;31m[5m
               =======================================================
                       ---->        Error Program        <----        
               =======================================================
[0m
| Hay un poquito de cÃ³digo en tu marihuana d:-]
