| Acom√≥date que te lo estan analizando d:-)
--> Print table? (s/n): [1;36m[5m
               =======================================================
                             Symbol Table Representation              
               =======================================================
[0m
[1;35m[5m    Clave: 1: n2[0m
    |---> S√≠mbolo: n2, Categor√≠a: (1)VARIABLE, Scope: 2, Type: manguangua, Value: 1e+10

[1;35m[5m    Clave: 2: n1[0m
    |---> S√≠mbolo: n1, Categor√≠a: (1)VARIABLE, Scope: 2, Type: manguita, Value: 0.990002

[1;35m[5m    Clave: 3: mango[0m
    |---> S√≠mbolo: mango, Categor√≠a: (7)TYPE, Scope: 0

[1;35m[5m    Clave: 4: manguita[0m
    |---> S√≠mbolo: manguita, Categor√≠a: (7)TYPE, Scope: 0

[1;35m[5m    Clave: 5: resta_manguita[0m
    |---> S√≠mbolo: resta_manguita, Categor√≠a: (1)VARIABLE, Scope: 1, Type: manguita, Value: -0.219998

[1;35m[5m    Clave: 6: manguangua[0m
    |---> S√≠mbolo: manguangua, Categor√≠a: (7)TYPE, Scope: 0

[1;35m[5m    Clave: 7: negro[0m
    |---> S√≠mbolo: negro, Categor√≠a: (7)TYPE, Scope: 0

[1;35m[5m    Clave: 8: tas_claro[0m
    |---> S√≠mbolo: tas_claro, Categor√≠a: (7)TYPE, Scope: 0

[1;35m[5m    Clave: 9: resta_manguangua[0m
    |---> S√≠mbolo: resta_manguangua, Categor√≠a: (1)VARIABLE, Scope: 1, Type: manguangua, Value: -2e+09

[1;35m[5m    Clave: 10: hablame[0m
    |---> S√≠mbolo: hablame, Categor√≠a: (2)FUNCTION, Scope: 0

[1;35m[5m    Clave: 11: un_co√±o[0m
    |---> S√≠mbolo: un_co√±o, Categor√≠a: (7)TYPE, Scope: 0

[1;35m[5m    Clave: 12: funcion$[0m
    |---> S√≠mbolo: funcion$, Categor√≠a: (7)TYPE, Scope: 0

[1;35m[5m    Clave: 13: caramba_√±ero[0m
    |---> S√≠mbolo: caramba_√±ero, Categor√≠a: (7)TYPE, Scope: 0

[1;35m[5m    Clave: 14: se_prende[0m
    |---> S√≠mbolo: se_prende, Categor√≠a: (2)FUNCTION, Scope: 0

[1;35m[5m    Clave: 15: higuerote[0m
    |---> S√≠mbolo: higuerote, Categor√≠a: (7)TYPE, Scope: 0

[1;35m[5m    Clave: 16: rescata[0m
    |---> S√≠mbolo: rescata, Categor√≠a: (2)FUNCTION, Scope: 0

[1;35m[5m    Clave: 17: n0[0m
    |---> S√≠mbolo: n0, Categor√≠a: (1)VARIABLE, Scope: 2, Type: mango, Value: 1

[1;35m[5m    Clave: 18: resta_mango[0m
    |---> S√≠mbolo: resta_mango, Categor√≠a: (1)VARIABLE, Scope: 1, Type: mango, Value: 0

--> Print AST? (s/n): [1;36m[5m
               =======================================================
                                   AST Representation                 
               =======================================================
[0m
Programa
|--> Global
|    |--> Instrucci√≥n | Kind: ;
|         |--> Instrucci√≥n | Kind: ;
|         |    |--> resta_mango | Category: Declaraci√≥n | Type: mango | Kind: VARIABLE
|         |    |--> resta_manguita | Category: Declaraci√≥n | Type: manguita | Kind: VARIABLE
|         |--> resta_manguangua | Category: Declaraci√≥n | Type: manguangua | Kind: VARIABLE
|--> Main
     |--> Instrucci√≥n | Kind: ;
          |--> Instrucci√≥n | Kind: ;
          |    |--> Instrucci√≥n | Kind: ;
          |    |    |--> Instrucci√≥n | Kind: ;
          |    |    |    |--> Instrucci√≥n | Kind: ;
          |    |    |    |    |--> Instrucci√≥n | Kind: ;
          |    |    |    |    |    |--> Instrucci√≥n | Kind: ;
          |    |    |    |    |    |    |--> Instrucci√≥n | Kind: ;
          |    |    |    |    |    |    |    |--> Instrucci√≥n | Kind: ;
          |    |    |    |    |    |    |    |    |--> Instrucci√≥n | Kind: ;
          |    |    |    |    |    |    |    |    |    |--> Instrucci√≥n | Kind: ;
          |    |    |    |    |    |    |    |    |    |    |--> Instrucci√≥n | Kind: ;
          |    |    |    |    |    |    |    |    |    |    |    |--> Instrucci√≥n | Kind: ;
          |    |    |    |    |    |    |    |    |    |    |    |    |--> Instrucci√≥n | Kind: ;
          |    |    |    |    |    |    |    |    |    |    |    |    |    |--> Asignaci√≥n | Kind: =
          |    |    |    |    |    |    |    |    |    |    |    |    |    |    |--> n0 | Category: Declaraci√≥n | Type: mango | Kind: VARIABLE
          |    |    |    |    |    |    |    |    |    |    |    |    |    |    |--> Literal | Category: Num√©rico | Type: mango | Value: -8
          |    |    |    |    |    |    |    |    |    |    |    |    |    |--> Asignaci√≥n | Type: mango | Kind: = | Value: -19
          |    |    |    |    |    |    |    |    |    |    |    |    |         |--> n0 | Category: Identificador | Type: mango | Value: -8
          |    |    |    |    |    |    |    |    |    |    |    |    |         |--> - | Category: Operaci√≥n | Type: mango | Kind: Num√©rica | Value: -19
          |    |    |    |    |    |    |    |    |    |    |    |    |              |--> n0 | Category: Identificador | Type: mango | Value: -8
          |    |    |    |    |    |    |    |    |    |    |    |    |              |--> Literal | Category: Num√©rico | Type: mango | Value: 11
          |    |    |    |    |    |    |    |    |    |    |    |    |--> Asignaci√≥n | Type: mango | Kind: = | Value: -31
          |    |    |    |    |    |    |    |    |    |    |    |         |--> n0 | Category: Identificador | Type: mango | Value: -19
          |    |    |    |    |    |    |    |    |    |    |    |         |--> - | Category: Operaci√≥n | Type: mango | Kind: Num√©rica | Value: -31
          |    |    |    |    |    |    |    |    |    |    |    |              |--> - | Category: Operaci√≥n | Type: mango | Kind: Num√©rica | Value: -27
          |    |    |    |    |    |    |    |    |    |    |    |              |    |--> n0 | Category: Identificador | Type: mango | Value: -19
          |    |    |    |    |    |    |    |    |    |    |    |              |    |--> Literal | Category: Num√©rico | Type: mango | Value: 8
          |    |    |    |    |    |    |    |    |    |    |    |              |--> Literal | Category: Num√©rico | Type: mango | Value: 4
          |    |    |    |    |    |    |    |    |    |    |    |--> Asignaci√≥n | Type: mango | Kind: = | Value: 1
          |    |    |    |    |    |    |    |    |    |    |         |--> n0 | Category: Identificador | Type: mango | Value: -31
          |    |    |    |    |    |    |    |    |    |    |         |--> - | Category: Operaci√≥n | Type: mango | Kind: Num√©rica | Value: 1
          |    |    |    |    |    |    |    |    |    |    |              |--> - | Category: Operaci√≥n | Type: mango | Kind: Num√©rica | Value: -32
          |    |    |    |    |    |    |    |    |    |    |              |    |--> n0 | Category: Identificador | Type: mango | Value: -31
          |    |    |    |    |    |    |    |    |    |    |              |    |--> Literal | Category: Num√©rico | Type: mango | Value: 1
          |    |    |    |    |    |    |    |    |    |    |              |--> - | Category: Operaci√≥n | Type: mango | Kind: Num√©rica | Value: -33
          |    |    |    |    |    |    |    |    |    |    |                   |--> n0 | Category: Identificador | Type: mango | Value: -31
          |    |    |    |    |    |    |    |    |    |    |                   |--> Literal | Category: Num√©rico | Type: mango | Value: 2
          |    |    |    |    |    |    |    |    |    |    |--> Asignaci√≥n | Type: mango | Kind: = | Value: 0
          |    |    |    |    |    |    |    |    |    |         |--> resta_mango | Category: Identificador | Type: mango
          |    |    |    |    |    |    |    |    |    |         |--> - | Category: Operaci√≥n | Type: mango | Kind: Num√©rica | Value: 0
          |    |    |    |    |    |    |    |    |    |              |--> n0 | Category: Identificador | Type: mango | Value: 1
          |    |    |    |    |    |    |    |    |    |              |--> Literal | Category: Num√©rico | Type: mango | Value: 1
          |    |    |    |    |    |    |    |    |    |--> Asignaci√≥n | Kind: =
          |    |    |    |    |    |    |    |    |         |--> n1 | Category: Declaraci√≥n | Type: manguita | Kind: VARIABLE
          |    |    |    |    |    |    |    |    |         |--> Literal | Category: Num√©rico | Type: manguita | Value: -8.9
          |    |    |    |    |    |    |    |    |--> Asignaci√≥n | Type: manguita | Kind: = | Value: -20.1
          |    |    |    |    |    |    |    |         |--> n1 | Category: Identificador | Type: manguita | Value: -8.9
          |    |    |    |    |    |    |    |         |--> - | Category: Operaci√≥n | Type: manguita | Kind: Num√©rica | Value: -20.1
          |    |    |    |    |    |    |    |              |--> n1 | Category: Identificador | Type: manguita | Value: -8.9
          |    |    |    |    |    |    |    |              |--> Literal | Category: Num√©rico | Type: manguita | Value: 11.2
          |    |    |    |    |    |    |    |--> Asignaci√≥n | Type: manguita | Kind: = | Value: -32.92
          |    |    |    |    |    |    |         |--> n1 | Category: Identificador | Type: manguita | Value: -20.1
          |    |    |    |    |    |    |         |--> - | Category: Operaci√≥n | Type: manguita | Kind: Num√©rica | Value: -32.92
          |    |    |    |    |    |    |              |--> - | Category: Operaci√≥n | Type: manguita | Kind: Num√©rica | Value: -28.8
          |    |    |    |    |    |    |              |    |--> n1 | Category: Identificador | Type: manguita | Value: -20.1
          |    |    |    |    |    |    |              |    |--> Literal | Category: Num√©rico | Type: manguita | Value: 8.7
          |    |    |    |    |    |    |              |--> Literal | Category: Num√©rico | Type: manguita | Value: 4.12
          |    |    |    |    |    |    |--> Asignaci√≥n | Type: manguita | Kind: = | Value: 0.990002
          |    |    |    |    |    |         |--> n1 | Category: Identificador | Type: manguita | Value: -32.92
          |    |    |    |    |    |         |--> - | Category: Operaci√≥n | Type: manguita | Kind: Num√©rica | Value: 0.990002
          |    |    |    |    |    |              |--> - | Category: Operaci√≥n | Type: manguita | Kind: Num√©rica | Value: -34.15
          |    |    |    |    |    |              |    |--> n1 | Category: Identificador | Type: manguita | Value: -32.92
          |    |    |    |    |    |              |    |--> Literal | Category: Num√©rico | Type: manguita | Value: 1.23
          |    |    |    |    |    |              |--> - | Category: Operaci√≥n | Type: manguita | Kind: Num√©rica | Value: -35.14
          |    |    |    |    |    |                   |--> n1 | Category: Identificador | Type: manguita | Value: -32.92
          |    |    |    |    |    |                   |--> Literal | Category: Num√©rico | Type: manguita | Value: 2.22
          |    |    |    |    |    |--> Asignaci√≥n | Type: manguita | Kind: = | Value: -0.219998
          |    |    |    |    |         |--> resta_manguita | Category: Identificador | Type: manguita
          |    |    |    |    |         |--> - | Category: Operaci√≥n | Type: manguita | Kind: Num√©rica | Value: -0.219998
          |    |    |    |    |              |--> n1 | Category: Identificador | Type: manguita | Value: 0.990002
          |    |    |    |    |              |--> Literal | Category: Num√©rico | Type: manguita | Value: 1.21
          |    |    |    |    |--> Asignaci√≥n | Kind: =
          |    |    |    |         |--> n2 | Category: Declaraci√≥n | Type: manguangua | Kind: VARIABLE
          |    |    |    |         |--> Literal | Category: Num√©rico | Type: manguangua | Value: 8.2e+10
          |    |    |    |--> Asignaci√≥n | Type: manguangua | Kind: = | Value: -3e+10
          |    |    |         |--> n2 | Category: Identificador | Type: manguangua | Value: 8.2e+10
          |    |    |         |--> - | Category: Operaci√≥n | Type: manguangua | Kind: Num√©rica | Value: -3e+10
          |    |    |              |--> n2 | Category: Identificador | Type: manguangua | Value: 8.2e+10
          |    |    |              |--> Literal | Category: Num√©rico | Type: manguangua | Value: 1.12e+11
          |    |    |--> Asignaci√≥n | Type: manguangua | Kind: = | Value: -1.54e+11
          |    |         |--> n2 | Category: Identificador | Type: manguangua | Value: -3e+10
          |    |         |--> - | Category: Operaci√≥n | Type: manguangua | Kind: Num√©rica | Value: -1.54e+11
          |    |              |--> - | Category: Operaci√≥n | Type: manguangua | Kind: Num√©rica | Value: -1.12e+11
          |    |              |    |--> n2 | Category: Identificador | Type: manguangua | Value: -3e+10
          |    |              |    |--> Literal | Category: Num√©rico | Type: manguangua | Value: 8.2e+10
          |    |              |--> Literal | Category: Num√©rico | Type: manguangua | Value: 4.2e+10
          |    |--> Asignaci√≥n | Type: manguangua | Kind: = | Value: 1e+10
          |         |--> n2 | Category: Identificador | Type: manguangua | Value: -1.54e+11
          |         |--> - | Category: Operaci√≥n | Type: manguangua | Kind: Num√©rica | Value: 1e+10
          |              |--> - | Category: Operaci√≥n | Type: manguangua | Kind: Num√©rica | Value: -1.66e+11
          |              |    |--> n2 | Category: Identificador | Type: manguangua | Value: -1.54e+11
          |              |    |--> Literal | Category: Num√©rico | Type: manguangua | Value: 1.2e+10
          |              |--> - | Category: Operaci√≥n | Type: manguangua | Kind: Num√©rica | Value: -1.76e+11
          |                   |--> n2 | Category: Identificador | Type: manguangua | Value: -1.54e+11
          |                   |--> Literal | Category: Num√©rico | Type: manguangua | Value: 2.2e+10
          |--> Asignaci√≥n | Type: manguangua | Kind: = | Value: -2e+09
               |--> resta_manguangua | Category: Identificador | Type: manguangua
               |--> - | Category: Operaci√≥n | Type: manguangua | Kind: Num√©rica | Value: -2e+09
                    |--> n2 | Category: Identificador | Type: manguangua | Value: 1e+10
                    |--> Literal | Category: Num√©rico | Type: manguangua | Value: 1.2e+10
--> Print TAC? (s/n): [1;32m[5m
               =======================================================
                       ---->       Correct Program       <----        
               =======================================================
[0m
| Hay un poquito de c√≥digo en tu marihuana d:-]
