| AcomÃ³date que te lo estan analizando d:-)
--> Print table? (s/n): [1;36m[5m
               =======================================================
                             Symbol Table Representation              
               =======================================================
[0m
[1;35m[5m    Clave: 1: n2[0m
    |---> SÃ­mbolo: n2, CategorÃ­a: (1)VARIABLE, Scope: 2, Type: manguangua, Value: 7671.11

[1;35m[5m    Clave: 2: n1[0m
    |---> SÃ­mbolo: n1, CategorÃ­a: (1)VARIABLE, Scope: 2, Type: manguita, Value: 7.7

[1;35m[5m    Clave: 3: mango[0m
    |---> SÃ­mbolo: mango, CategorÃ­a: (7)TYPE, Scope: 0

[1;35m[5m    Clave: 4: manguita[0m
    |---> SÃ­mbolo: manguita, CategorÃ­a: (7)TYPE, Scope: 0

[1;35m[5m    Clave: 5: manguangua[0m
    |---> SÃ­mbolo: manguangua, CategorÃ­a: (7)TYPE, Scope: 0

[1;35m[5m    Clave: 6: negro[0m
    |---> SÃ­mbolo: negro, CategorÃ­a: (7)TYPE, Scope: 0

[1;35m[5m    Clave: 7: tas_claro[0m
    |---> SÃ­mbolo: tas_claro, CategorÃ­a: (7)TYPE, Scope: 0

[1;35m[5m    Clave: 8: hablame[0m
    |---> SÃ­mbolo: hablame, CategorÃ­a: (2)FUNCTION, Scope: 0

[1;35m[5m    Clave: 9: un_coÃ±o[0m
    |---> SÃ­mbolo: un_coÃ±o, CategorÃ­a: (7)TYPE, Scope: 0

[1;35m[5m    Clave: 10: funcion$[0m
    |---> SÃ­mbolo: funcion$, CategorÃ­a: (7)TYPE, Scope: 0

[1;35m[5m    Clave: 11: caramba_Ã±ero[0m
    |---> SÃ­mbolo: caramba_Ã±ero, CategorÃ­a: (7)TYPE, Scope: 0

[1;35m[5m    Clave: 12: se_prende[0m
    |---> SÃ­mbolo: se_prende, CategorÃ­a: (2)FUNCTION, Scope: 0

[1;35m[5m    Clave: 13: higuerote[0m
    |---> SÃ­mbolo: higuerote, CategorÃ­a: (7)TYPE, Scope: 0

[1;35m[5m    Clave: 14: rescata[0m
    |---> SÃ­mbolo: rescata, CategorÃ­a: (2)FUNCTION, Scope: 0

[1;35m[5m    Clave: 15: n0[0m
    |---> SÃ­mbolo: n0, CategorÃ­a: (1)VARIABLE, Scope: 2, Type: mango, Value: 8

--> Print AST? (s/n): [1;36m[5m
               =======================================================
                                   AST Representation                 
               =======================================================
[0m
Programa
|--> Main
     |--> InstrucciÃ³n | Kind: ;
          |--> InstrucciÃ³n | Kind: ;
          |    |--> InstrucciÃ³n | Kind: ;
          |    |    |--> InstrucciÃ³n | Kind: ;
          |    |    |    |--> InstrucciÃ³n | Kind: ;
          |    |    |    |    |--> AsignaciÃ³n | Kind: =
          |    |    |    |    |    |--> n0 | Category: DeclaraciÃ³n | Type: mango | Kind: VARIABLE
          |    |    |    |    |    |--> Literal | Category: NumÃ©rico | Type: mango | Value: -8
          |    |    |    |    |--> Suma Compuesta | Category: OperaciÃ³n | Type: mango | Kind: += | Value: 8
          |    |    |    |         |--> n0 | Category: Identificador | Type: mango | Value: -8
          |    |    |    |         |--> Literal | Category: NumÃ©rico | Type: mango | Value: 16
          |    |    |    |--> AsignaciÃ³n | Kind: =
          |    |    |         |--> n1 | Category: DeclaraciÃ³n | Type: manguita | Kind: VARIABLE
          |    |    |         |--> Literal | Category: NumÃ©rico | Type: manguita | Value: -8.5
          |    |    |--> Suma Compuesta | Category: OperaciÃ³n | Type: manguita | Kind: += | Value: 7.7
          |    |         |--> n1 | Category: Identificador | Type: manguita | Value: -8.5
          |    |         |--> Literal | Category: NumÃ©rico | Type: manguita | Value: 16.2
          |    |--> AsignaciÃ³n | Kind: =
          |         |--> n2 | Category: DeclaraciÃ³n | Type: manguangua | Kind: VARIABLE
          |         |--> Literal | Category: NumÃ©rico | Type: manguangua | Value: -8541.23
          |--> Suma Compuesta | Category: OperaciÃ³n | Type: manguangua | Kind: += | Value: 7671.11
               |--> n2 | Category: Identificador | Type: manguangua | Value: -8541.23
               |--> Literal | Category: NumÃ©rico | Type: manguangua | Value: 16212.3
--> Print TAC? (s/n): [1;36m[5m
               =======================================================
                                   TAC Representation                 
               =======================================================
[0m

.declaration:
Scope 2: 
n0: alloc 4
n1: alloc 8
n2: alloc 16

.code:
n0 := -8
n0 := n0 + 16
n1 := -8.500000
n1 := n1 + 16.200001
n2 := -8541.231000
n2 := n2 + 16212.340000
[1;32m[5m
               =======================================================
                       ---->       Correct Program       <----        
               =======================================================
[0m
| Hay un poquito de cÃ³digo en tu marihuana d:-]
