| AcomÃ³date que te lo estan analizando d:-)
--> Print Symbol Table? (s/n): [1;36m[5m
               =======================================================
                             Symbol Table Representation              
               =======================================================
[0m
[1;35m[5m    Clave: 1: i[0m
    |---> SÃ­mbolo: i, CategorÃ­a: (13)VAR_FOR, Scope: 3, Type: mango, Informacion: 1 10 , Value: 1

    |---> SÃ­mbolo: i, CategorÃ­a: (13)VAR_FOR, Scope: 4, Type: mango, Informacion: -20 -1 , Value: -20

    |---> SÃ­mbolo: i, CategorÃ­a: (13)VAR_FOR, Scope: 5, Type: mango, Informacion: 20 0 , Value: 20

    |---> SÃ­mbolo: i, CategorÃ­a: (13)VAR_FOR, Scope: 6, Type: mango, Informacion: -1 -20 , Value: -1

[1;35m[5m    Clave: 2: mango[0m
    |---> SÃ­mbolo: mango, CategorÃ­a: (7)TYPE, Scope: 0

[1;35m[5m    Clave: 3: manguita[0m
    |---> SÃ­mbolo: manguita, CategorÃ­a: (7)TYPE, Scope: 0

[1;35m[5m    Clave: 4: manguangua[0m
    |---> SÃ­mbolo: manguangua, CategorÃ­a: (7)TYPE, Scope: 0

[1;35m[5m    Clave: 5: tas_claro[0m
    |---> SÃ­mbolo: tas_claro, CategorÃ­a: (7)TYPE, Scope: 0

[1;35m[5m    Clave: 6: hablame[0m
    |---> SÃ­mbolo: hablame, CategorÃ­a: (2)FUNCTION, Scope: 0

[1;35m[5m    Clave: 7: un_coÃ±o[0m
    |---> SÃ­mbolo: un_coÃ±o, CategorÃ­a: (7)TYPE, Scope: 0

[1;35m[5m    Clave: 8: funcion$[0m
    |---> SÃ­mbolo: funcion$, CategorÃ­a: (7)TYPE, Scope: 0

[1;35m[5m    Clave: 9: caramba_Ã±ero[0m
    |---> SÃ­mbolo: caramba_Ã±ero, CategorÃ­a: (7)TYPE, Scope: 0

[1;35m[5m    Clave: 10: se_prende[0m
    |---> SÃ­mbolo: se_prende, CategorÃ­a: (2)FUNCTION, Scope: 0

[1;35m[5m    Clave: 11: higuerote[0m
    |---> SÃ­mbolo: higuerote, CategorÃ­a: (7)TYPE, Scope: 0

[1;35m[5m    Clave: 12: rescata[0m
    |---> SÃ­mbolo: rescata, CategorÃ­a: (2)FUNCTION, Scope: 0

[1;35m[5m    Clave: 13: negro[0m
    |---> SÃ­mbolo: negro, CategorÃ­a: (7)TYPE, Scope: 0

[1;35m[5m    Clave: 14: n[0m
    |---> SÃ­mbolo: n, CategorÃ­a: (1)VARIABLE, Scope: 2, Type: mango, Value: 5

--> Print AST? (s/n): [1;36m[5m
               =======================================================
                                   AST Representation                 
               =======================================================
[0m
Programa
|--> Main
     |--> InstrucciÃ³n | Kind: ;
          |--> InstrucciÃ³n | Kind: ;
          |    |--> InstrucciÃ³n | Kind: ;
          |    |    |--> InstrucciÃ³n | Kind: ;
          |    |    |    |--> AsignaciÃ³n | Kind: =
          |    |    |    |    |--> n | Category: DeclaraciÃ³n | Type: mango | Kind: VARIABLE
          |    |    |    |    |--> Literal | Category: NumÃ©rico | Type: mango | Value: 5
          |    |    |    |--> Bucle | Category: Determinado
          |    |    |         |--> i | Category: Var_Ciclo | Type: mango | Value: 1
          |    |    |         |    |--> entre | Category: Rango
          |    |    |         |    |    |--> Literal | Category: NumÃ©rico | Type: mango | Value: 1
          |    |    |         |    |--> hasta | Category: Rango
          |    |    |         |         |--> Literal | Category: NumÃ©rico | Type: mango | Value: 10
          |    |    |         |--> AsignaciÃ³n | Type: mango | Kind: = | Value: 6
          |    |    |              |--> n | Category: Identificador | Type: mango | Value: 5
          |    |    |              |--> + | Category: OperaciÃ³n | Type: mango | Kind: NumÃ©rica | Value: 6
          |    |    |                   |--> n | Category: Identificador | Type: mango | Value: 5
          |    |    |                   |--> i | Category: Identificador | Type: mango | Value: 1
          |    |    |--> Bucle | Category: Determinado
          |    |         |--> i | Category: Var_Ciclo | Type: mango | Value: -20
          |    |         |    |--> entre | Category: Rango
          |    |         |    |    |--> Literal | Category: NumÃ©rico | Type: mango | Value: -20
          |    |         |    |--> hasta | Category: Rango
          |    |         |         |--> Literal | Category: NumÃ©rico | Type: mango | Value: -1
          |    |         |--> AsignaciÃ³n | Type: mango | Kind: = | Value: -14
          |    |              |--> n | Category: Identificador | Type: mango | Value: 6
          |    |              |--> + | Category: OperaciÃ³n | Type: mango | Kind: NumÃ©rica | Value: -14
          |    |                   |--> n | Category: Identificador | Type: mango | Value: 6
          |    |                   |--> i | Category: Identificador | Type: mango | Value: -20
          |    |--> Bucle | Category: Determinado
          |         |--> i | Category: Var_Ciclo | Type: mango | Value: 20
          |         |    |--> entre | Category: Rango
          |         |    |    |--> Literal | Category: NumÃ©rico | Type: mango | Value: 20
          |         |    |--> hasta | Category: Rango
          |         |         |--> Literal | Category: NumÃ©rico | Type: mango | Value: 0
          |         |--> AsignaciÃ³n | Type: mango | Kind: = | Value: 6
          |              |--> n | Category: Identificador | Type: mango | Value: -14
          |              |--> + | Category: OperaciÃ³n | Type: mango | Kind: NumÃ©rica | Value: 6
          |                   |--> n | Category: Identificador | Type: mango | Value: -14
          |                   |--> i | Category: Identificador | Type: mango | Value: 20
          |--> Bucle | Category: Determinado
               |--> i | Category: Var_Ciclo | Type: mango | Value: -1
               |    |--> entre | Category: Rango
               |    |    |--> Literal | Category: NumÃ©rico | Type: mango | Value: -1
               |    |--> hasta | Category: Rango
               |         |--> Literal | Category: NumÃ©rico | Type: mango | Value: -20
               |--> AsignaciÃ³n | Type: mango | Kind: = | Value: 5
                    |--> n | Category: Identificador | Type: mango | Value: 6
                    |--> + | Category: OperaciÃ³n | Type: mango | Kind: NumÃ©rica | Value: 5
                         |--> n | Category: Identificador | Type: mango | Value: 6
                         |--> i | Category: Identificador | Type: mango | Value: -1
--> Print TAC? (s/n): --> Print Control Flow Graphs? (s/n): [1;32m[5m
               =======================================================
                       ---->       Correct Program       <----        
               =======================================================
[0m
| Hay un poquito de cÃ³digo en tu marihuana d:-]
