| AcomÃ³date que te lo estan analizando d:-)
--> Print Symbol Table? (s/n): [1;36m[5m
               =======================================================
                             Symbol Table Representation              
               =======================================================
[0m
[1;35m[5m    Clave: 1: n[0m
    |---> SÃ­mbolo: n, CategorÃ­a: (6)ID, DeclaraciÃ³n: (0)VARIABLE, Scope: 2, Type: mango, Value: 0

[1;35m[5m    Clave: 2: suma[0m
    |---> SÃ­mbolo: suma, CategorÃ­a: (6)ID, DeclaraciÃ³n: (0)VARIABLE, Scope: 2, Type: mango, Value: 0

[1;35m[5m    Clave: 3: rescata[0m
    |---> SÃ­mbolo: rescata, CategorÃ­a: (1)FUNCTION, DeclaraciÃ³n: (1)CONSTANT, Scope: 0

[1;35m[5m    Clave: 4: se_prende[0m
    |---> SÃ­mbolo: se_prende, CategorÃ­a: (1)FUNCTION, DeclaraciÃ³n: (1)CONSTANT, Scope: 0

[1;35m[5m    Clave: 5: caramba_Ã±ero[0m
    |---> SÃ­mbolo: caramba_Ã±ero, CategorÃ­a: (0)TYPE, DeclaraciÃ³n: (1)CONSTANT, Scope: 0

[1;35m[5m    Clave: 6: un_coÃ±o[0m
    |---> SÃ­mbolo: un_coÃ±o, CategorÃ­a: (0)TYPE, DeclaraciÃ³n: (1)CONSTANT, Scope: 0

[1;35m[5m    Clave: 7: hablame[0m
    |---> SÃ­mbolo: hablame, CategorÃ­a: (1)FUNCTION, DeclaraciÃ³n: (1)CONSTANT, Scope: 0

[1;35m[5m    Clave: 8: tas_claro[0m
    |---> SÃ­mbolo: tas_claro, CategorÃ­a: (0)TYPE, DeclaraciÃ³n: (1)CONSTANT, Scope: 0

[1;35m[5m    Clave: 9: negro[0m
    |---> SÃ­mbolo: negro, CategorÃ­a: (0)TYPE, DeclaraciÃ³n: (1)CONSTANT, Scope: 0

[1;35m[5m    Clave: 10: higuerote[0m
    |---> SÃ­mbolo: higuerote, CategorÃ­a: (0)TYPE, DeclaraciÃ³n: (1)CONSTANT, Scope: 0

[1;35m[5m    Clave: 11: manguangua[0m
    |---> SÃ­mbolo: manguangua, CategorÃ­a: (0)TYPE, DeclaraciÃ³n: (1)CONSTANT, Scope: 0

[1;35m[5m    Clave: 12: manguita[0m
    |---> SÃ­mbolo: manguita, CategorÃ­a: (0)TYPE, DeclaraciÃ³n: (1)CONSTANT, Scope: 0

[1;35m[5m    Clave: 13: mango[0m
    |---> SÃ­mbolo: mango, CategorÃ­a: (0)TYPE, DeclaraciÃ³n: (1)CONSTANT, Scope: 0

--> Print AST? (s/n): [1;36m[5m
               =======================================================
                                   AST Representation                 
               =======================================================
[0m
Programa
|--> Main
     |--> InstrucciÃ³n | Kind: ;
          |--> InstrucciÃ³n | Kind: ;
          |    |--> AsignaciÃ³n | Kind: =
          |    |    |--> suma | Category: DeclaraciÃ³n | Type: mango | Kind: VARIABLE
          |    |    |--> Literal | Category: NumÃ©rico | Type: mango | Value: 0
          |    |--> n | Category: DeclaraciÃ³n | Type: mango | Kind: VARIABLE
          |--> Bucle | Category: Indeterminado
               |--> echale_bolas_si
                    |--> Guardia
                    |    |--> Literal | Category: Bool | Type: tas_claro | Kind: Sisa | Value: 1
                    |--> InstrucciÃ³n | Kind: ;
                         |--> InstrucciÃ³n | Kind: ;
                         |    |--> AsignaciÃ³n | Type: mango | Kind: = | Value: 0
                         |    |    |--> n | Category: Identificador | Type: mango | Value: 0
                         |    |    |--> Literal | Category: NumÃ©rico | Type: mango | Kind: CAST(higuerote) | Value: 0
                         |    |         |--> hablame | Category: input | Type: higuerote | Value: "0"
                         |    |              |--> Literal | Category: Cadena de Caracteres | Type: higuerote | Value: ""
                         |    |--> CondiciÃ³n
                         |         |--> si_es_asi
                         |              |--> Guardia
                         |              |    |--> igualito | Category: OperaciÃ³n | Type: tas_claro | Kind: Booleana | Value: 1
                         |              |         |--> n | Category: Identificador | Type: mango | Value: 0
                         |              |         |--> Literal | Category: NumÃ©rico | Type: mango | Value: 0
                         |              |--> uy_kieto | Category: Control de Flujo
                         |--> Suma Compuesta | Category: OperaciÃ³n | Type: mango | Kind: += | Value: 0
                              |--> suma | Category: Identificador | Type: mango | Value: 0
                              |--> n | Category: Identificador | Type: mango | Value: 0
--> Print TAC? (s/n): --> Print Control Flow Graphs? (s/n): [1;32m[5m
               =======================================================
                       ---->       Correct Program       <----        
               =======================================================
[0m
| Hay un poquito de cÃ³digo en tu marihuana d:-]
