| AcomÃ³date que te lo estan analizando d:-)
--> Print table? (s/n): [1;36m[5m
               =======================================================
                             Symbol Table Representation              
               =======================================================
[0m
    Clave: 1: n2
       SÃ­mbolo: n2, CategorÃ­a: (1)VARIABLE, Scope: 2, Type: manguangua, Informacion: - , Value: 1e+10

    Clave: 2: n1
       SÃ­mbolo: n1, CategorÃ­a: (1)VARIABLE, Scope: 2, Type: manguita, Informacion: - , Value: 0.990002

    Clave: 3: n0
       SÃ­mbolo: n0, CategorÃ­a: (1)VARIABLE, Scope: 2, Type: mango, Informacion: - , Value: 1

    Clave: 4: resta_mango
       SÃ­mbolo: resta_mango, CategorÃ­a: (1)VARIABLE, Scope: 1, Type: mango, Value: 0

    Clave: 5: mango
       SÃ­mbolo: mango, CategorÃ­a: (7)TYPE, Scope: 0

    Clave: 6: manguita
       SÃ­mbolo: manguita, CategorÃ­a: (7)TYPE, Scope: 0

    Clave: 7: resta_manguita
       SÃ­mbolo: resta_manguita, CategorÃ­a: (1)VARIABLE, Scope: 1, Type: manguita, Value: -0.219998

    Clave: 8: manguangua
       SÃ­mbolo: manguangua, CategorÃ­a: (7)TYPE, Scope: 0

    Clave: 9: negro
       SÃ­mbolo: negro, CategorÃ­a: (7)TYPE, Scope: 0

    Clave: 10: tas_claro
       SÃ­mbolo: tas_claro, CategorÃ­a: (7)TYPE, Scope: 0

    Clave: 11: resta_manguangua
       SÃ­mbolo: resta_manguangua, CategorÃ­a: (1)VARIABLE, Scope: 1, Type: manguangua, Value: -2e+09

    Clave: 12: hablame
       SÃ­mbolo: hablame, CategorÃ­a: (2)FUNCTION, Scope: 0

    Clave: 13: un_coÃ±o
       SÃ­mbolo: un_coÃ±o, CategorÃ­a: (7)TYPE, Scope: 0

    Clave: 14: array$
       SÃ­mbolo: array$, CategorÃ­a: (7)TYPE, Scope: 0

    Clave: 15: funcion$
       SÃ­mbolo: funcion$, CategorÃ­a: (7)TYPE, Scope: 0

    Clave: 16: error$
       SÃ­mbolo: error$, CategorÃ­a: (7)TYPE, Scope: 0

    Clave: 17: higuerote
       SÃ­mbolo: higuerote, CategorÃ­a: (7)TYPE, Scope: 0

    Clave: 18: rescata
       SÃ­mbolo: rescata, CategorÃ­a: (2)FUNCTION, Scope: 0

    Clave: 19: se_prende
       SÃ­mbolo: se_prende, CategorÃ­a: (2)FUNCTION, Scope: 0

--> Print AST? (s/n): [1;36m[5m
               =======================================================
                                   AST Representation                 
               =======================================================
[0m
Programa
|--> Global
|    |--> InstrucciÃ³n | Kind: ;
|         |--> InstrucciÃ³n | Kind: ;
|         |    |--> resta_mango | Category: DeclaraciÃ³n | Type: mango | Kind: VARIABLE
|         |    |--> resta_manguita | Category: DeclaraciÃ³n | Type: manguita | Kind: VARIABLE
|         |--> resta_manguangua | Category: DeclaraciÃ³n | Type: manguangua | Kind: VARIABLE
|--> Main
     |--> InstrucciÃ³n | Kind: ;
          |--> InstrucciÃ³n | Kind: ;
          |    |--> InstrucciÃ³n | Kind: ;
          |    |    |--> InstrucciÃ³n | Kind: ;
          |    |    |    |--> InstrucciÃ³n | Kind: ;
          |    |    |    |    |--> InstrucciÃ³n | Kind: ;
          |    |    |    |    |    |--> InstrucciÃ³n | Kind: ;
          |    |    |    |    |    |    |--> InstrucciÃ³n | Kind: ;
          |    |    |    |    |    |    |    |--> InstrucciÃ³n | Kind: ;
          |    |    |    |    |    |    |    |    |--> InstrucciÃ³n | Kind: ;
          |    |    |    |    |    |    |    |    |    |--> InstrucciÃ³n | Kind: ;
          |    |    |    |    |    |    |    |    |    |    |--> InstrucciÃ³n | Kind: ;
          |    |    |    |    |    |    |    |    |    |    |    |--> InstrucciÃ³n | Kind: ;
          |    |    |    |    |    |    |    |    |    |    |    |    |--> InstrucciÃ³n | Kind: ;
          |    |    |    |    |    |    |    |    |    |    |    |    |    |--> AsignaciÃ³n | Kind: =
          |    |    |    |    |    |    |    |    |    |    |    |    |    |    |--> n0 | Category: DeclaraciÃ³n | Type: mango | Kind: VARIABLE
          |    |    |    |    |    |    |    |    |    |    |    |    |    |    |--> Literal | Category: NumÃ©rico | Type: mango | Value: -8
          |    |    |    |    |    |    |    |    |    |    |    |    |    |--> AsignaciÃ³n | Kind: =
          |    |    |    |    |    |    |    |    |    |    |    |    |         |--> n0 | Category: Identificador | Type: mango
          |    |    |    |    |    |    |    |    |    |    |    |    |         |--> - | Category: NumÃ©rico | Type: mango | Kind: Binaria | Value: -19
          |    |    |    |    |    |    |    |    |    |    |    |    |              |--> n0 | Category: Identificador | Type: mango | Value: -8
          |    |    |    |    |    |    |    |    |    |    |    |    |              |--> Literal | Category: NumÃ©rico | Type: mango | Value: 11
          |    |    |    |    |    |    |    |    |    |    |    |    |--> AsignaciÃ³n | Kind: =
          |    |    |    |    |    |    |    |    |    |    |    |         |--> n0 | Category: Identificador | Type: mango
          |    |    |    |    |    |    |    |    |    |    |    |         |--> - | Category: NumÃ©rico | Type: mango | Kind: Binaria | Value: -31
          |    |    |    |    |    |    |    |    |    |    |    |              |--> - | Category: NumÃ©rico | Type: mango | Kind: Binaria | Value: -27
          |    |    |    |    |    |    |    |    |    |    |    |              |    |--> n0 | Category: Identificador | Type: mango | Value: -19
          |    |    |    |    |    |    |    |    |    |    |    |              |    |--> Literal | Category: NumÃ©rico | Type: mango | Value: 8
          |    |    |    |    |    |    |    |    |    |    |    |              |--> Literal | Category: NumÃ©rico | Type: mango | Value: 4
          |    |    |    |    |    |    |    |    |    |    |    |--> AsignaciÃ³n | Kind: =
          |    |    |    |    |    |    |    |    |    |    |         |--> n0 | Category: Identificador | Type: mango
          |    |    |    |    |    |    |    |    |    |    |         |--> - | Category: NumÃ©rico | Type: mango | Kind: Binaria | Value: 1
          |    |    |    |    |    |    |    |    |    |    |              |--> - | Category: NumÃ©rico | Type: mango | Kind: Binaria | Value: -32
          |    |    |    |    |    |    |    |    |    |    |              |    |--> n0 | Category: Identificador | Type: mango | Value: -31
          |    |    |    |    |    |    |    |    |    |    |              |    |--> Literal | Category: NumÃ©rico | Type: mango | Value: 1
          |    |    |    |    |    |    |    |    |    |    |              |--> - | Category: NumÃ©rico | Type: mango | Kind: Binaria | Value: -33
          |    |    |    |    |    |    |    |    |    |    |                   |--> n0 | Category: Identificador | Type: mango | Value: -31
          |    |    |    |    |    |    |    |    |    |    |                   |--> Literal | Category: NumÃ©rico | Type: mango | Value: 2
          |    |    |    |    |    |    |    |    |    |    |--> AsignaciÃ³n | Kind: =
          |    |    |    |    |    |    |    |    |    |         |--> resta_mango | Category: Identificador | Type: mango
          |    |    |    |    |    |    |    |    |    |         |--> - | Category: NumÃ©rico | Type: mango | Kind: Binaria | Value: 0
          |    |    |    |    |    |    |    |    |    |              |--> n0 | Category: Identificador | Type: mango | Value: 1
          |    |    |    |    |    |    |    |    |    |              |--> Literal | Category: NumÃ©rico | Type: mango | Value: 1
          |    |    |    |    |    |    |    |    |    |--> AsignaciÃ³n | Kind: =
          |    |    |    |    |    |    |    |    |         |--> n1 | Category: DeclaraciÃ³n | Type: manguita | Kind: VARIABLE
          |    |    |    |    |    |    |    |    |         |--> Literal | Category: NumÃ©rico | Type: manguita | Value: -8.900000
          |    |    |    |    |    |    |    |    |--> AsignaciÃ³n | Kind: =
          |    |    |    |    |    |    |    |         |--> n1 | Category: Identificador | Type: manguita
          |    |    |    |    |    |    |    |         |--> - | Category: NumÃ©rico | Type: manguita | Kind: Binaria | Value: -20.099998
          |    |    |    |    |    |    |    |              |--> n1 | Category: Identificador | Type: manguita | Value: -8.900000
          |    |    |    |    |    |    |    |              |--> Literal | Category: NumÃ©rico | Type: manguita | Value: 11.200000
          |    |    |    |    |    |    |    |--> AsignaciÃ³n | Kind: =
          |    |    |    |    |    |    |         |--> n1 | Category: Identificador | Type: manguita
          |    |    |    |    |    |    |         |--> - | Category: NumÃ©rico | Type: manguita | Kind: Binaria | Value: -32.919998
          |    |    |    |    |    |    |              |--> - | Category: NumÃ©rico | Type: manguita | Kind: Binaria | Value: -28.799999
          |    |    |    |    |    |    |              |    |--> n1 | Category: Identificador | Type: manguita | Value: -20.099998
          |    |    |    |    |    |    |              |    |--> Literal | Category: NumÃ©rico | Type: manguita | Value: 8.700000
          |    |    |    |    |    |    |              |--> Literal | Category: NumÃ©rico | Type: manguita | Value: 4.120000
          |    |    |    |    |    |    |--> AsignaciÃ³n | Kind: =
          |    |    |    |    |    |         |--> n1 | Category: Identificador | Type: manguita
          |    |    |    |    |    |         |--> - | Category: NumÃ©rico | Type: manguita | Kind: Binaria | Value: 0.990002
          |    |    |    |    |    |              |--> - | Category: NumÃ©rico | Type: manguita | Kind: Binaria | Value: -34.149998
          |    |    |    |    |    |              |    |--> n1 | Category: Identificador | Type: manguita | Value: -32.919998
          |    |    |    |    |    |              |    |--> Literal | Category: NumÃ©rico | Type: manguita | Value: 1.230000
          |    |    |    |    |    |              |--> - | Category: NumÃ©rico | Type: manguita | Kind: Binaria | Value: -35.139999
          |    |    |    |    |    |                   |--> n1 | Category: Identificador | Type: manguita | Value: -32.919998
          |    |    |    |    |    |                   |--> Literal | Category: NumÃ©rico | Type: manguita | Value: 2.220000
          |    |    |    |    |    |--> AsignaciÃ³n | Kind: =
          |    |    |    |    |         |--> resta_manguita | Category: Identificador | Type: manguita
          |    |    |    |    |         |--> - | Category: NumÃ©rico | Type: manguita | Kind: Binaria | Value: -0.219998
          |    |    |    |    |              |--> n1 | Category: Identificador | Type: manguita | Value: 0.990002
          |    |    |    |    |              |--> Literal | Category: NumÃ©rico | Type: manguita | Value: 1.210000
          |    |    |    |    |--> AsignaciÃ³n | Kind: =
          |    |    |    |         |--> n2 | Category: DeclaraciÃ³n | Type: manguangua | Kind: VARIABLE
          |    |    |    |         |--> Literal | Category: NumÃ©rico | Type: manguangua | Value: 8.2000000000e+10
          |    |    |    |--> AsignaciÃ³n | Kind: =
          |    |    |         |--> n2 | Category: Identificador | Type: manguangua
          |    |    |         |--> - | Category: NumÃ©rico | Type: manguangua | Kind: Binaria | Value: -3.0000000000e+10
          |    |    |              |--> n2 | Category: Identificador | Type: manguangua | Value: 8.2000000000e+10
          |    |    |              |--> Literal | Category: NumÃ©rico | Type: manguangua | Value: 1.1200000000e+11
          |    |    |--> AsignaciÃ³n | Kind: =
          |    |         |--> n2 | Category: Identificador | Type: manguangua
          |    |         |--> - | Category: NumÃ©rico | Type: manguangua | Kind: Binaria | Value: -1.5400000000e+11
          |    |              |--> - | Category: NumÃ©rico | Type: manguangua | Kind: Binaria | Value: -1.1200000000e+11
          |    |              |    |--> n2 | Category: Identificador | Type: manguangua | Value: -3.0000000000e+10
          |    |              |    |--> Literal | Category: NumÃ©rico | Type: manguangua | Value: 8.2000000000e+10
          |    |              |--> Literal | Category: NumÃ©rico | Type: manguangua | Value: 4.2000000000e+10
          |    |--> AsignaciÃ³n | Kind: =
          |         |--> n2 | Category: Identificador | Type: manguangua
          |         |--> - | Category: NumÃ©rico | Type: manguangua | Kind: Binaria | Value: 1.0000000000e+10
          |              |--> - | Category: NumÃ©rico | Type: manguangua | Kind: Binaria | Value: -1.6600000000e+11
          |              |    |--> n2 | Category: Identificador | Type: manguangua | Value: -1.5400000000e+11
          |              |    |--> Literal | Category: NumÃ©rico | Type: manguangua | Value: 1.2000000000e+10
          |              |--> - | Category: NumÃ©rico | Type: manguangua | Kind: Binaria | Value: -1.7600000000e+11
          |                   |--> n2 | Category: Identificador | Type: manguangua | Value: -1.5400000000e+11
          |                   |--> Literal | Category: NumÃ©rico | Type: manguangua | Value: 2.2000000000e+10
          |--> AsignaciÃ³n | Kind: =
               |--> resta_manguangua | Category: Identificador | Type: manguangua
               |--> - | Category: NumÃ©rico | Type: manguangua | Kind: Binaria | Value: -2.0000000000e+09
                    |--> n2 | Category: Identificador | Type: manguangua | Value: 1.0000000000e+10
                    |--> Literal | Category: NumÃ©rico | Type: manguangua | Value: 1.2000000000e+10
[1;32m[5m
               =======================================================
                       ---->       Correct Program       <----        
               =======================================================
[0m
| Hay un poquito de cÃ³digo en tu marihuana d:-]
