| AcomÃ³date que te lo estan analizando d:-)
--> Print Symbol Table? (s/n): [1;36m[5m
               =======================================================
                             Symbol Table Representation              
               =======================================================
[0m
[1;35m[5m    Clave: 1: n2[0m
    |---> SÃ­mbolo: n2, CategorÃ­a: (6)ID, DeclaraciÃ³n: (0)VARIABLE, Scope: 2, Type: manguangua, Value: 1.83333

[1;35m[5m    Clave: 2: n1[0m
    |---> SÃ­mbolo: n1, CategorÃ­a: (6)ID, DeclaraciÃ³n: (0)VARIABLE, Scope: 2, Type: manguita, Value: 1.80488

[1;35m[5m    Clave: 3: mango[0m
    |---> SÃ­mbolo: mango, CategorÃ­a: (0)TYPE, DeclaraciÃ³n: (1)CONSTANT, Scope: 0

[1;35m[5m    Clave: 4: manguita[0m
    |---> SÃ­mbolo: manguita, CategorÃ­a: (0)TYPE, DeclaraciÃ³n: (1)CONSTANT, Scope: 0

[1;35m[5m    Clave: 5: manguangua[0m
    |---> SÃ­mbolo: manguangua, CategorÃ­a: (0)TYPE, DeclaraciÃ³n: (1)CONSTANT, Scope: 0

[1;35m[5m    Clave: 6: negro[0m
    |---> SÃ­mbolo: negro, CategorÃ­a: (0)TYPE, DeclaraciÃ³n: (1)CONSTANT, Scope: 0

[1;35m[5m    Clave: 7: tas_claro[0m
    |---> SÃ­mbolo: tas_claro, CategorÃ­a: (0)TYPE, DeclaraciÃ³n: (1)CONSTANT, Scope: 0

[1;35m[5m    Clave: 8: hablame[0m
    |---> SÃ­mbolo: hablame, CategorÃ­a: (1)FUNCTION, DeclaraciÃ³n: (1)CONSTANT, Scope: 0

[1;35m[5m    Clave: 9: un_coÃ±o[0m
    |---> SÃ­mbolo: un_coÃ±o, CategorÃ­a: (0)TYPE, DeclaraciÃ³n: (1)CONSTANT, Scope: 0

[1;35m[5m    Clave: 10: caramba_Ã±ero[0m
    |---> SÃ­mbolo: caramba_Ã±ero, CategorÃ­a: (0)TYPE, DeclaraciÃ³n: (1)CONSTANT, Scope: 0

[1;35m[5m    Clave: 11: se_prende[0m
    |---> SÃ­mbolo: se_prende, CategorÃ­a: (1)FUNCTION, DeclaraciÃ³n: (1)CONSTANT, Scope: 0

[1;35m[5m    Clave: 12: div_decimal_manguita[0m
    |---> SÃ­mbolo: div_decimal_manguita, CategorÃ­a: (6)ID, DeclaraciÃ³n: (0)VARIABLE, Scope: 1, Type: manguita, Value: 1.49163

[1;35m[5m    Clave: 13: higuerote[0m
    |---> SÃ­mbolo: higuerote, CategorÃ­a: (0)TYPE, DeclaraciÃ³n: (1)CONSTANT, Scope: 0

[1;35m[5m    Clave: 14: rescata[0m
    |---> SÃ­mbolo: rescata, CategorÃ­a: (1)FUNCTION, DeclaraciÃ³n: (1)CONSTANT, Scope: 0

[1;35m[5m    Clave: 15: div_decimal_manguangua[0m
    |---> SÃ­mbolo: div_decimal_manguangua, CategorÃ­a: (6)ID, DeclaraciÃ³n: (0)VARIABLE, Scope: 1, Type: manguangua, Value: 1.52778e-10

--> Print AST? (s/n): [1;36m[5m
               =======================================================
                                   AST Representation                 
               =======================================================
[0m
Programa
|--> Global
|    |--> InstrucciÃ³n | Kind: ;
|         |--> div_decimal_manguita | Category: DeclaraciÃ³n | Type: manguita | Kind: VARIABLE
|         |--> div_decimal_manguangua | Category: DeclaraciÃ³n | Type: manguangua | Kind: VARIABLE
|--> Main
     |--> InstrucciÃ³n | Kind: ;
          |--> InstrucciÃ³n | Kind: ;
          |    |--> InstrucciÃ³n | Kind: ;
          |    |    |--> InstrucciÃ³n | Kind: ;
          |    |    |    |--> InstrucciÃ³n | Kind: ;
          |    |    |    |    |--> InstrucciÃ³n | Kind: ;
          |    |    |    |    |    |--> InstrucciÃ³n | Kind: ;
          |    |    |    |    |    |    |--> InstrucciÃ³n | Kind: ;
          |    |    |    |    |    |    |    |--> InstrucciÃ³n | Kind: ;
          |    |    |    |    |    |    |    |    |--> AsignaciÃ³n | Kind: =
          |    |    |    |    |    |    |    |    |    |--> n1 | Category: DeclaraciÃ³n | Type: manguita | Kind: VARIABLE
          |    |    |    |    |    |    |    |    |    |--> Literal | Category: NumÃ©rico | Type: manguita | Value: -8.9
          |    |    |    |    |    |    |    |    |--> AsignaciÃ³n | Type: manguita | Kind: = | Value: 1.5
          |    |    |    |    |    |    |    |         |--> n1 | Category: Identificador | Type: manguita | Value: -8.9
          |    |    |    |    |    |    |    |         |--> / | Category: OperaciÃ³n | Type: manguita | Kind: NumÃ©rica | Value: 1.5
          |    |    |    |    |    |    |    |              |--> Literal | Category: NumÃ©rico | Type: mango | Value: 3
          |    |    |    |    |    |    |    |              |--> Literal | Category: NumÃ©rico | Type: mango | Value: 2
          |    |    |    |    |    |    |    |--> AsignaciÃ³n | Type: manguita | Kind: = | Value: 0.041848
          |    |    |    |    |    |    |         |--> n1 | Category: Identificador | Type: manguita | Value: 1.5
          |    |    |    |    |    |    |         |--> / | Category: OperaciÃ³n | Type: manguita | Kind: NumÃ©rica | Value: 0.041848
          |    |    |    |    |    |    |              |--> / | Category: OperaciÃ³n | Type: manguita | Kind: NumÃ©rica | Value: 0.172414
          |    |    |    |    |    |    |              |    |--> n1 | Category: Identificador | Type: manguita | Value: 1.5
          |    |    |    |    |    |    |              |    |--> Literal | Category: NumÃ©rico | Type: manguita | Value: 8.7
          |    |    |    |    |    |    |              |--> Literal | Category: NumÃ©rico | Type: manguita | Value: 4.12
          |    |    |    |    |    |    |--> AsignaciÃ³n | Type: manguita | Kind: = | Value: 1.80488
          |    |    |    |    |    |         |--> n1 | Category: Identificador | Type: manguita | Value: 0.041848
          |    |    |    |    |    |         |--> / | Category: OperaciÃ³n | Type: manguita | Kind: NumÃ©rica | Value: 1.80488
          |    |    |    |    |    |              |--> / | Category: OperaciÃ³n | Type: manguita | Kind: NumÃ©rica | Value: 0.0340228
          |    |    |    |    |    |              |    |--> n1 | Category: Identificador | Type: manguita | Value: 0.041848
          |    |    |    |    |    |              |    |--> Literal | Category: NumÃ©rico | Type: manguita | Value: 1.23
          |    |    |    |    |    |              |--> / | Category: OperaciÃ³n | Type: manguita | Kind: NumÃ©rica | Value: 0.0188505
          |    |    |    |    |    |                   |--> n1 | Category: Identificador | Type: manguita | Value: 0.041848
          |    |    |    |    |    |                   |--> Literal | Category: NumÃ©rico | Type: manguita | Value: 2.22
          |    |    |    |    |    |--> AsignaciÃ³n | Type: manguita | Kind: = | Value: 1.49163
          |    |    |    |    |         |--> div_decimal_manguita | Category: Identificador | Type: manguita | Value: 0
          |    |    |    |    |         |--> / | Category: OperaciÃ³n | Type: manguita | Kind: NumÃ©rica | Value: 1.49163
          |    |    |    |    |              |--> n1 | Category: Identificador | Type: manguita | Value: 1.80488
          |    |    |    |    |              |--> Literal | Category: NumÃ©rico | Type: manguita | Value: 1.21
          |    |    |    |    |--> AsignaciÃ³n | Kind: =
          |    |    |    |         |--> n2 | Category: DeclaraciÃ³n | Type: manguangua | Kind: VARIABLE
          |    |    |    |         |--> Literal | Category: NumÃ©rico | Type: manguangua | Value: 8.2e+10
          |    |    |    |--> AsignaciÃ³n | Type: manguangua | Kind: = | Value: 0.732143
          |    |    |         |--> n2 | Category: Identificador | Type: manguangua | Value: 8.2e+10
          |    |    |         |--> / | Category: OperaciÃ³n | Type: manguangua | Kind: NumÃ©rica | Value: 0.732143
          |    |    |              |--> n2 | Category: Identificador | Type: manguangua | Value: 8.2e+10
          |    |    |              |--> Literal | Category: NumÃ©rico | Type: manguangua | Value: 1.12e+11
          |    |    |--> AsignaciÃ³n | Type: manguangua | Kind: = | Value: 2.12585e-22
          |    |         |--> n2 | Category: Identificador | Type: manguangua | Value: 0.732143
          |    |         |--> / | Category: OperaciÃ³n | Type: manguangua | Kind: NumÃ©rica | Value: 2.12585e-22
          |    |              |--> / | Category: OperaciÃ³n | Type: manguangua | Kind: NumÃ©rica | Value: 8.92857e-12
          |    |              |    |--> n2 | Category: Identificador | Type: manguangua | Value: 0.732143
          |    |              |    |--> Literal | Category: NumÃ©rico | Type: manguangua | Value: 8.2e+10
          |    |              |--> Literal | Category: NumÃ©rico | Type: manguangua | Value: 4.2e+10
          |    |--> AsignaciÃ³n | Type: manguangua | Kind: = | Value: 1.83333
          |         |--> n2 | Category: Identificador | Type: manguangua | Value: 2.12585e-22
          |         |--> / | Category: OperaciÃ³n | Type: manguangua | Kind: NumÃ©rica | Value: 1.83333
          |              |--> / | Category: OperaciÃ³n | Type: manguangua | Kind: NumÃ©rica | Value: 1.77154e-32
          |              |    |--> n2 | Category: Identificador | Type: manguangua | Value: 2.12585e-22
          |              |    |--> Literal | Category: NumÃ©rico | Type: manguangua | Value: 1.2e+10
          |              |--> / | Category: OperaciÃ³n | Type: manguangua | Kind: NumÃ©rica | Value: 9.66296e-33
          |                   |--> n2 | Category: Identificador | Type: manguangua | Value: 2.12585e-22
          |                   |--> Literal | Category: NumÃ©rico | Type: manguangua | Value: 2.2e+10
          |--> AsignaciÃ³n | Type: manguangua | Kind: = | Value: 1.52778e-10
               |--> div_decimal_manguangua | Category: Identificador | Type: manguangua | Value: 0
               |--> / | Category: OperaciÃ³n | Type: manguangua | Kind: NumÃ©rica | Value: 1.52778e-10
                    |--> n2 | Category: Identificador | Type: manguangua | Value: 1.83333
                    |--> Literal | Category: NumÃ©rico | Type: manguangua | Value: 1.2e+10
--> Print TAC? (s/n): --> Print Control Flow Graphs? (s/n): [1;32m[5m
               =======================================================
                       ---->       Correct Program       <----        
               =======================================================
[0m
| Hay un poquito de cÃ³digo en tu marihuana d:-]
