| Acom√≥date que te lo estan analizando d:-)
--> Print Symbol Table? (s/n): [1;36m[5m
               =======================================================
                             Symbol Table Representation              
               =======================================================
[0m
[1;35m[5m    Clave: 1: n20[0m
    |---> S√≠mbolo: n20, Categor√≠a: (6)ID, Declaraci√≥n: (0)VARIABLE, Scope: 2, Type: manguangua, Value: inf

[1;35m[5m    Clave: 2: n18[0m
    |---> S√≠mbolo: n18, Categor√≠a: (6)ID, Declaraci√≥n: (0)VARIABLE, Scope: 2, Type: manguangua, Value: 1

[1;35m[5m    Clave: 3: n1[0m
    |---> S√≠mbolo: n1, Categor√≠a: (6)ID, Declaraci√≥n: (0)VARIABLE, Scope: 2, Type: manguita, Value: 1.85934e-06

[1;35m[5m    Clave: 4: rescata[0m
    |---> S√≠mbolo: rescata, Categor√≠a: (1)FUNCTION, Declaraci√≥n: (1)CONSTANT, Scope: 0

[1;35m[5m    Clave: 5: higuerote[0m
    |---> S√≠mbolo: higuerote, Categor√≠a: (0)TYPE, Declaraci√≥n: (1)CONSTANT, Scope: 0

[1;35m[5m    Clave: 6: se_prende[0m
    |---> S√≠mbolo: se_prende, Categor√≠a: (1)FUNCTION, Declaraci√≥n: (1)CONSTANT, Scope: 0

[1;35m[5m    Clave: 7: caramba_√±ero[0m
    |---> S√≠mbolo: caramba_√±ero, Categor√≠a: (0)TYPE, Declaraci√≥n: (1)CONSTANT, Scope: 0

[1;35m[5m    Clave: 8: n13[0m
    |---> S√≠mbolo: n13, Categor√≠a: (6)ID, Declaraci√≥n: (0)VARIABLE, Scope: 2, Type: manguangua, Value: inf

[1;35m[5m    Clave: 9: n15[0m
    |---> S√≠mbolo: n15, Categor√≠a: (6)ID, Declaraci√≥n: (0)VARIABLE, Scope: 2, Type: manguangua, Value: 9.53674e-07

[1;35m[5m    Clave: 10: n0[0m
    |---> S√≠mbolo: n0, Categor√≠a: (6)ID, Declaraci√≥n: (0)VARIABLE, Scope: 2, Type: mango, Value: 537824

[1;35m[5m    Clave: 11: un_co√±o[0m
    |---> S√≠mbolo: un_co√±o, Categor√≠a: (0)TYPE, Declaraci√≥n: (1)CONSTANT, Scope: 0

[1;35m[5m    Clave: 12: n3[0m
    |---> S√≠mbolo: n3, Categor√≠a: (6)ID, Declaraci√≥n: (0)VARIABLE, Scope: 2, Type: manguita, Value: -1.85934e-06

[1;35m[5m    Clave: 13: tas_claro[0m
    |---> S√≠mbolo: tas_claro, Categor√≠a: (0)TYPE, Declaraci√≥n: (1)CONSTANT, Scope: 0

[1;35m[5m    Clave: 14: n4[0m
    |---> S√≠mbolo: n4, Categor√≠a: (6)ID, Declaraci√≥n: (0)VARIABLE, Scope: 2, Type: mango, Value: 1

[1;35m[5m    Clave: 15: negro[0m
    |---> S√≠mbolo: negro, Categor√≠a: (0)TYPE, Declaraci√≥n: (1)CONSTANT, Scope: 0

[1;35m[5m    Clave: 16: manguangua[0m
    |---> S√≠mbolo: manguangua, Categor√≠a: (0)TYPE, Declaraci√≥n: (1)CONSTANT, Scope: 0

[1;35m[5m    Clave: 17: manguita[0m
    |---> S√≠mbolo: manguita, Categor√≠a: (0)TYPE, Declaraci√≥n: (1)CONSTANT, Scope: 0

[1;35m[5m    Clave: 18: mango[0m
    |---> S√≠mbolo: mango, Categor√≠a: (0)TYPE, Declaraci√≥n: (1)CONSTANT, Scope: 0

[1;35m[5m    Clave: 19: n5[0m
    |---> S√≠mbolo: n5, Categor√≠a: (6)ID, Declaraci√≥n: (0)VARIABLE, Scope: 2, Type: mango, Value: 0

[1;35m[5m    Clave: 20: n2[0m
    |---> S√≠mbolo: n2, Categor√≠a: (6)ID, Declaraci√≥n: (0)VARIABLE, Scope: 2, Type: mango, Value: -537824

[1;35m[5m    Clave: 21: n19[0m
    |---> S√≠mbolo: n19, Categor√≠a: (6)ID, Declaraci√≥n: (0)VARIABLE, Scope: 2, Type: manguangua, Value: 0

[1;35m[5m    Clave: 22: hablame[0m
    |---> S√≠mbolo: hablame, Categor√≠a: (1)FUNCTION, Declaraci√≥n: (1)CONSTANT, Scope: 0

[1;35m[5m    Clave: 23: n6[0m
    |---> S√≠mbolo: n6, Categor√≠a: (6)ID, Declaraci√≥n: (0)VARIABLE, Scope: 2, Type: manguangua, Value: inf

[1;35m[5m    Clave: 24: n7[0m
    |---> S√≠mbolo: n7, Categor√≠a: (6)ID, Declaraci√≥n: (0)VARIABLE, Scope: 2, Type: manguita, Value: 1.27976e+06

[1;35m[5m    Clave: 25: n11[0m
    |---> S√≠mbolo: n11, Categor√≠a: (6)ID, Declaraci√≥n: (0)VARIABLE, Scope: 2, Type: manguita, Value: 1

[1;35m[5m    Clave: 26: n8[0m
    |---> S√≠mbolo: n8, Categor√≠a: (6)ID, Declaraci√≥n: (0)VARIABLE, Scope: 2, Type: manguita, Value: 4.59636e-07

[1;35m[5m    Clave: 27: n9[0m
    |---> S√≠mbolo: n9, Categor√≠a: (6)ID, Declaraci√≥n: (0)VARIABLE, Scope: 2, Type: manguita, Value: -2.17563e+06

[1;35m[5m    Clave: 28: n12[0m
    |---> S√≠mbolo: n12, Categor√≠a: (6)ID, Declaraci√≥n: (0)VARIABLE, Scope: 2, Type: manguita, Value: 0

[1;35m[5m    Clave: 29: n14[0m
    |---> S√≠mbolo: n14, Categor√≠a: (6)ID, Declaraci√≥n: (0)VARIABLE, Scope: 2, Type: manguangua, Value: 1.04858e+06

[1;35m[5m    Clave: 30: n16[0m
    |---> S√≠mbolo: n16, Categor√≠a: (6)ID, Declaraci√≥n: (0)VARIABLE, Scope: 2, Type: manguangua, Value: -1.04858e+06

[1;35m[5m    Clave: 31: n10[0m
    |---> S√≠mbolo: n10, Categor√≠a: (6)ID, Declaraci√≥n: (0)VARIABLE, Scope: 2, Type: manguita, Value: -4.59636e-07

[1;35m[5m    Clave: 32: n17[0m
    |---> S√≠mbolo: n17, Categor√≠a: (6)ID, Declaraci√≥n: (0)VARIABLE, Scope: 2, Type: manguangua, Value: -9.53674e-07

--> Print AST? (s/n): [1;36m[5m
               =======================================================
                                   AST Representation                 
               =======================================================
[0m
Programa
|--> Main
     |--> Instrucci√≥n | Kind: ;
          |--> Instrucci√≥n | Kind: ;
          |    |--> Instrucci√≥n | Kind: ;
          |    |    |--> Instrucci√≥n | Kind: ;
          |    |    |    |--> Instrucci√≥n | Kind: ;
          |    |    |    |    |--> Instrucci√≥n | Kind: ;
          |    |    |    |    |    |--> Instrucci√≥n | Kind: ;
          |    |    |    |    |    |    |--> Instrucci√≥n | Kind: ;
          |    |    |    |    |    |    |    |--> Instrucci√≥n | Kind: ;
          |    |    |    |    |    |    |    |    |--> Instrucci√≥n | Kind: ;
          |    |    |    |    |    |    |    |    |    |--> Instrucci√≥n | Kind: ;
          |    |    |    |    |    |    |    |    |    |    |--> Instrucci√≥n | Kind: ;
          |    |    |    |    |    |    |    |    |    |    |    |--> Instrucci√≥n | Kind: ;
          |    |    |    |    |    |    |    |    |    |    |    |    |--> Instrucci√≥n | Kind: ;
          |    |    |    |    |    |    |    |    |    |    |    |    |    |--> Instrucci√≥n | Kind: ;
          |    |    |    |    |    |    |    |    |    |    |    |    |    |    |--> Instrucci√≥n | Kind: ;
          |    |    |    |    |    |    |    |    |    |    |    |    |    |    |    |--> Instrucci√≥n | Kind: ;
          |    |    |    |    |    |    |    |    |    |    |    |    |    |    |    |    |--> Instrucci√≥n | Kind: ;
          |    |    |    |    |    |    |    |    |    |    |    |    |    |    |    |    |    |--> Instrucci√≥n | Kind: ;
          |    |    |    |    |    |    |    |    |    |    |    |    |    |    |    |    |    |    |--> Instrucci√≥n | Kind: ;
          |    |    |    |    |    |    |    |    |    |    |    |    |    |    |    |    |    |    |    |--> Asignaci√≥n | Kind: =
          |    |    |    |    |    |    |    |    |    |    |    |    |    |    |    |    |    |    |    |    |--> n0 | Category: Declaraci√≥n | Type: mango | Kind: VARIABLE
          |    |    |    |    |    |    |    |    |    |    |    |    |    |    |    |    |    |    |    |    |--> ** | Category: Operaci√≥n | Type: mango | Kind: Num√©rica | Value: 537824
          |    |    |    |    |    |    |    |    |    |    |    |    |    |    |    |    |    |    |    |         |--> Literal | Category: Num√©rico | Type: mango | Value: 14
          |    |    |    |    |    |    |    |    |    |    |    |    |    |    |    |    |    |    |    |         |--> Literal | Category: Num√©rico | Type: mango | Value: 5
          |    |    |    |    |    |    |    |    |    |    |    |    |    |    |    |    |    |    |    |--> Asignaci√≥n | Kind: =
          |    |    |    |    |    |    |    |    |    |    |    |    |    |    |    |    |    |    |         |--> n1 | Category: Declaraci√≥n | Type: manguita | Kind: VARIABLE
          |    |    |    |    |    |    |    |    |    |    |    |    |    |    |    |    |    |    |         |--> ** | Category: Operaci√≥n | Type: manguita | Kind: Num√©rica | Value: 1.85934e-06
          |    |    |    |    |    |    |    |    |    |    |    |    |    |    |    |    |    |    |              |--> Literal | Category: Num√©rico | Type: mango | Value: 14
          |    |    |    |    |    |    |    |    |    |    |    |    |    |    |    |    |    |    |              |--> Literal | Category: Num√©rico | Type: mango | Value: -5
          |    |    |    |    |    |    |    |    |    |    |    |    |    |    |    |    |    |    |--> Asignaci√≥n | Kind: =
          |    |    |    |    |    |    |    |    |    |    |    |    |    |    |    |    |    |         |--> n2 | Category: Declaraci√≥n | Type: mango | Kind: VARIABLE
          |    |    |    |    |    |    |    |    |    |    |    |    |    |    |    |    |    |         |--> ** | Category: Operaci√≥n | Type: mango | Kind: Num√©rica | Value: -537824
          |    |    |    |    |    |    |    |    |    |    |    |    |    |    |    |    |    |              |--> Literal | Category: Num√©rico | Type: mango | Value: 14
          |    |    |    |    |    |    |    |    |    |    |    |    |    |    |    |    |    |              |--> Literal | Category: Num√©rico | Type: mango | Value: 5
          |    |    |    |    |    |    |    |    |    |    |    |    |    |    |    |    |    |--> Asignaci√≥n | Kind: =
          |    |    |    |    |    |    |    |    |    |    |    |    |    |    |    |    |         |--> n3 | Category: Declaraci√≥n | Type: manguita | Kind: VARIABLE
          |    |    |    |    |    |    |    |    |    |    |    |    |    |    |    |    |         |--> ** | Category: Operaci√≥n | Type: manguita | Kind: Num√©rica | Value: -1.85934e-06
          |    |    |    |    |    |    |    |    |    |    |    |    |    |    |    |    |              |--> Literal | Category: Num√©rico | Type: mango | Value: 14
          |    |    |    |    |    |    |    |    |    |    |    |    |    |    |    |    |              |--> Literal | Category: Num√©rico | Type: mango | Value: -5
          |    |    |    |    |    |    |    |    |    |    |    |    |    |    |    |    |--> Asignaci√≥n | Kind: =
          |    |    |    |    |    |    |    |    |    |    |    |    |    |    |    |         |--> n4 | Category: Declaraci√≥n | Type: mango | Kind: VARIABLE
          |    |    |    |    |    |    |    |    |    |    |    |    |    |    |    |         |--> ** | Category: Operaci√≥n | Type: mango | Kind: Num√©rica | Value: 1
          |    |    |    |    |    |    |    |    |    |    |    |    |    |    |    |              |--> Literal | Category: Num√©rico | Type: mango | Value: 14
          |    |    |    |    |    |    |    |    |    |    |    |    |    |    |    |              |--> Literal | Category: Num√©rico | Type: mango | Value: 0
          |    |    |    |    |    |    |    |    |    |    |    |    |    |    |    |--> Asignaci√≥n | Kind: =
          |    |    |    |    |    |    |    |    |    |    |    |    |    |    |         |--> n5 | Category: Declaraci√≥n | Type: mango | Kind: VARIABLE
          |    |    |    |    |    |    |    |    |    |    |    |    |    |    |         |--> ** | Category: Operaci√≥n | Type: mango | Kind: Num√©rica | Value: 0
          |    |    |    |    |    |    |    |    |    |    |    |    |    |    |              |--> Literal | Category: Num√©rico | Type: mango | Value: 0
          |    |    |    |    |    |    |    |    |    |    |    |    |    |    |              |--> Literal | Category: Num√©rico | Type: mango | Value: 1
          |    |    |    |    |    |    |    |    |    |    |    |    |    |    |--> Asignaci√≥n | Kind: =
          |    |    |    |    |    |    |    |    |    |    |    |    |    |         |--> n6 | Category: Declaraci√≥n | Type: manguangua | Kind: VARIABLE
          |    |    |    |    |    |    |    |    |    |    |    |    |    |         |--> ** | Category: Operaci√≥n | Type: manguangua | Kind: Num√©rica | Value: inf
          |    |    |    |    |    |    |    |    |    |    |    |    |    |              |--> Literal | Category: Num√©rico | Type: mango | Value: 0
          |    |    |    |    |    |    |    |    |    |    |    |    |    |              |--> Literal | Category: Num√©rico | Type: mango | Value: -1
          |    |    |    |    |    |    |    |    |    |    |    |    |    |--> Asignaci√≥n | Kind: =
          |    |    |    |    |    |    |    |    |    |    |    |    |         |--> n7 | Category: Declaraci√≥n | Type: manguita | Kind: VARIABLE
          |    |    |    |    |    |    |    |    |    |    |    |    |         |--> ** | Category: Operaci√≥n | Type: manguita | Kind: Num√©rica | Value: 1.27976e+06
          |    |    |    |    |    |    |    |    |    |    |    |    |              |--> Literal | Category: Num√©rico | Type: manguita | Value: 14.2
          |    |    |    |    |    |    |    |    |    |    |    |    |              |--> Literal | Category: Num√©rico | Type: manguita | Value: 5.3
          |    |    |    |    |    |    |    |    |    |    |    |    |--> Asignaci√≥n | Kind: =
          |    |    |    |    |    |    |    |    |    |    |    |         |--> n8 | Category: Declaraci√≥n | Type: manguita | Kind: VARIABLE
          |    |    |    |    |    |    |    |    |    |    |    |         |--> ** | Category: Operaci√≥n | Type: manguita | Kind: Num√©rica | Value: 4.59636e-07
          |    |    |    |    |    |    |    |    |    |    |    |              |--> Literal | Category: Num√©rico | Type: manguita | Value: 14.2
          |    |    |    |    |    |    |    |    |    |    |    |              |--> Literal | Category: Num√©rico | Type: manguita | Value: -5.5
          |    |    |    |    |    |    |    |    |    |    |    |--> Asignaci√≥n | Kind: =
          |    |    |    |    |    |    |    |    |    |    |         |--> n9 | Category: Declaraci√≥n | Type: manguita | Kind: VARIABLE
          |    |    |    |    |    |    |    |    |    |    |         |--> ** | Category: Operaci√≥n | Type: manguita | Kind: Num√©rica | Value: -2.17563e+06
          |    |    |    |    |    |    |    |    |    |    |              |--> Literal | Category: Num√©rico | Type: manguita | Value: 14.2
          |    |    |    |    |    |    |    |    |    |    |              |--> Literal | Category: Num√©rico | Type: manguita | Value: 5.5
          |    |    |    |    |    |    |    |    |    |    |--> Asignaci√≥n | Kind: =
          |    |    |    |    |    |    |    |    |    |         |--> n10 | Category: Declaraci√≥n | Type: manguita | Kind: VARIABLE
          |    |    |    |    |    |    |    |    |    |         |--> ** | Category: Operaci√≥n | Type: manguita | Kind: Num√©rica | Value: -4.59636e-07
          |    |    |    |    |    |    |    |    |    |              |--> Literal | Category: Num√©rico | Type: manguita | Value: 14.2
          |    |    |    |    |    |    |    |    |    |              |--> Literal | Category: Num√©rico | Type: manguita | Value: -5.5
          |    |    |    |    |    |    |    |    |    |--> Asignaci√≥n | Kind: =
          |    |    |    |    |    |    |    |    |         |--> n11 | Category: Declaraci√≥n | Type: manguita | Kind: VARIABLE
          |    |    |    |    |    |    |    |    |         |--> ** | Category: Operaci√≥n | Type: manguita | Kind: Num√©rica | Value: 1
          |    |    |    |    |    |    |    |    |              |--> Literal | Category: Num√©rico | Type: manguita | Value: 14.2
          |    |    |    |    |    |    |    |    |              |--> Literal | Category: Num√©rico | Type: manguita | Value: 0
          |    |    |    |    |    |    |    |    |--> Asignaci√≥n | Kind: =
          |    |    |    |    |    |    |    |         |--> n12 | Category: Declaraci√≥n | Type: manguita | Kind: VARIABLE
          |    |    |    |    |    |    |    |         |--> ** | Category: Operaci√≥n | Type: manguita | Kind: Num√©rica | Value: 0
          |    |    |    |    |    |    |    |              |--> Literal | Category: Num√©rico | Type: manguita | Value: 0
          |    |    |    |    |    |    |    |              |--> Literal | Category: Num√©rico | Type: manguita | Value: 1.5
          |    |    |    |    |    |    |    |--> Asignaci√≥n | Kind: =
          |    |    |    |    |    |    |         |--> n13 | Category: Declaraci√≥n | Type: manguangua | Kind: VARIABLE
          |    |    |    |    |    |    |         |--> ** | Category: Operaci√≥n | Type: manguangua | Kind: Num√©rica | Value: inf
          |    |    |    |    |    |    |              |--> Literal | Category: Num√©rico | Type: manguita | Value: 0
          |    |    |    |    |    |    |              |--> Literal | Category: Num√©rico | Type: manguita | Value: -1.5
          |    |    |    |    |    |    |--> Asignaci√≥n | Kind: =
          |    |    |    |    |    |         |--> n14 | Category: Declaraci√≥n | Type: manguangua | Kind: VARIABLE
          |    |    |    |    |    |         |--> ** | Category: Operaci√≥n | Type: manguangua | Kind: Num√©rica | Value: 1.04858e+06
          |    |    |    |    |    |              |--> Literal | Category: Num√©rico | Type: manguangua | Value: 2
          |    |    |    |    |    |              |--> Literal | Category: Num√©rico | Type: manguangua | Value: 20
          |    |    |    |    |    |--> Asignaci√≥n | Kind: =
          |    |    |    |    |         |--> n15 | Category: Declaraci√≥n | Type: manguangua | Kind: VARIABLE
          |    |    |    |    |         |--> ** | Category: Operaci√≥n | Type: manguangua | Kind: Num√©rica | Value: 9.53674e-07
          |    |    |    |    |              |--> Literal | Category: Num√©rico | Type: manguangua | Value: 2
          |    |    |    |    |              |--> Literal | Category: Num√©rico | Type: manguangua | Value: -20
          |    |    |    |    |--> Asignaci√≥n | Kind: =
          |    |    |    |         |--> n16 | Category: Declaraci√≥n | Type: manguangua | Kind: VARIABLE
          |    |    |    |         |--> ** | Category: Operaci√≥n | Type: manguangua | Kind: Num√©rica | Value: -1.04858e+06
          |    |    |    |              |--> Literal | Category: Num√©rico | Type: manguangua | Value: 2
          |    |    |    |              |--> Literal | Category: Num√©rico | Type: manguangua | Value: 20
          |    |    |    |--> Asignaci√≥n | Kind: =
          |    |    |         |--> n17 | Category: Declaraci√≥n | Type: manguangua | Kind: VARIABLE
          |    |    |         |--> ** | Category: Operaci√≥n | Type: manguangua | Kind: Num√©rica | Value: -9.53674e-07
          |    |    |              |--> Literal | Category: Num√©rico | Type: manguangua | Value: 2
          |    |    |              |--> Literal | Category: Num√©rico | Type: manguangua | Value: -20
          |    |    |--> Asignaci√≥n | Kind: =
          |    |         |--> n18 | Category: Declaraci√≥n | Type: manguangua | Kind: VARIABLE
          |    |         |--> ** | Category: Operaci√≥n | Type: manguangua | Kind: Num√©rica | Value: 1
          |    |              |--> Literal | Category: Num√©rico | Type: manguangua | Value: 2
          |    |              |--> Literal | Category: Num√©rico | Type: manguangua | Value: 0
          |    |--> Asignaci√≥n | Kind: =
          |         |--> n19 | Category: Declaraci√≥n | Type: manguangua | Kind: VARIABLE
          |         |--> ** | Category: Operaci√≥n | Type: manguangua | Kind: Num√©rica | Value: 0
          |              |--> Literal | Category: Num√©rico | Type: manguangua | Value: 0
          |              |--> Literal | Category: Num√©rico | Type: manguangua | Value: 20
          |--> Asignaci√≥n | Kind: =
               |--> n20 | Category: Declaraci√≥n | Type: manguangua | Kind: VARIABLE
               |--> ** | Category: Operaci√≥n | Type: manguangua | Kind: Num√©rica | Value: inf
                    |--> Literal | Category: Num√©rico | Type: manguangua | Value: 0
                    |--> Literal | Category: Num√©rico | Type: manguangua | Value: -20
--> Print TAC? (s/n): --> Print Control Flow Graphs? (s/n): [1;32m[5m
               =======================================================
                       ---->       Correct Program       <----        
               =======================================================
[0m
| Hay un poquito de c√≥digo en tu marihuana d:-]
