| AcomÃ³date que te lo estan analizando d:-)
--> Print Symbol Table? (s/n): [1;36m[5m
               =======================================================
                             Symbol Table Representation              
               =======================================================
[0m
[1;35m[5m    Clave: 1: case5[0m
    |---> SÃ­mbolo: case5, CategorÃ­a: (6)ID, DeclaraciÃ³n: (0)VARIABLE, Scope: 2, Type: tas_claro, Informacion: Sisa , Value: true

[1;35m[5m    Clave: 2: case4[0m
    |---> SÃ­mbolo: case4, CategorÃ­a: (6)ID, DeclaraciÃ³n: (0)VARIABLE, Scope: 2, Type: tas_claro, Informacion: Nolsa , Value: false

[1;35m[5m    Clave: 3: mango[0m
    |---> SÃ­mbolo: mango, CategorÃ­a: (0)TYPE, DeclaraciÃ³n: (1)CONSTANT, Scope: 0

[1;35m[5m    Clave: 4: case1[0m
    |---> SÃ­mbolo: case1, CategorÃ­a: (6)ID, DeclaraciÃ³n: (0)VARIABLE, Scope: 2, Type: tas_claro, Informacion: Sisa , Value: true

[1;35m[5m    Clave: 5: var_true[0m
    |---> SÃ­mbolo: var_true, CategorÃ­a: (6)ID, DeclaraciÃ³n: (0)VARIABLE, Scope: 2, Type: tas_claro, Informacion: Sisa , Value: true

[1;35m[5m    Clave: 6: manguita[0m
    |---> SÃ­mbolo: manguita, CategorÃ­a: (0)TYPE, DeclaraciÃ³n: (1)CONSTANT, Scope: 0

[1;35m[5m    Clave: 7: manguangua[0m
    |---> SÃ­mbolo: manguangua, CategorÃ­a: (0)TYPE, DeclaraciÃ³n: (1)CONSTANT, Scope: 0

[1;35m[5m    Clave: 8: negro[0m
    |---> SÃ­mbolo: negro, CategorÃ­a: (0)TYPE, DeclaraciÃ³n: (1)CONSTANT, Scope: 0

[1;35m[5m    Clave: 9: tas_claro[0m
    |---> SÃ­mbolo: tas_claro, CategorÃ­a: (0)TYPE, DeclaraciÃ³n: (1)CONSTANT, Scope: 0

[1;35m[5m    Clave: 10: hablame[0m
    |---> SÃ­mbolo: hablame, CategorÃ­a: (1)FUNCTION, DeclaraciÃ³n: (1)CONSTANT, Scope: 0

[1;35m[5m    Clave: 11: un_coÃ±o[0m
    |---> SÃ­mbolo: un_coÃ±o, CategorÃ­a: (0)TYPE, DeclaraciÃ³n: (1)CONSTANT, Scope: 0

[1;35m[5m    Clave: 12: case7[0m
    |---> SÃ­mbolo: case7, CategorÃ­a: (6)ID, DeclaraciÃ³n: (0)VARIABLE, Scope: 2, Type: tas_claro, Informacion: Nolsa , Value: false

[1;35m[5m    Clave: 13: caramba_Ã±ero[0m
    |---> SÃ­mbolo: caramba_Ã±ero, CategorÃ­a: (0)TYPE, DeclaraciÃ³n: (1)CONSTANT, Scope: 0

[1;35m[5m    Clave: 14: case6[0m
    |---> SÃ­mbolo: case6, CategorÃ­a: (6)ID, DeclaraciÃ³n: (0)VARIABLE, Scope: 2, Type: tas_claro, Informacion: Nolsa , Value: false

[1;35m[5m    Clave: 15: se_prende[0m
    |---> SÃ­mbolo: se_prende, CategorÃ­a: (1)FUNCTION, DeclaraciÃ³n: (1)CONSTANT, Scope: 0

[1;35m[5m    Clave: 16: case3[0m
    |---> SÃ­mbolo: case3, CategorÃ­a: (6)ID, DeclaraciÃ³n: (0)VARIABLE, Scope: 2, Type: tas_claro, Informacion: Nolsa , Value: false

[1;35m[5m    Clave: 17: case2[0m
    |---> SÃ­mbolo: case2, CategorÃ­a: (6)ID, DeclaraciÃ³n: (0)VARIABLE, Scope: 2, Type: tas_claro, Informacion: Nolsa , Value: false

[1;35m[5m    Clave: 18: higuerote[0m
    |---> SÃ­mbolo: higuerote, CategorÃ­a: (0)TYPE, DeclaraciÃ³n: (1)CONSTANT, Scope: 0

[1;35m[5m    Clave: 19: rescata[0m
    |---> SÃ­mbolo: rescata, CategorÃ­a: (1)FUNCTION, DeclaraciÃ³n: (1)CONSTANT, Scope: 0

[1;35m[5m    Clave: 20: var_false[0m
    |---> SÃ­mbolo: var_false, CategorÃ­a: (6)ID, DeclaraciÃ³n: (0)VARIABLE, Scope: 2, Type: tas_claro, Informacion: Nolsa , Value: false

--> Print AST? (s/n): [1;36m[5m
               =======================================================
                                   AST Representation                 
               =======================================================
[0m
Programa
|--> Main
     |--> InstrucciÃ³n | Kind: ;
          |--> InstrucciÃ³n | Kind: ;
          |    |--> InstrucciÃ³n | Kind: ;
          |    |    |--> InstrucciÃ³n | Kind: ;
          |    |    |    |--> InstrucciÃ³n | Kind: ;
          |    |    |    |    |--> InstrucciÃ³n | Kind: ;
          |    |    |    |    |    |--> InstrucciÃ³n | Kind: ;
          |    |    |    |    |    |    |--> InstrucciÃ³n | Kind: ;
          |    |    |    |    |    |    |    |--> AsignaciÃ³n | Kind: =
          |    |    |    |    |    |    |    |    |--> var_true | Category: DeclaraciÃ³n | Type: tas_claro | Kind: VARIABLE
          |    |    |    |    |    |    |    |    |--> Literal | Category: Bool | Type: tas_claro | Kind: Sisa | Value: 1
          |    |    |    |    |    |    |    |--> AsignaciÃ³n | Kind: =
          |    |    |    |    |    |    |         |--> var_false | Category: DeclaraciÃ³n | Type: tas_claro | Kind: VARIABLE
          |    |    |    |    |    |    |         |--> Literal | Category: Bool | Type: tas_claro | Kind: Nolsa | Value: 0
          |    |    |    |    |    |    |--> AsignaciÃ³n | Kind: =
          |    |    |    |    |    |         |--> case1 | Category: DeclaraciÃ³n | Type: tas_claro | Kind: VARIABLE
          |    |    |    |    |    |         |--> yunta | Category: OperaciÃ³n | Type: tas_claro | Kind: Booleana | Value: 1
          |    |    |    |    |    |              |--> Literal | Category: Bool | Type: tas_claro | Kind: Sisa | Value: 1
          |    |    |    |    |    |              |--> Literal | Category: Bool | Type: tas_claro | Kind: Sisa | Value: 1
          |    |    |    |    |    |--> AsignaciÃ³n | Kind: =
          |    |    |    |    |         |--> case2 | Category: DeclaraciÃ³n | Type: tas_claro | Kind: VARIABLE
          |    |    |    |    |         |--> yunta | Category: OperaciÃ³n | Type: tas_claro | Kind: Booleana | Value: 0
          |    |    |    |    |              |--> Literal | Category: Bool | Type: tas_claro | Kind: Sisa | Value: 1
          |    |    |    |    |              |--> Literal | Category: Bool | Type: tas_claro | Kind: Nolsa | Value: 0
          |    |    |    |    |--> AsignaciÃ³n | Kind: =
          |    |    |    |         |--> case3 | Category: DeclaraciÃ³n | Type: tas_claro | Kind: VARIABLE
          |    |    |    |         |--> yunta | Category: OperaciÃ³n | Type: tas_claro | Kind: Booleana | Value: 0
          |    |    |    |              |--> Literal | Category: Bool | Type: tas_claro | Kind: Nolsa | Value: 0
          |    |    |    |              |--> Literal | Category: Bool | Type: tas_claro | Kind: Sisa | Value: 1
          |    |    |    |--> AsignaciÃ³n | Kind: =
          |    |    |         |--> case4 | Category: DeclaraciÃ³n | Type: tas_claro | Kind: VARIABLE
          |    |    |         |--> yunta | Category: OperaciÃ³n | Type: tas_claro | Kind: Booleana | Value: 0
          |    |    |              |--> Literal | Category: Bool | Type: tas_claro | Kind: Nolsa | Value: 0
          |    |    |              |--> Literal | Category: Bool | Type: tas_claro | Kind: Nolsa | Value: 0
          |    |    |--> AsignaciÃ³n | Kind: =
          |    |         |--> case5 | Category: DeclaraciÃ³n | Type: tas_claro | Kind: VARIABLE
          |    |         |--> yunta | Category: OperaciÃ³n | Type: tas_claro | Kind: Booleana | Value: 1
          |    |              |--> var_true | Category: Identificador | Type: tas_claro | Kind: Sisa | Value: 1
          |    |              |--> Literal | Category: Bool | Type: tas_claro | Kind: Sisa | Value: 1
          |    |--> AsignaciÃ³n | Kind: =
          |         |--> case6 | Category: DeclaraciÃ³n | Type: tas_claro | Kind: VARIABLE
          |         |--> yunta | Category: OperaciÃ³n | Type: tas_claro | Kind: Booleana | Value: 0
          |              |--> var_true | Category: Identificador | Type: tas_claro | Kind: Sisa | Value: 1
          |              |--> var_false | Category: Identificador | Type: tas_claro | Kind: Nolsa | Value: 0
          |--> AsignaciÃ³n | Kind: =
               |--> case7 | Category: DeclaraciÃ³n | Type: tas_claro | Kind: VARIABLE
               |--> yunta | Category: OperaciÃ³n | Type: tas_claro | Kind: Booleana | Value: 0
                    |--> yunta | Category: OperaciÃ³n | Type: tas_claro | Kind: Booleana | Value: 1
                    |    |--> Literal | Category: Bool | Type: tas_claro | Kind: Sisa | Value: 1
                    |    |--> Literal | Category: Bool | Type: tas_claro | Kind: Sisa | Value: 1
                    |--> yunta | Category: OperaciÃ³n | Type: tas_claro | Kind: Booleana | Value: 0
                         |--> Literal | Category: Bool | Type: tas_claro | Kind: Nolsa | Value: 0
                         |--> Literal | Category: Bool | Type: tas_claro | Kind: Sisa | Value: 1
--> Print TAC? (s/n): --> Print Control Flow Graphs? (s/n): [1;32m[5m
               =======================================================
                       ---->       Correct Program       <----        
               =======================================================
[0m
| Hay un poquito de cÃ³digo en tu marihuana d:-]
