| AcomÃ³date que te lo estan analizando d:-)
--> Print Symbol Table? (s/n): [1;36m[5m
               =======================================================
                             Symbol Table Representation              
               =======================================================
[0m
[1;35m[5m    Clave: 1: n24[0m
    |---> SÃ­mbolo: n24, CategorÃ­a: (6)ID, DeclaraciÃ³n: (0)VARIABLE, Scope: 2, Type: tas_claro, Informacion: Sisa , Value: true

[1;35m[5m    Clave: 2: n17[0m
    |---> SÃ­mbolo: n17, CategorÃ­a: (6)ID, DeclaraciÃ³n: (0)VARIABLE, Scope: 2, Type: tas_claro, Informacion: Nolsa , Value: false

[1;35m[5m    Clave: 3: n16[0m
    |---> SÃ­mbolo: n16, CategorÃ­a: (6)ID, DeclaraciÃ³n: (0)VARIABLE, Scope: 2, Type: tas_claro, Informacion: Sisa , Value: true

[1;35m[5m    Clave: 4: n12[0m
    |---> SÃ­mbolo: n12, CategorÃ­a: (6)ID, DeclaraciÃ³n: (0)VARIABLE, Scope: 2, Type: tas_claro, Informacion: Nolsa , Value: false

[1;35m[5m    Clave: 5: n11[0m
    |---> SÃ­mbolo: n11, CategorÃ­a: (6)ID, DeclaraciÃ³n: (0)VARIABLE, Scope: 2, Type: tas_claro, Informacion: Sisa , Value: true

[1;35m[5m    Clave: 6: n9[0m
    |---> SÃ­mbolo: n9, CategorÃ­a: (6)ID, DeclaraciÃ³n: (0)VARIABLE, Scope: 2, Type: tas_claro, Informacion: Sisa , Value: true

[1;35m[5m    Clave: 7: n2[0m
    |---> SÃ­mbolo: n2, CategorÃ­a: (6)ID, DeclaraciÃ³n: (0)VARIABLE, Scope: 2, Type: tas_claro, Informacion: Sisa , Value: true

[1;35m[5m    Clave: 8: n5[0m
    |---> SÃ­mbolo: n5, CategorÃ­a: (6)ID, DeclaraciÃ³n: (0)VARIABLE, Scope: 2, Type: tas_claro, Informacion: Sisa , Value: true

[1;35m[5m    Clave: 9: mango[0m
    |---> SÃ­mbolo: mango, CategorÃ­a: (0)TYPE, DeclaraciÃ³n: (1)CONSTANT, Scope: 0

[1;35m[5m    Clave: 10: manguita[0m
    |---> SÃ­mbolo: manguita, CategorÃ­a: (0)TYPE, DeclaraciÃ³n: (1)CONSTANT, Scope: 0

[1;35m[5m    Clave: 11: manguangua[0m
    |---> SÃ­mbolo: manguangua, CategorÃ­a: (0)TYPE, DeclaraciÃ³n: (1)CONSTANT, Scope: 0

[1;35m[5m    Clave: 12: negro[0m
    |---> SÃ­mbolo: negro, CategorÃ­a: (0)TYPE, DeclaraciÃ³n: (1)CONSTANT, Scope: 0

[1;35m[5m    Clave: 13: n4[0m
    |---> SÃ­mbolo: n4, CategorÃ­a: (6)ID, DeclaraciÃ³n: (0)VARIABLE, Scope: 2, Type: tas_claro, Informacion: Sisa , Value: true

[1;35m[5m    Clave: 14: tas_claro[0m
    |---> SÃ­mbolo: tas_claro, CategorÃ­a: (0)TYPE, DeclaraciÃ³n: (1)CONSTANT, Scope: 0

[1;35m[5m    Clave: 15: n3[0m
    |---> SÃ­mbolo: n3, CategorÃ­a: (6)ID, DeclaraciÃ³n: (0)VARIABLE, Scope: 2, Type: tas_claro, Informacion: Sisa , Value: true

[1;35m[5m    Clave: 16: hablame[0m
    |---> SÃ­mbolo: hablame, CategorÃ­a: (1)FUNCTION, DeclaraciÃ³n: (1)CONSTANT, Scope: 0

[1;35m[5m    Clave: 17: un_coÃ±o[0m
    |---> SÃ­mbolo: un_coÃ±o, CategorÃ­a: (0)TYPE, DeclaraciÃ³n: (1)CONSTANT, Scope: 0

[1;35m[5m    Clave: 18: n10[0m
    |---> SÃ­mbolo: n10, CategorÃ­a: (6)ID, DeclaraciÃ³n: (0)VARIABLE, Scope: 2, Type: tas_claro, Informacion: Nolsa , Value: false

[1;35m[5m    Clave: 19: caramba_Ã±ero[0m
    |---> SÃ­mbolo: caramba_Ã±ero, CategorÃ­a: (0)TYPE, DeclaraciÃ³n: (1)CONSTANT, Scope: 0

[1;35m[5m    Clave: 20: se_prende[0m
    |---> SÃ­mbolo: se_prende, CategorÃ­a: (1)FUNCTION, DeclaraciÃ³n: (1)CONSTANT, Scope: 0

[1;35m[5m    Clave: 21: n21[0m
    |---> SÃ­mbolo: n21, CategorÃ­a: (6)ID, DeclaraciÃ³n: (0)VARIABLE, Scope: 2, Type: tas_claro, Informacion: Sisa , Value: true

[1;35m[5m    Clave: 22: higuerote[0m
    |---> SÃ­mbolo: higuerote, CategorÃ­a: (0)TYPE, DeclaraciÃ³n: (1)CONSTANT, Scope: 0

[1;35m[5m    Clave: 23: rescata[0m
    |---> SÃ­mbolo: rescata, CategorÃ­a: (1)FUNCTION, DeclaraciÃ³n: (1)CONSTANT, Scope: 0

[1;35m[5m    Clave: 24: n0[0m
    |---> SÃ­mbolo: n0, CategorÃ­a: (6)ID, DeclaraciÃ³n: (0)VARIABLE, Scope: 2, Type: tas_claro, Informacion: Sisa , Value: true

[1;35m[5m    Clave: 25: n1[0m
    |---> SÃ­mbolo: n1, CategorÃ­a: (6)ID, DeclaraciÃ³n: (0)VARIABLE, Scope: 2, Type: tas_claro, Informacion: Sisa , Value: true

--> Print AST? (s/n): [1;36m[5m
               =======================================================
                                   AST Representation                 
               =======================================================
[0m
Programa
|--> Main
     |--> InstrucciÃ³n | Kind: ;
          |--> InstrucciÃ³n | Kind: ;
          |    |--> InstrucciÃ³n | Kind: ;
          |    |    |--> InstrucciÃ³n | Kind: ;
          |    |    |    |--> InstrucciÃ³n | Kind: ;
          |    |    |    |    |--> InstrucciÃ³n | Kind: ;
          |    |    |    |    |    |--> InstrucciÃ³n | Kind: ;
          |    |    |    |    |    |    |--> InstrucciÃ³n | Kind: ;
          |    |    |    |    |    |    |    |--> InstrucciÃ³n | Kind: ;
          |    |    |    |    |    |    |    |    |--> InstrucciÃ³n | Kind: ;
          |    |    |    |    |    |    |    |    |    |--> InstrucciÃ³n | Kind: ;
          |    |    |    |    |    |    |    |    |    |    |--> InstrucciÃ³n | Kind: ;
          |    |    |    |    |    |    |    |    |    |    |    |--> InstrucciÃ³n | Kind: ;
          |    |    |    |    |    |    |    |    |    |    |    |    |--> AsignaciÃ³n | Kind: =
          |    |    |    |    |    |    |    |    |    |    |    |    |    |--> n0 | Category: DeclaraciÃ³n | Type: tas_claro | Kind: VARIABLE
          |    |    |    |    |    |    |    |    |    |    |    |    |    |--> lidel | Category: OperaciÃ³n | Type: tas_claro | Kind: Booleana | Value: 1
          |    |    |    |    |    |    |    |    |    |    |    |    |         |--> Literal | Category: NumÃ©rico | Type: mango | Value: 3
          |    |    |    |    |    |    |    |    |    |    |    |    |         |--> Literal | Category: NumÃ©rico | Type: mango | Value: 3
          |    |    |    |    |    |    |    |    |    |    |    |    |--> AsignaciÃ³n | Kind: =
          |    |    |    |    |    |    |    |    |    |    |    |         |--> n1 | Category: DeclaraciÃ³n | Type: tas_claro | Kind: VARIABLE
          |    |    |    |    |    |    |    |    |    |    |    |         |--> lidel | Category: OperaciÃ³n | Type: tas_claro | Kind: Booleana | Value: 1
          |    |    |    |    |    |    |    |    |    |    |    |              |--> Literal | Category: NumÃ©rico | Type: mango | Value: 3
          |    |    |    |    |    |    |    |    |    |    |    |              |--> Literal | Category: NumÃ©rico | Type: mango | Value: 2
          |    |    |    |    |    |    |    |    |    |    |    |--> AsignaciÃ³n | Kind: =
          |    |    |    |    |    |    |    |    |    |    |         |--> n2 | Category: DeclaraciÃ³n | Type: tas_claro | Kind: VARIABLE
          |    |    |    |    |    |    |    |    |    |    |         |--> lidel | Category: OperaciÃ³n | Type: tas_claro | Kind: Booleana | Value: 1
          |    |    |    |    |    |    |    |    |    |    |              |--> Literal | Category: NumÃ©rico | Type: mango | Value: 3
          |    |    |    |    |    |    |    |    |    |    |              |--> Literal | Category: NumÃ©rico | Type: manguita | Value: 3
          |    |    |    |    |    |    |    |    |    |    |--> AsignaciÃ³n | Kind: =
          |    |    |    |    |    |    |    |    |    |         |--> n3 | Category: DeclaraciÃ³n | Type: tas_claro | Kind: VARIABLE
          |    |    |    |    |    |    |    |    |    |         |--> lidel | Category: OperaciÃ³n | Type: tas_claro | Kind: Booleana | Value: 1
          |    |    |    |    |    |    |    |    |    |              |--> Literal | Category: NumÃ©rico | Type: mango | Value: 3
          |    |    |    |    |    |    |    |    |    |              |--> Literal | Category: NumÃ©rico | Type: manguita | Value: 2
          |    |    |    |    |    |    |    |    |    |--> AsignaciÃ³n | Kind: =
          |    |    |    |    |    |    |    |    |         |--> n4 | Category: DeclaraciÃ³n | Type: tas_claro | Kind: VARIABLE
          |    |    |    |    |    |    |    |    |         |--> lidel | Category: OperaciÃ³n | Type: tas_claro | Kind: Booleana | Value: 1
          |    |    |    |    |    |    |    |    |              |--> Literal | Category: NumÃ©rico | Type: mango | Value: 3
          |    |    |    |    |    |    |    |    |              |--> Literal | Category: NumÃ©rico | Type: manguangua | Value: 3
          |    |    |    |    |    |    |    |    |--> AsignaciÃ³n | Kind: =
          |    |    |    |    |    |    |    |         |--> n5 | Category: DeclaraciÃ³n | Type: tas_claro | Kind: VARIABLE
          |    |    |    |    |    |    |    |         |--> lidel | Category: OperaciÃ³n | Type: tas_claro | Kind: Booleana | Value: 1
          |    |    |    |    |    |    |    |              |--> Literal | Category: NumÃ©rico | Type: mango | Value: 3
          |    |    |    |    |    |    |    |              |--> Literal | Category: NumÃ©rico | Type: manguangua | Value: 2
          |    |    |    |    |    |    |    |--> AsignaciÃ³n | Kind: =
          |    |    |    |    |    |    |         |--> n9 | Category: DeclaraciÃ³n | Type: tas_claro | Kind: VARIABLE
          |    |    |    |    |    |    |         |--> lidel | Category: OperaciÃ³n | Type: tas_claro | Kind: Booleana | Value: 1
          |    |    |    |    |    |    |              |--> Literal | Category: NumÃ©rico | Type: manguita | Value: 3.2
          |    |    |    |    |    |    |              |--> Literal | Category: NumÃ©rico | Type: manguita | Value: 3.2
          |    |    |    |    |    |    |--> AsignaciÃ³n | Kind: =
          |    |    |    |    |    |         |--> n10 | Category: DeclaraciÃ³n | Type: tas_claro | Kind: VARIABLE
          |    |    |    |    |    |         |--> lidel | Category: OperaciÃ³n | Type: tas_claro | Kind: Booleana | Value: 0
          |    |    |    |    |    |              |--> Literal | Category: NumÃ©rico | Type: manguita | Value: 3.2
          |    |    |    |    |    |              |--> Literal | Category: NumÃ©rico | Type: manguita | Value: 3.21
          |    |    |    |    |    |--> AsignaciÃ³n | Kind: =
          |    |    |    |    |         |--> n11 | Category: DeclaraciÃ³n | Type: tas_claro | Kind: VARIABLE
          |    |    |    |    |         |--> lidel | Category: OperaciÃ³n | Type: tas_claro | Kind: Booleana | Value: 1
          |    |    |    |    |              |--> Literal | Category: NumÃ©rico | Type: manguita | Value: 3.2
          |    |    |    |    |              |--> Literal | Category: NumÃ©rico | Type: manguangua | Value: 3.2
          |    |    |    |    |--> AsignaciÃ³n | Kind: =
          |    |    |    |         |--> n12 | Category: DeclaraciÃ³n | Type: tas_claro | Kind: VARIABLE
          |    |    |    |         |--> lidel | Category: OperaciÃ³n | Type: tas_claro | Kind: Booleana | Value: 0
          |    |    |    |              |--> Literal | Category: NumÃ©rico | Type: manguita | Value: 3.2
          |    |    |    |              |--> Literal | Category: NumÃ©rico | Type: manguangua | Value: 3.21
          |    |    |    |--> AsignaciÃ³n | Kind: =
          |    |    |         |--> n16 | Category: DeclaraciÃ³n | Type: tas_claro | Kind: VARIABLE
          |    |    |         |--> lidel | Category: OperaciÃ³n | Type: tas_claro | Kind: Booleana | Value: 1
          |    |    |              |--> Literal | Category: NumÃ©rico | Type: manguangua | Value: 3.2
          |    |    |              |--> Literal | Category: NumÃ©rico | Type: manguangua | Value: 3.2
          |    |    |--> AsignaciÃ³n | Kind: =
          |    |         |--> n17 | Category: DeclaraciÃ³n | Type: tas_claro | Kind: VARIABLE
          |    |         |--> lidel | Category: OperaciÃ³n | Type: tas_claro | Kind: Booleana | Value: 0
          |    |              |--> Literal | Category: NumÃ©rico | Type: manguangua | Value: 3.2
          |    |              |--> Literal | Category: NumÃ©rico | Type: manguangua | Value: 3.21
          |    |--> AsignaciÃ³n | Kind: =
          |         |--> n21 | Category: DeclaraciÃ³n | Type: tas_claro | Kind: VARIABLE
          |         |--> lidel | Category: OperaciÃ³n | Type: tas_claro | Kind: Booleana | Value: 1
          |              |--> Literal | Category: Caracter | Type: negro | Value: 'h'
          |              |--> Literal | Category: Caracter | Type: negro | Value: 'h'
          |--> AsignaciÃ³n | Kind: =
               |--> n24 | Category: DeclaraciÃ³n | Type: tas_claro | Kind: VARIABLE
               |--> lidel | Category: OperaciÃ³n | Type: tas_claro | Kind: Booleana | Value: 1
                    |--> Literal | Category: Cadena de Caracteres | Type: higuerote | Value: "hola"
                    |--> Literal | Category: Cadena de Caracteres | Type: higuerote | Value: "hola"
--> Print TAC? (s/n): --> Print Control Flow Graphs? (s/n): --> Generate Assemble Code? (s/n): [1;32m[5m
               =======================================================
                       ---->       Correct Program       <----        
               =======================================================
[0m
| Hay un poquito de cÃ³digo en tu marihuana d:-]
